<html>
<body>
<pre>
<h1>µVision Build Log</h1>
<h2>Tool Versions:</h2>
IDE-Version: ¦ÌVision V5.38.0.0
Copyright (C) 2022 ARM Ltd and ARM Germany GmbH. All rights reserved.
License Information: 1 1, 1, LIC=ATTQ1-CXV77-45GT5-GM18C-B0KQU-J2N46
 
Tool Versions:
Toolchain:       MDK-ARM Plus  Version: 5.38.0.0
Toolchain Path:  G:\KeilFile\ARM\ARMCLANG\Bin
C Compiler:      ArmClang.exe V6.19
Assembler:       Armasm.exe V6.19
Linker/Locator:  ArmLink.exe V6.19
Library Manager: ArmAr.exe V6.19
Hex Converter:   FromElf.exe V6.19
CPU DLL:         SARMCM3.DLL V5.38.0.0
Dialog DLL:      DCM.DLL V1.17.5.0
Target DLL:      Segger\JL2CM3.dll V2.99.42.0
Dialog DLL:      TCM.DLL V1.56.4.0
 
<h2>Project:</h2>
g:\KeilProject File\stm32_project\balance_car_project\USER\Template.uvprojx
Project File Date:  07/09/2024

<h2>Output:</h2>
*** Using Compiler 'V6.19', folder: 'G:\KeilFile\ARM\ARMCLANG\Bin'
*** Warning: You are compiling one or more files of source type C++ and have selected 'use MicroLIB'. MicroLIB does not support C++!
  
Build target 'Template'
main.cpp(17): warning: In file included from...
../Lib\pid.h(3): warning: In file included from...
../Lib/lib.h(96): warning: anonymous non-C-compatible type given name for linkage purposes by typedef declaration; add a tag name here [-Wnon-c-typedef-for-linkage]
typedef struct
              ^
               PID
../Lib/lib.h(100): note: type is not C-compatible due to this default member initializer
   int16_t error=target_value-current_value;
                 ^~~~~~~~~~~~~~~~~~~~~~~~~~
../Lib/lib.h(108): note: type is given name 'PID' for linkage purposes by this typedef declaration
}PID;
 ^
main.cpp(17): warning: In file included from...
../Lib\pid.h(1): warning: '__pid_h__' is used as a header guard here, followed by #define of a different macro [-Wheader-guard]
#ifndef __pid_h__
        ^~~~~~~~~
../Lib\pid.h(2): note: '__pid_h_' is defined here; did you mean '__pid_h__'?
#define __pid_h_
        ^~~~~~~~
        __pid_h__
main.cpp(17): warning: In file included from...
../Lib\pid.h(3): warning: In file included from...
../Lib\lib.h(100): warning: field 'target_value' is uninitialized when used here [-Wuninitialized]
   int16_t error=target_value-current_value;
                 ^
main.cpp(33): note: in implicit default constructor for 'PID' first required here
PID pide,pids,pidtr,pidtl,pidsr,pidsl;
    ^
../Lib\lib.h(96): note: during field initialization in the implicit default constructor
typedef struct
        ^
../Lib\lib.h(100): warning: field 'current_value' is uninitialized when used here [-Wuninitialized]
   int16_t error=target_value-current_value;
                              ^
../Lib\lib.h(96): note: during field initialization in the implicit default constructor
typedef struct
        ^
main.cpp(71): warning: ISO C++11 does not allow conversion from string literal to 'char *' [-Wwritable-strings]
        OLED_Printf(0,0,OLED_8X16,"rol:%5d",(short)(roll*10));
                                  ^
main.cpp(72): warning: ISO C++11 does not allow conversion from string literal to 'char *' [-Wwritable-strings]
        OLED_Printf(0,16,OLED_8X16,"pit:%5d",(short)(pitch*10));
                                   ^
main.cpp(85): warning: ISO C++11 does not allow conversion from string literal to 'char *' [-Wwritable-strings]
        OLED_Printf(0,0,OLED_8X16,"rol:%5d",(short)(roll*10));
                                  ^
main.cpp(86): warning: ISO C++11 does not allow conversion from string literal to 'char *' [-Wwritable-strings]
        OLED_Printf(0,16,OLED_8X16,"pit:%5d",(short)(pitch*10));
                                   ^
8 warnings generated.
compiling main.cpp...
linking...
Program Size: Code=45376 RO-data=6568 RW-data=172 ZI-data=2712  
FromELF: creating hex file...
"..\OBJ\Template.axf" - 0 Error(s), 8 Warning(s).

<h2>Software Packages used:</h2>

Package Vendor: ARM
                http://www.keil.com/pack/ARM.CMSIS.5.9.0.pack
                ARM.CMSIS.5.9.0
                CMSIS (Common Microcontroller Software Interface Standard)
   * Component: CORE Version: 5.6.0

Package Vendor: Keil
                http://www.keil.com/pack/Keil.STM32F4xx_DFP.2.15.0.pack
                Keil.STM32F4xx_DFP.2.15.0
                STMicroelectronics STM32F4 Series Device Support, Drivers and Examples

<h2>Collection of Component include folders:</h2>
  ./RTE/_Template
  G:/KeilFile/Packs/ARM/CMSIS/5.9.0/CMSIS/Core/Include
  G:/KeilFile/Packs/Keil/STM32F4xx_DFP/2.15.0/Drivers/CMSIS/Device/ST/STM32F4xx/Include

<h2>Collection of Component Files used:</h2>

   * Component: ARM::CMSIS:CORE:5.6.0
Build Time Elapsed:  00:00:01
</pre>
</body>
</html>
