Component: Arm Compiler for Embedded 6.22 Tool: armlink [5ee90200]

==============================================================================

Section Cross References

    stm32f4xx_it.o(.ARM.exidx) refers to stm32f4xx_it.o(.text) for [Anonymous Symbol]
    system_stm32f4xx.o(.text) refers to system_stm32f4xx.o(.data.SystemCoreClock) for SystemCoreClock
    system_stm32f4xx.o(.text) refers to system_stm32f4xx.o(.rodata.AHBPrescTable) for AHBPrescTable
    system_stm32f4xx.o(.ARM.exidx) refers to system_stm32f4xx.o(.text) for [Anonymous Symbol]
    main.o(.text) refers to delay.o(.text) for delay_init
    main.o(.text) refers to usart.o(.text) for uart_init
    main.o(.text) refers to oled.o(.text) for OLED_Init
    main.o(.text) refers to inv_mpu.o(.text) for mpu_dmp_init
    main.o(.text) refers to lib.o(.text) for TIM_config(TIM_TypeDef*, unsigned short, unsigned int, FunctionalState, unsigned char)
    main.o(.text) refers to main.o(.bss.OCAdder_lelf) for OCAdder_lelf
    main.o(.text) refers to main.o(.bss.OCAdder_right) for OCAdder_right
    main.o(.text) refers to main.o(.bss.ICAdder_lelf) for ICAdder_lelf
    main.o(.text) refers to main.o(.bss.ICAdder_right) for ICAdder_right
    main.o(.text) refers to stm32f4xx_tim.o(.text) for TIM_Cmd
    main.o(.text) refers to main.o(.data.IN1) for IN1
    main.o(.text) refers to stm32f4xx_rcc.o(.text) for RCC_AHB1PeriphClockCmd
    main.o(.text) refers to stm32f4xx_gpio.o(.text) for GPIO_StructInit
    main.o(.text) refers to new.cpp.o(__lcxx_override) for operator new(unsigned int)
    main.o(.text) refers to main.o(.data.IN2) for IN2
    main.o(.text) refers to main.o(.data.IN3) for IN3
    main.o(.text) refers to main.o(.data.IN4) for IN4
    main.o(.text) refers to main.o(.bss.pideAdder) for pideAdder
    main.o(.text) refers to main.o(.bss.pidsAdder) for pidsAdder
    main.o(.text) refers to main.o(.bss.pitch) for pitch
    main.o(.text) refers to main.o(.bss.gy) for gy
    main.o(.text) refers to main.o(.data.angle_target) for angle_target
    main.o(.text) refers to main.o(.bss.roll) for roll
    main.o(.text) refers to main.o(.bss.yaw) for yaw
    main.o(.text) refers to test.o(.text) for speed_erect_PID(PID*, PID*, short, short, short)
    main.o(.text) refers to main.o(.bss.result) for result
    main.o(.text) refers to f2d.o(.text) for __aeabi_f2d
    main.o(.text) refers to main.o(.bss.gx) for gx
    main.o(.text) refers to main.o(.bss.gz) for gz
    main.o(.text) refers to mpu6050.o(.text) for MPU_Get_Gyroscope
    main.o(.text) refers to main.o(.bss.left_speed) for left_speed
    main.o(.text) refers to main.o(.bss.right_speed) for right_speed
    main.o(.ARM.exidx) refers to main.o(.text) for [Anonymous Symbol]
    startup_stm32f40_41xxx.o(RESET) refers to startup_stm32f40_41xxx.o(STACK) for __initial_sp
    startup_stm32f40_41xxx.o(RESET) refers to startup_stm32f40_41xxx.o(.text) for Reset_Handler
    startup_stm32f40_41xxx.o(RESET) refers to stm32f4xx_it.o(.text) for NMI_Handler
    startup_stm32f40_41xxx.o(RESET) refers to usart.o(.text) for USART1_IRQHandler
    startup_stm32f40_41xxx.o(.text) refers to system_stm32f4xx.o(.text) for SystemInit
    startup_stm32f40_41xxx.o(.text) refers to entry.o(.ARM.Collect$$$$00000000) for __main
    misc.o(.ARM.exidx) refers to misc.o(.text) for [Anonymous Symbol]
    stm32f4xx_adc.o(.text) refers to stm32f4xx_rcc.o(.text) for RCC_APB2PeriphResetCmd
    stm32f4xx_adc.o(.ARM.exidx) refers to stm32f4xx_adc.o(.text) for [Anonymous Symbol]
    stm32f4xx_can.o(.text) refers to stm32f4xx_rcc.o(.text) for RCC_APB1PeriphResetCmd
    stm32f4xx_can.o(.ARM.exidx) refers to stm32f4xx_can.o(.text) for [Anonymous Symbol]
    stm32f4xx_crc.o(.ARM.exidx) refers to stm32f4xx_crc.o(.text) for [Anonymous Symbol]
    stm32f4xx_cryp.o(.text) refers to stm32f4xx_rcc.o(.text) for RCC_AHB2PeriphResetCmd
    stm32f4xx_cryp.o(.ARM.exidx) refers to stm32f4xx_cryp.o(.text) for [Anonymous Symbol]
    stm32f4xx_cryp_aes.o(.text) refers to stm32f4xx_cryp.o(.text) for CRYP_KeyStructInit
    stm32f4xx_cryp_aes.o(.text) refers to memseta.o(.text) for __aeabi_memclr
    stm32f4xx_cryp_aes.o(.text) refers to memcpya.o(.text) for __aeabi_memcpy
    stm32f4xx_cryp_aes.o(.ARM.exidx) refers to stm32f4xx_cryp_aes.o(.text) for [Anonymous Symbol]
    stm32f4xx_cryp_des.o(.text) refers to stm32f4xx_cryp.o(.text) for CRYP_KeyStructInit
    stm32f4xx_cryp_des.o(.ARM.exidx) refers to stm32f4xx_cryp_des.o(.text) for [Anonymous Symbol]
    stm32f4xx_cryp_tdes.o(.text) refers to stm32f4xx_cryp.o(.text) for CRYP_KeyStructInit
    stm32f4xx_cryp_tdes.o(.ARM.exidx) refers to stm32f4xx_cryp_tdes.o(.text) for [Anonymous Symbol]
    stm32f4xx_dac.o(.text) refers to stm32f4xx_rcc.o(.text) for RCC_APB1PeriphResetCmd
    stm32f4xx_dac.o(.ARM.exidx) refers to stm32f4xx_dac.o(.text) for [Anonymous Symbol]
    stm32f4xx_dbgmcu.o(.ARM.exidx) refers to stm32f4xx_dbgmcu.o(.text) for [Anonymous Symbol]
[...]
    UsageFault_Handler                       0x080001ad   Thumb Code     2  stm32f4xx_it.o(.text)
    SVC_Handler                              0x080001b1   Thumb Code     2  stm32f4xx_it.o(.text)
    DebugMon_Handler                         0x080001b5   Thumb Code     2  stm32f4xx_it.o(.text)
    PendSV_Handler                           0x080001b9   Thumb Code     2  stm32f4xx_it.o(.text)
    SysTick_Handler                          0x080001bd   Thumb Code     2  stm32f4xx_it.o(.text)
    SystemInit                               0x080001c1   Thumb Code   250  system_stm32f4xx.o(.text)
    SystemCoreClockUpdate                    0x080002bd   Thumb Code   134  system_stm32f4xx.o(.text)
    main                                     0x08000345   Thumb Code   936  main.o(.text)
    TIM1_UP_IRQHandler                       0x08000715   Thumb Code   122  main.o(.text)
    Reset_Handler                            0x08000791   Thumb Code     8  startup_stm32f40_41xxx.o(.text)
    ADC_IRQHandler                           0x080007ab   Thumb Code     0  startup_stm32f40_41xxx.o(.text)
    CAN1_RX0_IRQHandler                      0x080007ab   Thumb Code     0  startup_stm32f40_41xxx.o(.text)
    CAN1_RX1_IRQHandler                      0x080007ab   Thumb Code     0  startup_stm32f40_41xxx.o(.text)
    CAN1_SCE_IRQHandler                      0x080007ab   Thumb Code     0  startup_stm32f40_41xxx.o(.text)
    CAN1_TX_IRQHandler                       0x080007ab   Thumb Code     0  startup_stm32f40_41xxx.o(.text)
    CAN2_RX0_IRQHandler                      0x080007ab   Thumb Code     0  startup_stm32f40_41xxx.o(.text)
    CAN2_RX1_IRQHandler                      0x080007ab   Thumb Code     0  startup_stm32f40_41xxx.o(.text)
    CAN2_SCE_IRQHandler                      0x080007ab   Thumb Code     0  startup_stm32f40_41xxx.o(.text)
    CAN2_TX_IRQHandler                       0x080007ab   Thumb Code     0  startup_stm32f40_41xxx.o(.text)
    CRYP_IRQHandler                          0x080007ab   Thumb Code     0  startup_stm32f40_41xxx.o(.text)
    DCMI_IRQHandler                          0x080007ab   Thumb Code     0  startup_stm32f40_41xxx.o(.text)
    DMA1_Stream0_IRQHandler                  0x080007ab   Thumb Code     0  startup_stm32f40_41xxx.o(.text)
    DMA1_Stream1_IRQHandler                  0x080007ab   Thumb Code     0  startup_stm32f40_41xxx.o(.text)
    DMA1_Stream2_IRQHandler                  0x080007ab   Thumb Code     0  startup_stm32f40_41xxx.o(.text)
    DMA1_Stream3_IRQHandler                  0x080007ab   Thumb Code     0  startup_stm32f40_41xxx.o(.text)
    DMA1_Stream4_IRQHandler                  0x080007ab   Thumb Code     0  startup_stm32f40_41xxx.o(.text)
    DMA1_Stream5_IRQHandler                  0x080007ab   Thumb Code     0  startup_stm32f40_41xxx.o(.text)
    DMA1_Stream6_IRQHandler                  0x080007ab   Thumb Code     0  startup_stm32f40_41xxx.o(.text)
    DMA1_Stream7_IRQHandler                  0x080007ab   Thumb Code     0  startup_stm32f40_41xxx.o(.text)
    DMA2_Stream0_IRQHandler                  0x080007ab   Thumb Code     0  startup_stm32f40_41xxx.o(.text)
    DMA2_Stream1_IRQHandler                  0x080007ab   Thumb Code     0  startup_stm32f40_41xxx.o(.text)
    DMA2_Stream2_IRQHandler                  0x080007ab   Thumb Code     0  startup_stm32f40_41xxx.o(.text)
    DMA2_Stream3_IRQHandler                  0x080007ab   Thumb Code     0  startup_stm32f40_41xxx.o(.text)
    DMA2_Stream4_IRQHandler                  0x080007ab   Thumb Code     0  startup_stm32f40_41xxx.o(.text)
    DMA2_Stream5_IRQHandler                  0x080007ab   Thumb Code     0  startup_stm32f40_41xxx.o(.text)
    DMA2_Stream6_IRQHandler                  0x080007ab   Thumb Code     0  startup_stm32f40_41xxx.o(.text)
    DMA2_Stream7_IRQHandler                  0x080007ab   Thumb Code     0  startup_stm32f40_41xxx.o(.text)
    ETH_IRQHandler                           0x080007ab   Thumb Code     0  startup_stm32f40_41xxx.o(.text)
    ETH_WKUP_IRQHandler                      0x080007ab   Thumb Code     0  startup_stm32f40_41xxx.o(.text)
    EXTI0_IRQHandler                         0x080007ab   Thumb Code     0  startup_stm32f40_41xxx.o(.text)
    EXTI15_10_IRQHandler                     0x080007ab   Thumb Code     0  startup_stm32f40_41xxx.o(.text)
    EXTI1_IRQHandler                         0x080007ab   Thumb Code     0  startup_stm32f40_41xxx.o(.text)
    EXTI2_IRQHandler                         0x080007ab   Thumb Code     0  startup_stm32f40_41xxx.o(.text)
    EXTI3_IRQHandler                         0x080007ab   Thumb Code     0  startup_stm32f40_41xxx.o(.text)
    EXTI4_IRQHandler                         0x080007ab   Thumb Code     0  startup_stm32f40_41xxx.o(.text)
    EXTI9_5_IRQHandler                       0x080007ab   Thumb Code     0  startup_stm32f40_41xxx.o(.text)
    FLASH_IRQHandler                         0x080007ab   Thumb Code     0  startup_stm32f40_41xxx.o(.text)
    FPU_IRQHandler                           0x080007ab   Thumb Code     0  startup_stm32f40_41xxx.o(.text)
    FSMC_IRQHandler                          0x080007ab   Thumb Code     0  startup_stm32f40_41xxx.o(.text)
    HASH_RNG_IRQHandler                      0x080007ab   Thumb Code     0  startup_stm32f40_41xxx.o(.text)
    I2C1_ER_IRQHandler                       0x080007ab   Thumb Code     0  startup_stm32f40_41xxx.o(.text)
    I2C1_EV_IRQHandler                       0x080007ab   Thumb Code     0  startup_stm32f40_41xxx.o(.text)
    I2C2_ER_IRQHandler                       0x080007ab   Thumb Code     0  startup_stm32f40_41xxx.o(.text)
    I2C2_EV_IRQHandler                       0x080007ab   Thumb Code     0  startup_stm32f40_41xxx.o(.text)
    I2C3_ER_IRQHandler                       0x080007ab   Thumb Code     0  startup_stm32f40_41xxx.o(.text)
    I2C3_EV_IRQHandler                       0x080007ab   Thumb Code     0  startup_stm32f40_41xxx.o(.text)
    OTG_FS_IRQHandler                        0x080007ab   Thumb Code     0  startup_stm32f40_41xxx.o(.text)
    OTG_FS_WKUP_IRQHandler                   0x080007ab   Thumb Code     0  startup_stm32f40_41xxx.o(.text)
    OTG_HS_EP1_IN_IRQHandler                 0x080007ab   Thumb Code     0  startup_stm32f40_41xxx.o(.text)
    OTG_HS_EP1_OUT_IRQHandler                0x080007ab   Thumb Code     0  startup_stm32f40_41xxx.o(.text)
    OTG_HS_IRQHandler                        0x080007ab   Thumb Code     0  startup_stm32f40_41xxx.o(.text)
    OTG_HS_WKUP_IRQHandler                   0x080007ab   Thumb Code     0  startup_stm32f40_41xxx.o(.text)
    PVD_IRQHandler                           0x080007ab   Thumb Code     0  startup_stm32f40_41xxx.o(.text)
    RCC_IRQHandler                           0x080007ab   Thumb Code     0  startup_stm32f40_41xxx.o(.text)
    RTC_Alarm_IRQHandler                     0x080007ab   Thumb Code     0  startup_stm32f40_41xxx.o(.text)
    RTC_WKUP_IRQHandler                      0x080007ab   Thumb Code     0  startup_stm32f40_41xxx.o(.text)
    SDIO_IRQHandler                          0x080007ab   Thumb Code     0  startup_stm32f40_41xxx.o(.text)
    SPI1_IRQHandler                          0x080007ab   Thumb Code     0  startup_stm32f40_41xxx.o(.text)
    SPI2_IRQHandler                          0x080007ab   Thumb Code     0  startup_stm32f40_41xxx.o(.text)
    SPI3_IRQHandler                          0x080007ab   Thumb Code     0  startup_stm32f40_41xxx.o(.text)
    TAMP_STAMP_IRQHandler                    0x080007ab   Thumb Code     0  startup_stm32f40_41xxx.o(.text)
    TIM1_BRK_TIM9_IRQHandler                 0x080007ab   Thumb Code     0  startup_stm32f40_41xxx.o(.text)
    TIM1_CC_IRQHandler                       0x080007ab   Thumb Code     0  startup_stm32f40_41xxx.o(.text)
    TIM1_TRG_COM_TIM11_IRQHandler            0x080007ab   Thumb Code     0  startup_stm32f40_41xxx.o(.text)
    TIM1_UP_TIM10_IRQHandler                 0x080007ab   Thumb Code     0  startup_stm32f40_41xxx.o(.text)
    TIM2_IRQHandler                          0x080007ab   Thumb Code     0  startup_stm32f40_41xxx.o(.text)
    TIM3_IRQHandler                          0x080007ab   Thumb Code     0  startup_stm32f40_41xxx.o(.text)
    TIM4_IRQHandler                          0x080007ab   Thumb Code     0  startup_stm32f40_41xxx.o(.text)
    TIM5_IRQHandler                          0x080007ab   Thumb Code     0  startup_stm32f40_41xxx.o(.text)
    TIM6_DAC_IRQHandler                      0x080007ab   Thumb Code     0  startup_stm32f40_41xxx.o(.text)
    TIM7_IRQHandler                          0x080007ab   Thumb Code     0  startup_stm32f40_41xxx.o(.text)
    TIM8_BRK_TIM12_IRQHandler                0x080007ab   Thumb Code     0  startup_stm32f40_41xxx.o(.text)
    TIM8_CC_IRQHandler                       0x080007ab   Thumb Code     0  startup_stm32f40_41xxx.o(.text)
    TIM8_TRG_COM_TIM14_IRQHandler            0x080007ab   Thumb Code     0  startup_stm32f40_41xxx.o(.text)
    TIM8_UP_TIM13_IRQHandler                 0x080007ab   Thumb Code     0  startup_stm32f40_41xxx.o(.text)
    UART4_IRQHandler                         0x080007ab   Thumb Code     0  startup_stm32f40_41xxx.o(.text)
    UART5_IRQHandler                         0x080007ab   Thumb Code     0  startup_stm32f40_41xxx.o(.text)
    USART2_IRQHandler                        0x080007ab   Thumb Code     0  startup_stm32f40_41xxx.o(.text)
    USART3_IRQHandler                        0x080007ab   Thumb Code     0  startup_stm32f40_41xxx.o(.text)
    USART6_IRQHandler                        0x080007ab   Thumb Code     0  startup_stm32f40_41xxx.o(.text)
    WWDG_IRQHandler                          0x080007ab   Thumb Code     0  startup_stm32f40_41xxx.o(.text)
    NVIC_PriorityGroupConfig                 0x080007b5   Thumb Code    20  misc.o(.text)
    NVIC_Init                                0x080007c9   Thumb Code    98  misc.o(.text)
    NVIC_SetVectorTable                      0x0800082d   Thumb Code    24  misc.o(.text)
    NVIC_SystemLPConfig                      0x08000845   Thumb Code    24  misc.o(.text)
    SysTick_CLKSourceConfig                  0x0800085d   Thumb Code    24  misc.o(.text)
    ADC_DeInit                               0x08000875   Thumb Code    26  stm32f4xx_adc.o(.text)
    ADC_Init                                 0x08000891   Thumb Code    88  stm32f4xx_adc.o(.text)
    ADC_StructInit                           0x080008e9   Thumb Code    18  stm32f4xx_adc.o(.text)
    ADC_CommonInit                           0x080008fd   Thumb Code    50  stm32f4xx_adc.o(.text)
    ADC_CommonStructInit                     0x08000931   Thumb Code    12  stm32f4xx_adc.o(.text)
    ADC_Cmd                                  0x0800093d   Thumb Code    16  stm32f4xx_adc.o(.text)
    ADC_AnalogWatchdogCmd                    0x0800094d   Thumb Code    18  stm32f4xx_adc.o(.text)
    ADC_AnalogWatchdogThresholdsConfig       0x08000961   Thumb Code     6  stm32f4xx_adc.o(.text)
    ADC_AnalogWatchdogSingleChannelConfig    0x08000969   Thumb Code    12  stm32f4xx_adc.o(.text)
    ADC_TempSensorVrefintCmd                 0x08000975   Thumb Code    26  stm32f4xx_adc.o(.text)
    ADC_VBATCmd                              0x08000991   Thumb Code    26  stm32f4xx_adc.o(.text)
    ADC_RegularChannelConfig                 0x080009ad   Thumb Code    96  stm32f4xx_adc.o(.text)
    ADC_SoftwareStartConv                    0x08000a0d   Thumb Code    10  stm32f4xx_adc.o(.text)
    ADC_GetSoftwareStartConvStatus           0x08000a19   Thumb Code     8  stm32f4xx_adc.o(.text)
    ADC_EOCOnEachRegularChannelCmd           0x08000a21   Thumb Code    18  stm32f4xx_adc.o(.text)
    ADC_ContinuousModeCmd                    0x08000a35   Thumb Code    16  stm32f4xx_adc.o(.text)
    ADC_DiscModeChannelCountConfig           0x08000a45   Thumb Code    24  stm32f4xx_adc.o(.text)
    ADC_DiscModeCmd                          0x08000a5d   Thumb Code    18  stm32f4xx_adc.o(.text)
    ADC_GetConversionValue                   0x08000a71   Thumb Code     6  stm32f4xx_adc.o(.text)
    ADC_GetMultiModeConversionValue          0x08000a79   Thumb Code    12  stm32f4xx_adc.o(.text)
    ADC_DMACmd                               0x08000a85   Thumb Code    18  stm32f4xx_adc.o(.text)
    ADC_DMARequestAfterLastTransferCmd       0x08000a99   Thumb Code    18  stm32f4xx_adc.o(.text)
    ADC_MultiModeDMARequestAfterLastTransferCmd 0x08000aad   Thumb Code    26  stm32f4xx_adc.o(.text)
    ADC_InjectedChannelConfig                0x08000ac9   Thumb Code    80  stm32f4xx_adc.o(.text)
    ADC_InjectedSequencerLengthConfig        0x08000b19   Thumb Code    22  stm32f4xx_adc.o(.text)
    ADC_SetInjectedOffset                    0x08000b31   Thumb Code    22  stm32f4xx_adc.o(.text)
    ADC_ExternalTrigInjectedConvConfig       0x08000b49   Thumb Code    12  stm32f4xx_adc.o(.text)
    ADC_ExternalTrigInjectedConvEdgeConfig   0x08000b55   Thumb Code    12  stm32f4xx_adc.o(.text)
    ADC_SoftwareStartInjectedConv            0x08000b61   Thumb Code    10  stm32f4xx_adc.o(.text)
    ADC_GetSoftwareStartInjectedConvCmdStatus 0x08000b6d   Thumb Code     8  stm32f4xx_adc.o(.text)
    ADC_AutoInjectedConvCmd                  0x08000b75   Thumb Code    18  stm32f4xx_adc.o(.text)
    ADC_InjectedDiscModeCmd                  0x08000b89   Thumb Code    18  stm32f4xx_adc.o(.text)
    ADC_GetInjectedConversionValue           0x08000b9d   Thumb Code    26  stm32f4xx_adc.o(.text)
    ADC_ITConfig                             0x08000bb9   Thumb Code    24  stm32f4xx_adc.o(.text)
    ADC_GetFlagStatus                        0x08000bd1   Thumb Code    10  stm32f4xx_adc.o(.text)
    ADC_ClearFlag                            0x08000bdd   Thumb Code     6  stm32f4xx_adc.o(.text)
    ADC_GetITStatus                          0x08000be5   Thumb Code    22  stm32f4xx_adc.o(.text)
    ADC_ClearITPendingBit                    0x08000bfd   Thumb Code     8  stm32f4xx_adc.o(.text)
    DAC_DeInit                               0x08000c05   Thumb Code    26  stm32f4xx_dac.o(.text)
    DAC_Init                                 0x08000c21   Thumb Code    52  stm32f4xx_dac.o(.text)
    DAC_StructInit                           0x08000c55   Thumb Code    12  stm32f4xx_dac.o(.text)
    DAC_Cmd                                  0x08000c61   Thumb Code    30  stm32f4xx_dac.o(.text)
    DAC_SoftwareTriggerCmd                   0x08000c81   Thumb Code    32  stm32f4xx_dac.o(.text)
    DAC_DualSoftwareTriggerCmd               0x08000ca1   Thumb Code    24  stm32f4xx_dac.o(.text)
    DAC_WaveGenerationCmd                    0x08000cb9   Thumb Code    28  stm32f4xx_dac.o(.text)
    DAC_SetChannel1Data                      0x08000cd5   Thumb Code    32  stm32f4xx_dac.o(.text)
    DAC_SetChannel2Data                      0x08000cf5   Thumb Code    32  stm32f4xx_dac.o(.text)
    DAC_SetDualChannelData                   0x08000d15   Thumb Code    24  stm32f4xx_dac.o(.text)
    DAC_GetDataOutputValue                   0x08000d2d   Thumb Code    36  stm32f4xx_dac.o(.text)
    DAC_DMACmd                               0x08000d51   Thumb Code    32  stm32f4xx_dac.o(.text)
    DAC_ITConfig                             0x08000d71   Thumb Code    28  stm32f4xx_dac.o(.text)
    DAC_GetFlagStatus                        0x08000d8d   Thumb Code    22  stm32f4xx_dac.o(.text)
    DAC_ClearFlag                            0x08000da5   Thumb Code    16  stm32f4xx_dac.o(.text)
    DAC_GetITStatus                          0x08000db5   Thumb Code    36  stm32f4xx_dac.o(.text)
    DAC_ClearITPendingBit                    0x08000dd9   Thumb Code    16  stm32f4xx_dac.o(.text)
    DMA_DeInit                               0x08000de9   Thumb Code   578  stm32f4xx_dma.o(.text)
    DMA_Init                                 0x0800102d   Thumb Code   102  stm32f4xx_dma.o(.text)
    DMA_StructInit                           0x08001095   Thumb Code    10  stm32f4xx_dma.o(.text)
    DMA_Cmd                                  0x080010a1   Thumb Code    16  stm32f4xx_dma.o(.text)
    DMA_PeriphIncOffsetSizeConfig            0x080010b1   Thumb Code    18  stm32f4xx_dma.o(.text)
    DMA_FlowControllerConfig                 0x080010c5   Thumb Code    16  stm32f4xx_dma.o(.text)
    DMA_SetCurrDataCounter                   0x080010d5   Thumb Code     4  stm32f4xx_dma.o(.text)
    DMA_GetCurrDataCounter                   0x080010d9   Thumb Code     6  stm32f4xx_dma.o(.text)
    DMA_DoubleBufferModeConfig               0x080010e1   Thumb Code    20  stm32f4xx_dma.o(.text)
    DMA_DoubleBufferModeCmd                  0x080010f5   Thumb Code    18  stm32f4xx_dma.o(.text)
    DMA_MemoryTargetConfig                   0x08001109   Thumb Code    12  stm32f4xx_dma.o(.text)
    DMA_GetCurrentMemoryTarget               0x08001115   Thumb Code     8  stm32f4xx_dma.o(.text)
    DMA_GetCmdStatus                         0x0800111d   Thumb Code     8  stm32f4xx_dma.o(.text)
    DMA_GetFIFOStatus                        0x08001125   Thumb Code     8  stm32f4xx_dma.o(.text)
    DMA_GetFlagStatus                        0x0800112d   Thumb Code    68  stm32f4xx_dma.o(.text)
    DMA_ClearFlag                            0x08001171   Thumb Code    60  stm32f4xx_dma.o(.text)
    DMA_ITConfig                             0x080011ad   Thumb Code    44  stm32f4xx_dma.o(.text)
    DMA_GetITStatus                          0x080011d9   Thumb Code   100  stm32f4xx_dma.o(.text)
    DMA_ClearITPendingBit                    0x0800123d   Thumb Code    60  stm32f4xx_dma.o(.text)
    GPIO_DeInit                              0x08001279   Thumb Code    52  stm32f4xx_gpio.o(.text)
    GPIO_Init                                0x080012ad   Thumb Code   138  stm32f4xx_gpio.o(.text)
    GPIO_StructInit                          0x08001339   Thumb Code    12  stm32f4xx_gpio.o(.text)
    GPIO_PinLockConfig                       0x08001345   Thumb Code    36  stm32f4xx_gpio.o(.text)
    GPIO_ReadInputDataBit                    0x08001369   Thumb Code    10  stm32f4xx_gpio.o(.text)
    GPIO_ReadInputData                       0x08001375   Thumb Code     6  stm32f4xx_gpio.o(.text)
    GPIO_ReadOutputDataBit                   0x0800137d   Thumb Code    10  stm32f4xx_gpio.o(.text)
    GPIO_ReadOutputData                      0x08001389   Thumb Code     6  stm32f4xx_gpio.o(.text)
    GPIO_SetBits                             0x08001391   Thumb Code     4  stm32f4xx_gpio.o(.text)
    GPIO_ResetBits                           0x08001395   Thumb Code     4  stm32f4xx_gpio.o(.text)
    GPIO_WriteBit                            0x08001399   Thumb Code    10  stm32f4xx_gpio.o(.text)
    GPIO_Write                               0x080013a5   Thumb Code     4  stm32f4xx_gpio.o(.text)
    GPIO_ToggleBits                          0x080013a9   Thumb Code     8  stm32f4xx_gpio.o(.text)
    GPIO_PinAFConfig                         0x080013b1   Thumb Code    40  stm32f4xx_gpio.o(.text)
    RCC_DeInit                               0x080013d9   Thumb Code    80  stm32f4xx_rcc.o(.text)
    RCC_HSEConfig                            0x08001429   Thumb Code    16  stm32f4xx_rcc.o(.text)
    RCC_WaitForHSEStartUp                    0x08001439   Thumb Code    48  stm32f4xx_rcc.o(.text)
    RCC_GetFlagStatus                        0x08001469   Thumb Code    38  stm32f4xx_rcc.o(.text)
    RCC_AdjustHSICalibrationValue            0x08001491   Thumb Code    22  stm32f4xx_rcc.o(.text)
    RCC_HSICmd                               0x080014a9   Thumb Code    10  stm32f4xx_rcc.o(.text)
    RCC_LSEConfig                            0x080014b5   Thumb Code    30  stm32f4xx_rcc.o(.text)
    RCC_LSICmd                               0x080014d5   Thumb Code    12  stm32f4xx_rcc.o(.text)
    RCC_PLLConfig                            0x080014e1   Thumb Code    46  stm32f4xx_rcc.o(.text)
    RCC_PLLCmd                               0x08001511   Thumb Code    10  stm32f4xx_rcc.o(.text)
    RCC_PLLI2SConfig                         0x0800151d   Thumb Code    18  stm32f4xx_rcc.o(.text)
    RCC_PLLI2SCmd                            0x08001531   Thumb Code    10  stm32f4xx_rcc.o(.text)
    RCC_PLLSAIConfig                         0x0800153d   Thumb Code    22  stm32f4xx_rcc.o(.text)
    RCC_PLLSAICmd                            0x08001555   Thumb Code    10  stm32f4xx_rcc.o(.text)
    RCC_ClockSecuritySystemCmd               0x08001561   Thumb Code    10  stm32f4xx_rcc.o(.text)
    RCC_MCO1Config                           0x0800156d   Thumb Code    22  stm32f4xx_rcc.o(.text)
    RCC_MCO2Config                           0x08001585   Thumb Code    22  stm32f4xx_rcc.o(.text)
    RCC_SYSCLKConfig                         0x0800159d   Thumb Code    20  stm32f4xx_rcc.o(.text)
    RCC_GetSYSCLKSource                      0x080015b1   Thumb Code    16  stm32f4xx_rcc.o(.text)
    RCC_HCLKConfig                           0x080015c1   Thumb Code    20  stm32f4xx_rcc.o(.text)
    RCC_PCLK1Config                          0x080015d5   Thumb Code    20  stm32f4xx_rcc.o(.text)
    RCC_PCLK2Config                          0x080015e9   Thumb Code    22  stm32f4xx_rcc.o(.text)
    RCC_GetClocksFreq                        0x08001601   Thumb Code   154  stm32f4xx_rcc.o(.text)
    RCC_RTCCLKConfig                         0x0800169d   Thumb Code    50  stm32f4xx_rcc.o(.text)
    RCC_RTCCLKCmd                            0x080016d1   Thumb Code    12  stm32f4xx_rcc.o(.text)
    RCC_BackupResetCmd                       0x080016dd   Thumb Code    12  stm32f4xx_rcc.o(.text)
    RCC_I2SCLKConfig                         0x080016e9   Thumb Code    12  stm32f4xx_rcc.o(.text)
    RCC_SAIPLLI2SClkDivConfig                0x080016f5   Thumb Code    22  stm32f4xx_rcc.o(.text)
    RCC_SAIPLLSAIClkDivConfig                0x0800170d   Thumb Code    28  stm32f4xx_rcc.o(.text)
    RCC_SAIBlockACLKConfig                   0x08001729   Thumb Code    20  stm32f4xx_rcc.o(.text)
    RCC_SAIBlockBCLKConfig                   0x0800173d   Thumb Code    20  stm32f4xx_rcc.o(.text)
    RCC_LTDCCLKDivConfig                     0x08001751   Thumb Code    20  stm32f4xx_rcc.o(.text)
    RCC_TIMCLKPresConfig                     0x08001765   Thumb Code    12  stm32f4xx_rcc.o(.text)
    RCC_AHB1PeriphClockCmd                   0x08001771   Thumb Code    24  stm32f4xx_rcc.o(.text)
    RCC_AHB2PeriphClockCmd                   0x08001789   Thumb Code    24  stm32f4xx_rcc.o(.text)
    RCC_AHB3PeriphClockCmd                   0x080017a1   Thumb Code    24  stm32f4xx_rcc.o(.text)
    RCC_APB1PeriphClockCmd                   0x080017b9   Thumb Code    24  stm32f4xx_rcc.o(.text)
    RCC_APB2PeriphClockCmd                   0x080017d1   Thumb Code    24  stm32f4xx_rcc.o(.text)
    RCC_AHB1PeriphResetCmd                   0x080017e9   Thumb Code    24  stm32f4xx_rcc.o(.text)
    RCC_AHB2PeriphResetCmd                   0x08001801   Thumb Code    24  stm32f4xx_rcc.o(.text)
    RCC_AHB3PeriphResetCmd                   0x08001819   Thumb Code    24  stm32f4xx_rcc.o(.text)
    RCC_APB1PeriphResetCmd                   0x08001831   Thumb Code    24  stm32f4xx_rcc.o(.text)
    RCC_APB2PeriphResetCmd                   0x08001849   Thumb Code    24  stm32f4xx_rcc.o(.text)
    RCC_AHB1PeriphClockLPModeCmd             0x08001861   Thumb Code    24  stm32f4xx_rcc.o(.text)
    RCC_AHB2PeriphClockLPModeCmd             0x08001879   Thumb Code    24  stm32f4xx_rcc.o(.text)
    RCC_AHB3PeriphClockLPModeCmd             0x08001891   Thumb Code    24  stm32f4xx_rcc.o(.text)
    RCC_APB1PeriphClockLPModeCmd             0x080018a9   Thumb Code    24  stm32f4xx_rcc.o(.text)
    RCC_APB2PeriphClockLPModeCmd             0x080018c1   Thumb Code    24  stm32f4xx_rcc.o(.text)
    RCC_LSEModeConfig                        0x080018d9   Thumb Code    24  stm32f4xx_rcc.o(.text)
    RCC_ITConfig                             0x080018f1   Thumb Code    24  stm32f4xx_rcc.o(.text)
    RCC_ClearFlag                            0x08001909   Thumb Code    18  stm32f4xx_rcc.o(.text)
    RCC_GetITStatus                          0x0800191d   Thumb Code    18  stm32f4xx_rcc.o(.text)
    RCC_ClearITPendingBit                    0x08001931   Thumb Code    12  stm32f4xx_rcc.o(.text)
    TIM_DeInit                               0x0800193d   Thumb Code   434  stm32f4xx_tim.o(.text)
    TIM_TimeBaseInit                         0x08001af1   Thumb Code   146  stm32f4xx_tim.o(.text)
    TIM_TimeBaseStructInit                   0x08001b85   Thumb Code    16  stm32f4xx_tim.o(.text)
    TIM_PrescalerConfig                      0x08001b95   Thumb Code     6  stm32f4xx_tim.o(.text)
    TIM_CounterModeConfig                    0x08001b9d   Thumb Code    12  stm32f4xx_tim.o(.text)
    TIM_SetCounter                           0x08001ba9   Thumb Code     4  stm32f4xx_tim.o(.text)
    TIM_SetAutoreload                        0x08001bad   Thumb Code     4  stm32f4xx_tim.o(.text)
    TIM_GetCounter                           0x08001bb1   Thumb Code     4  stm32f4xx_tim.o(.text)
    TIM_GetPrescaler                         0x08001bb5   Thumb Code     4  stm32f4xx_tim.o(.text)
    TIM_UpdateDisableConfig                  0x08001bb9   Thumb Code    20  stm32f4xx_tim.o(.text)
    TIM_UpdateRequestConfig                  0x08001bcd   Thumb Code    20  stm32f4xx_tim.o(.text)
    TIM_ARRPreloadConfig                     0x08001be1   Thumb Code    20  stm32f4xx_tim.o(.text)
    TIM_SelectOnePulseMode                   0x08001bf5   Thumb Code    16  stm32f4xx_tim.o(.text)
    TIM_SetClockDivision                     0x08001c05   Thumb Code    16  stm32f4xx_tim.o(.text)
    TIM_Cmd                                  0x08001c15   Thumb Code    18  stm32f4xx_tim.o(.text)
    TIM_OC1Init                              0x08001c29   Thumb Code   102  stm32f4xx_tim.o(.text)
    TIM_OC2Init                              0x08001c91   Thumb Code   110  stm32f4xx_tim.o(.text)
    TIM_OC3Init                              0x08001d01   Thumb Code   110  stm32f4xx_tim.o(.text)
    TIM_OC4Init                              0x08001d71   Thumb Code    82  stm32f4xx_tim.o(.text)
    TIM_OCStructInit                         0x08001dc5   Thumb Code    14  stm32f4xx_tim.o(.text)
    TIM_SelectOCxM                           0x08001dd5   Thumb Code    88  stm32f4xx_tim.o(.text)
    TIM_SetCompare1                          0x08001e2d   Thumb Code     4  stm32f4xx_tim.o(.text)
    TIM_SetCompare2                          0x08001e31   Thumb Code     4  stm32f4xx_tim.o(.text)
    TIM_SetCompare3                          0x08001e35   Thumb Code     4  stm32f4xx_tim.o(.text)
    TIM_SetCompare4                          0x08001e39   Thumb Code     4  stm32f4xx_tim.o(.text)
    TIM_ForcedOC1Config                      0x08001e3d   Thumb Code    12  stm32f4xx_tim.o(.text)
    TIM_ForcedOC2Config                      0x08001e49   Thumb Code    14  stm32f4xx_tim.o(.text)
    TIM_ForcedOC3Config                      0x08001e59   Thumb Code    12  stm32f4xx_tim.o(.text)
    TIM_ForcedOC4Config                      0x08001e65   Thumb Code    14  stm32f4xx_tim.o(.text)
    TIM_OC1PreloadConfig                     0x08001e75   Thumb Code    12  stm32f4xx_tim.o(.text)
    TIM_OC2PreloadConfig                     0x08001e81   Thumb Code    14  stm32f4xx_tim.o(.text)
    TIM_OC3PreloadConfig                     0x08001e91   Thumb Code    12  stm32f4xx_tim.o(.text)
    TIM_OC4PreloadConfig                     0x08001e9d   Thumb Code    14  stm32f4xx_tim.o(.text)
    TIM_OC1FastConfig                        0x08001ead   Thumb Code    12  stm32f4xx_tim.o(.text)
    TIM_OC2FastConfig                        0x08001eb9   Thumb Code    14  stm32f4xx_tim.o(.text)
    TIM_OC3FastConfig                        0x08001ec9   Thumb Code    12  stm32f4xx_tim.o(.text)
    TIM_OC4FastConfig                        0x08001ed5   Thumb Code    14  stm32f4xx_tim.o(.text)
    TIM_ClearOC1Ref                          0x08001ee5   Thumb Code    12  stm32f4xx_tim.o(.text)
    TIM_ClearOC2Ref                          0x08001ef1   Thumb Code    14  stm32f4xx_tim.o(.text)
    TIM_ClearOC3Ref                          0x08001f01   Thumb Code    12  stm32f4xx_tim.o(.text)
    TIM_ClearOC4Ref                          0x08001f0d   Thumb Code    14  stm32f4xx_tim.o(.text)
    TIM_OC1PolarityConfig                    0x08001f1d   Thumb Code    12  stm32f4xx_tim.o(.text)
    TIM_OC1NPolarityConfig                   0x08001f29   Thumb Code    12  stm32f4xx_tim.o(.text)
    TIM_OC2PolarityConfig                    0x08001f35   Thumb Code    14  stm32f4xx_tim.o(.text)
    TIM_OC2NPolarityConfig                   0x08001f45   Thumb Code    14  stm32f4xx_tim.o(.text)
    TIM_OC3PolarityConfig                    0x08001f55   Thumb Code    14  stm32f4xx_tim.o(.text)
    TIM_OC3NPolarityConfig                   0x08001f65   Thumb Code    14  stm32f4xx_tim.o(.text)
    TIM_OC4PolarityConfig                    0x08001f75   Thumb Code    14  stm32f4xx_tim.o(.text)
    TIM_CCxCmd                               0x08001f85   Thumb Code    32  stm32f4xx_tim.o(.text)
    TIM_CCxNCmd                              0x08001fa5   Thumb Code    32  stm32f4xx_tim.o(.text)
    TIM_ICInit                               0x08001fc5   Thumb Code   232  stm32f4xx_tim.o(.text)
    TIM_SetIC1Prescaler                      0x080020ad   Thumb Code    16  stm32f4xx_tim.o(.text)
    TIM_SetIC2Prescaler                      0x080020bd   Thumb Code    18  stm32f4xx_tim.o(.text)
    TIM_SetIC3Prescaler                      0x080020d1   Thumb Code    16  stm32f4xx_tim.o(.text)
    TIM_SetIC4Prescaler                      0x080020e1   Thumb Code    18  stm32f4xx_tim.o(.text)
    TIM_ICStructInit                         0x080020f5   Thumb Code    12  stm32f4xx_tim.o(.text)
    TIM_PWMIConfig                           0x08002101   Thumb Code   248  stm32f4xx_tim.o(.text)
    TIM_GetCapture1                          0x080021f9   Thumb Code     4  stm32f4xx_tim.o(.text)
    TIM_GetCapture2                          0x080021fd   Thumb Code     4  stm32f4xx_tim.o(.text)
    TIM_GetCapture3                          0x08002201   Thumb Code     4  stm32f4xx_tim.o(.text)
    TIM_GetCapture4                          0x08002205   Thumb Code     4  stm32f4xx_tim.o(.text)
    TIM_BDTRConfig                           0x08002209   Thumb Code    40  stm32f4xx_tim.o(.text)
    TIM_BDTRStructInit                       0x08002231   Thumb Code    12  stm32f4xx_tim.o(.text)
    TIM_CtrlPWMOutputs                       0x0800223d   Thumb Code    24  stm32f4xx_tim.o(.text)
    TIM_SelectCOM                            0x08002255   Thumb Code    20  stm32f4xx_tim.o(.text)
    TIM_CCPreloadControl                     0x08002269   Thumb Code    18  stm32f4xx_tim.o(.text)
    TIM_ITConfig                             0x0800227d   Thumb Code    16  stm32f4xx_tim.o(.text)
    TIM_GenerateEvent                        0x0800228d   Thumb Code     4  stm32f4xx_tim.o(.text)
    TIM_GetFlagStatus                        0x08002291   Thumb Code    10  stm32f4xx_tim.o(.text)
    TIM_ClearFlag                            0x0800229d   Thumb Code     6  stm32f4xx_tim.o(.text)
    TIM_GetITStatus                          0x080022a5   Thumb Code    24  stm32f4xx_tim.o(.text)
    TIM_ClearITPendingBit                    0x080022bd   Thumb Code     6  stm32f4xx_tim.o(.text)
    TIM_DMAConfig                            0x080022c5   Thumb Code     8  stm32f4xx_tim.o(.text)
    TIM_DMACmd                               0x080022cd   Thumb Code    16  stm32f4xx_tim.o(.text)
    TIM_SelectCCDMA                          0x080022dd   Thumb Code    20  stm32f4xx_tim.o(.text)
    TIM_InternalClockConfig                  0x080022f1   Thumb Code    10  stm32f4xx_tim.o(.text)
    TIM_ITRxExternalClockConfig              0x080022fd   Thumb Code    20  stm32f4xx_tim.o(.text)
    TIM_SelectInputTrigger                   0x08002311   Thumb Code    12  stm32f4xx_tim.o(.text)
    TIM_TIxExternalClockConfig               0x0800231d   Thumb Code   114  stm32f4xx_tim.o(.text)
    TIM_ETRClockMode1Config                  0x08002391   Thumb Code    30  stm32f4xx_tim.o(.text)
    TIM_ETRConfig                            0x080023b1   Thumb Code    22  stm32f4xx_tim.o(.text)
    TIM_ETRClockMode2Config                  0x080023c9   Thumb Code    30  stm32f4xx_tim.o(.text)
    TIM_SelectOutputTrigger                  0x080023e9   Thumb Code    16  stm32f4xx_tim.o(.text)
    TIM_SelectSlaveMode                      0x080023f9   Thumb Code    16  stm32f4xx_tim.o(.text)
    TIM_SelectMasterSlaveMode                0x08002409   Thumb Code    16  stm32f4xx_tim.o(.text)
    TIM_EncoderInterfaceConfig               0x08002419   Thumb Code    48  stm32f4xx_tim.o(.text)
    TIM_SelectHallSensor                     0x08002449   Thumb Code    20  stm32f4xx_tim.o(.text)
    TIM_RemapConfig                          0x0800245d   Thumb Code     6  stm32f4xx_tim.o(.text)
    USART_DeInit                             0x08002465   Thumb Code   274  stm32f4xx_usart.o(.text)
    USART_Init                               0x08002579   Thumb Code   182  stm32f4xx_usart.o(.text)
    USART_StructInit                         0x08002631   Thumb Code    18  stm32f4xx_usart.o(.text)
    USART_ClockInit                          0x08002645   Thumb Code    34  stm32f4xx_usart.o(.text)
    USART_ClockStructInit                    0x08002669   Thumb Code     8  stm32f4xx_usart.o(.text)
    USART_Cmd                                0x08002671   Thumb Code    20  stm32f4xx_usart.o(.text)
    USART_SetPrescaler                       0x08002685   Thumb Code    16  stm32f4xx_usart.o(.text)
    USART_OverSampling8Cmd                   0x08002695   Thumb Code    20  stm32f4xx_usart.o(.text)
    USART_OneBitMethodCmd                    0x080026a9   Thumb Code    20  stm32f4xx_usart.o(.text)
    USART_SendData                           0x080026bd   Thumb Code     8  stm32f4xx_usart.o(.text)
    USART_ReceiveData                        0x080026c5   Thumb Code     8  stm32f4xx_usart.o(.text)
    USART_SetAddress                         0x080026cd   Thumb Code    16  stm32f4xx_usart.o(.text)
    USART_ReceiverWakeUpCmd                  0x080026dd   Thumb Code    20  stm32f4xx_usart.o(.text)
    USART_WakeUpConfig                       0x080026f1   Thumb Code    16  stm32f4xx_usart.o(.text)
    USART_LINBreakDetectLengthConfig         0x08002701   Thumb Code    16  stm32f4xx_usart.o(.text)
    USART_LINCmd                             0x08002711   Thumb Code    20  stm32f4xx_usart.o(.text)
    USART_SendBreak                          0x08002725   Thumb Code    10  stm32f4xx_usart.o(.text)
    USART_HalfDuplexCmd                      0x08002731   Thumb Code    20  stm32f4xx_usart.o(.text)
    USART_SetGuardTime                       0x08002745   Thumb Code    16  stm32f4xx_usart.o(.text)
    USART_SmartCardCmd                       0x08002755   Thumb Code    20  stm32f4xx_usart.o(.text)
    USART_SmartCardNACKCmd                   0x08002769   Thumb Code    20  stm32f4xx_usart.o(.text)
    USART_IrDAConfig                         0x0800277d   Thumb Code    16  stm32f4xx_usart.o(.text)
    USART_IrDACmd                            0x0800278d   Thumb Code    20  stm32f4xx_usart.o(.text)
    USART_DMACmd                             0x080027a1   Thumb Code    16  stm32f4xx_usart.o(.text)
    USART_ITConfig                           0x080027b1   Thumb Code    46  stm32f4xx_usart.o(.text)
    USART_GetFlagStatus                      0x080027e1   Thumb Code    10  stm32f4xx_usart.o(.text)
    USART_ClearFlag                          0x080027ed   Thumb Code     6  stm32f4xx_usart.o(.text)
    USART_GetITStatus                        0x080027f5   Thumb Code    42  stm32f4xx_usart.o(.text)
    USART_ClearITPendingBit                  0x08002821   Thumb Code    14  stm32f4xx_usart.o(.text)
    delay_init                               0x08002831   Thumb Code    42  delay.o(.text)
    delay_us                                 0x0800285d   Thumb Code    60  delay.o(.text)
    delay_xms                                0x08002899   Thumb Code    60  delay.o(.text)
    delay_ms                                 0x080028d5   Thumb Code   140  delay.o(.text)
    _sys_exit                                0x08002961   Thumb Code     2  usart.o(.text)
    fputc                                    0x08002965   Thumb Code    20  usart.o(.text)
    uart_init                                0x08002979   Thumb Code   148  usart.o(.text)
    USART1_IRQHandler                        0x08002a0d   Thumb Code   162  usart.o(.text)
    USART1_SEND_DATA_U8                      0x08002ab1   Thumb Code    34  usart.o(.text)
    USART1_SEND_BUF_U8                       0x08002ad5   Thumb Code    56  usart.o(.text)
    APB1Periph_map(TIM_TypeDef*)             0x08002b0d   Thumb Code    32  lib.o(.text)
    APB2Periph_map(ADC_TypeDef*)             0x08002b2d   Thumb Code    24  lib.o(.text)
    IT_config(TIM_TypeDef*, FunctionalState) 0x08002b45   Thumb Code     2  lib.o(.text)
    TIM_config(TIM_TypeDef*, unsigned short, unsigned int, FunctionalState, unsigned char) 0x08002b49   Thumb Code   126  lib.o(.text)
    ADC_config(GPIO_TypeDef*, unsigned int, ADC_TypeDef*, unsigned char) 0x08002bc9   Thumb Code   146  lib.o(.text)
    DAC_config(unsigned int, unsigned int)   0x08002c5d   Thumb Code   192  lib.o(.text)
    DMA_config(DMA_Stream_TypeDef*, unsigned int) 0x08002d21   Thumb Code   110  lib.o(.text)
    PWM_config(TIM_TypeDef*, unsigned char, unsigned int, GPIO_TypeDef*, unsigned int, unsigned char) 0x08002d91   Thumb Code   176  lib.o(.text)
    EncoderTIM_config(TIM_TypeDef*, GPIO_TypeDef*, unsigned int, unsigned char, unsigned char, unsigned short, unsigned short) 0x08002e45   Thumb Code   172  lib.o(.text)
    PID_config(PID*)                         0x08002ef5   Thumb Code   216  lib.o(.text)
    BLE_config(FunctionalState)              0x08002fcd   Thumb Code   182  lib.o(.text)
    OLED_W_SCL                               0x08003089   Thumb Code    16  oled.o(.text)
    OLED_W_SDA                               0x08003099   Thumb Code    16  oled.o(.text)
    OLED_GPIO_Init                           0x080030a9   Thumb Code    84  oled.o(.text)
    OLED_I2C_Start                           0x080030fd   Thumb Code    54  oled.o(.text)
    OLED_I2C_Stop                            0x08003135   Thumb Code    44  oled.o(.text)
    OLED_I2C_SendByte                        0x08003161   Thumb Code    82  oled.o(.text)
    OLED_WriteCommand                        0x080031b5   Thumb Code   154  oled.o(.text)
    OLED_WriteData                           0x08003251   Thumb Code   118  oled.o(.text)
    OLED_Init                                0x080032c9   Thumb Code   284  oled.o(.text)
    OLED_Clear                               0x080033e5   Thumb Code    20  oled.o(.text)
    OLED_Update                              0x080033f9   Thumb Code    54  oled.o(.text)
    OLED_SetCursor                           0x08003431   Thumb Code    32  oled.o(.text)
    OLED_Pow                                 0x08003451   Thumb Code    22  oled.o(.text)
    OLED_pnpoly                              0x08003469   Thumb Code   128  oled.o(.text)
    OLED_IsInAngle                           0x080034e9   Thumb Code   128  oled.o(.text)
    OLED_UpdateArea                          0x08003579   Thumb Code   136  oled.o(.text)
    OLED_ClearArea                           0x08003601   Thumb Code   110  oled.o(.text)
    OLED_Reverse                             0x08003671   Thumb Code    48  oled.o(.text)
    OLED_ReverseArea                         0x080036a1   Thumb Code   106  oled.o(.text)
    OLED_ShowChar                            0x0800370d   Thumb Code    70  oled.o(.text)
    OLED_ShowImage                           0x08003755   Thumb Code   302  oled.o(.text)
    OLED_ShowString                          0x08003885   Thumb Code   110  oled.o(.text)
    OLED_ShowNum                             0x080038f5   Thumb Code   188  oled.o(.text)
    OLED_ShowSignedNum                       0x080039b1   Thumb Code   316  oled.o(.text)
    OLED_ShowHexNum                          0x08003aed   Thumb Code   222  oled.o(.text)
    OLED_ShowBinNum                          0x08003bcd   Thumb Code   160  oled.o(.text)
    OLED_ShowFloatNum                        0x08003c71   Thumb Code   728  oled.o(.text)
    OLED_ShowChinese                         0x08003f51   Thumb Code   158  oled.o(.text)
    OLED_Printf                              0x08003ff1   Thumb Code   126  oled.o(.text)
    OLED_DrawPoint                           0x08004071   Thumb Code    48  oled.o(.text)
    OLED_GetPoint                            0x080040a1   Thumb Code    46  oled.o(.text)
    OLED_DrawLine                            0x080040d1   Thumb Code   708  oled.o(.text)
    OLED_DrawRectangle                       0x08004395   Thumb Code   336  oled.o(.text)
    OLED_DrawTriangle                        0x080044e5   Thumb Code   360  oled.o(.text)
    OLED_DrawCircle                          0x0800464d   Thumb Code  1192  oled.o(.text)
    OLED_DrawEllipse                         0x08004af9   Thumb Code  1518  oled.o(.text)
    OLED_DrawArc                             0x080050e9   Thumb Code  2470  oled.o(.text)
    MPU_Init                                 0x08005a91   Thumb Code   188  mpu6050.o(.text)
    MPU_Write_Byte                           0x08005b4d   Thumb Code    66  mpu6050.o(.text)
    MPU_Set_Gyro_Fsr                         0x08005b91   Thumb Code    10  mpu6050.o(.text)
    MPU_Set_Accel_Fsr                        0x08005b9d   Thumb Code    10  mpu6050.o(.text)
    MPU_Set_Rate                             0x08005ba9   Thumb Code    92  mpu6050.o(.text)
    MPU_Read_Byte                            0x08005c05   Thumb Code    58  mpu6050.o(.text)
    MPU_Set_LPF                              0x08005c41   Thumb Code    64  mpu6050.o(.text)
    MPU_Get_Temperature                      0x08005c81   Thumb Code    80  mpu6050.o(.text)
    MPU_Read_Len                             0x08005ce5   Thumb Code    98  mpu6050.o(.text)
    MPU_Get_Gyroscope                        0x08005d49   Thumb Code    64  mpu6050.o(.text)
    MPU_Get_Accelerometer                    0x08005d89   Thumb Code    64  mpu6050.o(.text)
    MPU_Write_Len                            0x08005dc9   Thumb Code    80  mpu6050.o(.text)
    IIC_Init                                 0x08005e19   Thumb Code    60  myiic.o(.text)
    IIC_Start                                0x08005e55   Thumb Code    60  myiic.o(.text)
    IIC_Stop                                 0x08005e91   Thumb Code    62  myiic.o(.text)
    IIC_Wait_Ack                             0x08005ed1   Thumb Code   118  myiic.o(.text)
    IIC_Ack                                  0x08005f49   Thumb Code    60  myiic.o(.text)
    IIC_NAck                                 0x08005f85   Thumb Code    60  myiic.o(.text)
    IIC_Send_Byte                            0x08005fc1   Thumb Code    96  myiic.o(.text)
    IIC_Read_Byte                            0x08006021   Thumb Code   152  myiic.o(.text)
    mpu_reg_dump                             0x080060b9   Thumb Code    96  inv_mpu.o(.text)
    mpu_read_reg                             0x08006129   Thumb Code    58  inv_mpu.o(.text)
    mpu_init                                 0x08006165   Thumb Code   352  inv_mpu.o(.text)
    mpu_set_gyro_fsr                         0x0800630d   Thumb Code   122  inv_mpu.o(.text)
    mpu_set_accel_fsr                        0x08006389   Thumb Code   114  inv_mpu.o(.text)
    mpu_set_lpf                              0x080063fd   Thumb Code   110  inv_mpu.o(.text)
    mpu_set_sample_rate                      0x0800646d   Thumb Code   218  inv_mpu.o(.text)
    mpu_configure_fifo                       0x08006549   Thumb Code   164  inv_mpu.o(.text)
    mpu_set_bypass                           0x080065ed   Thumb Code   234  inv_mpu.o(.text)
    mpu_set_sensors                          0x080066d9   Thumb Code   238  inv_mpu.o(.text)
    mpu_lp_accel_mode                        0x080067c9   Thumb Code   486  inv_mpu.o(.text)
    mpu_set_int_latched                      0x080069b1   Thumb Code   104  inv_mpu.o(.text)
    mpu_get_gyro_reg                         0x08006a19   Thumb Code    92  inv_mpu.o(.text)
    mget_ms                                  0x08006a75   Thumb Code     2  inv_mpu.o(.text)
    mpu_get_accel_reg                        0x08006a79   Thumb Code    90  inv_mpu.o(.text)
    mpu_get_temperature                      0x08006ad5   Thumb Code   124  inv_mpu.o(.text)
    mpu_set_accel_bias                       0x08006b59   Thumb Code   236  inv_mpu.o(.text)
    mpu_reset_fifo                           0x08006c45   Thumb Code   374  inv_mpu.o(.text)
    mpu_get_gyro_fsr                         0x08006dbd   Thumb Code    38  inv_mpu.o(.text)
    mpu_get_accel_fsr                        0x08006de5   Thumb Code    50  inv_mpu.o(.text)
    mpu_get_lpf                              0x08006e19   Thumb Code    42  inv_mpu.o(.text)
    mpu_get_sample_rate                      0x08006e45   Thumb Code    30  inv_mpu.o(.text)
    mpu_get_compass_sample_rate              0x08006e65   Thumb Code    12  inv_mpu.o(.text)
    mpu_set_compass_sample_rate              0x08006e71   Thumb Code     6  inv_mpu.o(.text)
    mpu_get_gyro_sens                        0x08006e79   Thumb Code    32  inv_mpu.o(.text)
    mpu_get_accel_sens                       0x08006ea9   Thumb Code    48  inv_mpu.o(.text)
    mpu_get_fifo_config                      0x08006ed9   Thumb Code    18  inv_mpu.o(.text)
    mpu_get_power_state                      0x08006eed   Thumb Code    24  inv_mpu.o(.text)
    mpu_get_int_status                       0x08006f05   Thumb Code    70  inv_mpu.o(.text)
    mpu_read_fifo                            0x08006f4d   Thumb Code   364  inv_mpu.o(.text)
    mpu_read_fifo_stream                     0x080070b9   Thumb Code   170  inv_mpu.o(.text)
    mpu_set_int_level                        0x08007165   Thumb Code    18  inv_mpu.o(.text)
    mpu_run_self_test                        0x08007179   Thumb Code  1144  inv_mpu.o(.text)
    mpu_set_dmp_state                        0x08007615   Thumb Code   222  inv_mpu.o(.text)
    mpu_write_mem                            0x08007a11   Thumb Code   106  inv_mpu.o(.text)
    mpu_read_mem                             0x08007a7d   Thumb Code   106  inv_mpu.o(.text)
    mpu_load_firmware                        0x08007ae9   Thumb Code   366  inv_mpu.o(.text)
    mpu_get_dmp_state                        0x08007c59   Thumb Code    20  inv_mpu.o(.text)
    setup_compass                            0x08007c6d   Thumb Code     6  inv_mpu.o(.text)
    mpu_get_compass_reg                      0x08007c75   Thumb Code     6  inv_mpu.o(.text)
    mpu_get_compass_fsr                      0x08007c7d   Thumb Code     6  inv_mpu.o(.text)
    mpu_lp_motion_interrupt                  0x08007c85   Thumb Code   842  inv_mpu.o(.text)
    run_self_test                            0x08007fd1   Thumb Code   184  inv_mpu.o(.text)
    inv_orientation_matrix_to_scalar         0x08008099   Thumb Code   180  inv_mpu.o(.text)
    inv_row_2_scale                          0x0800814d   Thumb Code    58  inv_mpu.o(.text)
    mpu_dmp_init                             0x08008189   Thumb Code   242  inv_mpu.o(.text)
    mpu_dmp_get_data                         0x08008281   Thumb Code   384  inv_mpu.o(.text)
    dmp_load_motion_driver_firmware          0x0800840d   Thumb Code    22  inv_mpu_dmp_motion_driver.o(.text)
    dmp_set_orientation                      0x08008425   Thumb Code   272  inv_mpu_dmp_motion_driver.o(.text)
    dmp_set_gyro_bias                        0x08008535   Thumb Code   222  inv_mpu_dmp_motion_driver.o(.text)
    dmp_set_accel_bias                       0x08008615   Thumb Code   192  inv_mpu_dmp_motion_driver.o(.text)
    dmp_set_fifo_rate                        0x080086d5   Thumb Code   110  inv_mpu_dmp_motion_driver.o(.text)
    dmp_get_fifo_rate                        0x08008745   Thumb Code    18  inv_mpu_dmp_motion_driver.o(.text)
    dmp_set_tap_thresh                       0x08008759   Thumb Code   256  inv_mpu_dmp_motion_driver.o(.text)
    dmp_set_tap_axes                         0x0800889d   Thumb Code    62  inv_mpu_dmp_motion_driver.o(.text)
    dmp_set_tap_count                        0x080088dd   Thumb Code    40  inv_mpu_dmp_motion_driver.o(.text)
    dmp_set_tap_time                         0x08008905   Thumb Code    36  inv_mpu_dmp_motion_driver.o(.text)
    dmp_set_tap_time_multi                   0x08008929   Thumb Code    36  inv_mpu_dmp_motion_driver.o(.text)
    dmp_set_shake_reject_thresh              0x0800894d   Thumb Code    44  inv_mpu_dmp_motion_driver.o(.text)
    dmp_set_shake_reject_time                0x08008979   Thumb Code    36  inv_mpu_dmp_motion_driver.o(.text)
    dmp_set_shake_reject_timeout             0x0800899d   Thumb Code    36  inv_mpu_dmp_motion_driver.o(.text)
    dmp_get_pedometer_step_count             0x080089c1   Thumb Code    50  inv_mpu_dmp_motion_driver.o(.text)
    dmp_set_pedometer_step_count             0x080089f5   Thumb Code    24  inv_mpu_dmp_motion_driver.o(.text)
    dmp_get_pedometer_walk_time              0x08008a0d   Thumb Code    56  inv_mpu_dmp_motion_driver.o(.text)
    dmp_set_pedometer_walk_time              0x08008a45   Thumb Code    38  inv_mpu_dmp_motion_driver.o(.text)
    dmp_enable_feature                       0x08008a6d   Thumb Code   688  inv_mpu_dmp_motion_driver.o(.text)
    dmp_enable_gyro_cal                      0x08008d1d   Thumb Code    74  inv_mpu_dmp_motion_driver.o(.text)
    dmp_enable_lp_quat                       0x08008d69   Thumb Code    42  inv_mpu_dmp_motion_driver.o(.text)
    dmp_enable_6x_lp_quat                    0x08008d95   Thumb Code    42  inv_mpu_dmp_motion_driver.o(.text)
    dmp_get_enabled_features                 0x08008dc1   Thumb Code    18  inv_mpu_dmp_motion_driver.o(.text)
    dmp_set_interrupt_mode                   0x08008dd5   Thumb Code    96  inv_mpu_dmp_motion_driver.o(.text)
    dmp_read_fifo                            0x08008e35   Thumb Code   436  inv_mpu_dmp_motion_driver.o(.text)
    dmp_register_tap_cb                      0x08008fe9   Thumb Code    16  inv_mpu_dmp_motion_driver.o(.text)
    dmp_register_android_orient_cb           0x08008ff9   Thumb Code    16  inv_mpu_dmp_motion_driver.o(.text)
    PID_updata(PID*, short)                  0x08009009   Thumb Code   222  test.o(.text)
    erect_PID(PID*, short, short, short)     0x080090e9   Thumb Code    60  test.o(.text)
    speed_erect_PID(PID*, PID*, short, short, short) 0x08009125   Thumb Code    76  test.o(.text)
    speed_control(PID*, short)               0x08009171   Thumb Code    24  test.o(.text)
    speed_tunr_PID(PID*, PID*, short, short, short, short, short) 0x08009189   Thumb Code   138  test.o(.text)
    tunr_check()                             0x08009215   Thumb Code   110  test.o(.text)
    balance_set()                            0x08009285   Thumb Code    94  test.o(.text)
    pidarg_set(short*)                       0x080092e9   Thumb Code   600  test.o(.text)
    __aeabi_ldivmod                          0x08009561   Thumb Code    98  ldiv.o(.text)
    __aeabi_memset                           0x080095c3   Thumb Code    14  memseta.o(.text)
    __aeabi_memset4                          0x080095c3   Thumb Code     0  memseta.o(.text)
    __aeabi_memset8                          0x080095c3   Thumb Code     0  memseta.o(.text)
    __aeabi_memclr                           0x080095d1   Thumb Code     4  memseta.o(.text)
    __aeabi_memclr4                          0x080095d1   Thumb Code     0  memseta.o(.text)
    __aeabi_memclr8                          0x080095d1   Thumb Code     0  memseta.o(.text)
    _memset$wrapper                          0x080095d5   Thumb Code    18  memseta.o(.text)
    strcmp                                   0x080095e7   Thumb Code    28  strcmp.o(.text)
    memcmp                                   0x08009603   Thumb Code    26  memcmp.o(.text)
    __aeabi_dadd                             0x0800961d   Thumb Code   322  dadd.o(.text)
    __aeabi_dsub                             0x0800975f   Thumb Code     6  dadd.o(.text)
    __aeabi_drsub                            0x08009765   Thumb Code     6  dadd.o(.text)
    __aeabi_dmul                             0x0800976b   Thumb Code   228  dmul.o(.text)
    __aeabi_ddiv                             0x0800984f   Thumb Code   222  ddiv.o(.text)
    __aeabi_dcmple                           0x0800992d   Thumb Code    54  dcmple.o(.text)
    __aeabi_dcmplt                           0x08009963   Thumb Code    54  dcmplt.o(.text)
    __aeabi_dcmpgt                           0x08009999   Thumb Code    54  dcmpgt.o(.text)
    __aeabi_i2d                              0x080099cf   Thumb Code    34  dflti.o(.text)
    __aeabi_ui2d                             0x080099f1   Thumb Code    26  dfltui.o(.text)
    __aeabi_d2iz                             0x08009a0b   Thumb Code    62  dfixi.o(.text)
    __aeabi_d2uiz                            0x08009a49   Thumb Code    50  dfixui.o(.text)
    __aeabi_f2d                              0x08009a7b   Thumb Code    38  f2d.o(.text)
    __aeabi_d2f                              0x08009aa1   Thumb Code    56  d2f.o(.text)
    __aeabi_uidiv                            0x08009ad9   Thumb Code     0  uidiv.o(.text)
    __aeabi_uidivmod                         0x08009ad9   Thumb Code    44  uidiv.o(.text)
    __aeabi_uldivmod                         0x08009b05   Thumb Code    98  uldiv.o(.text)
    __aeabi_llsl                             0x08009b67   Thumb Code    30  llshl.o(.text)
    _ll_shift_l                              0x08009b67   Thumb Code     0  llshl.o(.text)
    __aeabi_llsr                             0x08009b85   Thumb Code    32  llushr.o(.text)
    _ll_ushift_r                             0x08009b85   Thumb Code     0  llushr.o(.text)
    __aeabi_lasr                             0x08009ba5   Thumb Code    36  llsshr.o(.text)
    _ll_sshift_r                             0x08009ba5   Thumb Code     0  llsshr.o(.text)
    posix_memalign                           0x08009bc9   Thumb Code    36  memalign.o(.text)
    __I$use$fp                               0x08009bed   Thumb Code     0  iusefp.o(.text)
    _float_round                             0x08009bed   Thumb Code    18  fepilogue.o(.text)
    _float_epilogue                          0x08009bff   Thumb Code    92  fepilogue.o(.text)
    _double_round                            0x08009c5b   Thumb Code    30  depilogue.o(.text)
    _double_epilogue                         0x08009c79   Thumb Code   156  depilogue.o(.text)
    _drnd                                    0x08009d15   Thumb Code   132  drnd.o(.text)
    __aeabi_d2ulz                            0x08009d9d   Thumb Code    48  dfixul.o(.text)
    __aeabi_cdcmpeq                          0x08009dcd   Thumb Code     0  cdcmple.o(.text)
    __aeabi_cdcmple                          0x08009dcd   Thumb Code    48  cdcmple.o(.text)
    __aeabi_cdrcmple                         0x08009dfd   Thumb Code    48  cdrcmple.o(.text)
    __scatterload                            0x08009e2d   Thumb Code    38  init.o(.text)
    __scatterload_rt2                        0x08009e2d   Thumb Code     0  init.o(.text)
    _dsqrt                                   0x08009e5d   Thumb Code   162  dsqrt.o(.text)
    GPIO::config(GPIO_TypeDef*, unsigned int, GPIOMode_TypeDef, GPIOOType_TypeDef, GPIOSpeed_TypeDef, GPIOPuPd_TypeDef) 0x08009f75   Thumb Code   220  lib.o(.text._ZN4GPIO6configEP12GPIO_TypeDefj16GPIOMode_TypeDef17GPIOOType_TypeDef17GPIOSpeed_TypeDef16GPIOPuPd_TypeDef)
    std::__2::__libcpp_verbose_abort(char const*, ...) 0x0800a06d   Thumb Code    30  verbose_abort.cpp.o(.text._ZNSt3__222__libcpp_verbose_abortEPKcz)
    std::get_new_handler()                   0x0800a08b   Thumb Code    12  cxa_handlers.cpp.o(.text._ZSt15get_new_handlerv)
    std::__throw_bad_alloc()                 0x0800a099   Thumb Code     8  new_helpers.cpp.o(.text._ZSt17__throw_bad_allocv)
    operator new(unsigned int)               0x0800a0d1   Thumb Code    14  new.cpp.o(__lcxx_override)
    __lcxx_override$$Base                    0x0800a0d0   Number         0  new.cpp.o(__lcxx_override)
    operator new[](unsigned int)             0x0800a0df   Thumb Code     4  new.cpp.o(__lcxx_override)
    operator new(unsigned int, std::align_val_t) 0x0800a0e3   Thumb Code    14  new.cpp.o(__lcxx_override)
    operator new[](unsigned int, std::align_val_t) 0x0800a0f1   Thumb Code     4  new.cpp.o(__lcxx_override)
    __0printf                                0x0800a0f5   Thumb Code    22  printfa.o(i.__0printf)
    __1printf                                0x0800a0f5   Thumb Code     0  printfa.o(i.__0printf)
    __2printf                                0x0800a0f5   Thumb Code     0  printfa.o(i.__0printf)
    __c89printf                              0x0800a0f5   Thumb Code     0  printfa.o(i.__0printf)
    __lcxx_override$$Limit                   0x0800a0f4   Number         0  new.cpp.o(__lcxx_override)
    printf                                   0x0800a0f5   Thumb Code     0  printfa.o(i.__0printf)
    __0vfprintf                              0x0800a115   Thumb Code    20  printfa.o(i.__0vfprintf)
    __1vfprintf                              0x0800a115   Thumb Code     0  printfa.o(i.__0vfprintf)
    __2vfprintf                              0x0800a115   Thumb Code     0  printfa.o(i.__0vfprintf)
    __c89vfprintf                            0x0800a115   Thumb Code     0  printfa.o(i.__0vfprintf)
    vfprintf                                 0x0800a115   Thumb Code     0  printfa.o(i.__0vfprintf)
    __0vsprintf                              0x0800a12d   Thumb Code    30  printfa.o(i.__0vsprintf)
    __1vsprintf                              0x0800a12d   Thumb Code     0  printfa.o(i.__0vsprintf)
    __2vsprintf                              0x0800a12d   Thumb Code     0  printfa.o(i.__0vsprintf)
    __c89vsprintf                            0x0800a12d   Thumb Code     0  printfa.o(i.__0vsprintf)
    vsprintf                                 0x0800a12d   Thumb Code     0  printfa.o(i.__0vsprintf)
    __ARM_fpclassify                         0x0800a151   Thumb Code    48  fpclassify.o(i.__ARM_fpclassify)
    __aligned_malloc                         0x0800a181   Thumb Code   142  malloca.o(i.__aligned_malloc)
    __hardfp_asin                            0x0800a221   Thumb Code   770  asin.o(i.__hardfp_asin)
    __hardfp_atan                            0x0800a581   Thumb Code   622  atan.o(i.__hardfp_atan)
    __hardfp_atan2                           0x0800a859   Thumb Code   448  atan2.o(i.__hardfp_atan2)
    __hardfp_logf                            0x0800aa59   Thumb Code   320  logf.o(i.__hardfp_logf)
    __mathlib_logf                           0x0800aa59   Thumb Code     0  logf.o(i.__hardfp_logf)
    __hardfp_round                           0x0800abc9   Thumb Code   194  round.o(i.__hardfp_round)
    __kernel_poly                            0x0800aca9   Thumb Code   248  poly.o(i.__kernel_poly)
    malloc                                   0x0800ada1   Thumb Code     6  malloca.o(i.__malloc$memalign)
    __mathlib_dbl_infnan                     0x0800ada7   Thumb Code    20  dunder.o(i.__mathlib_dbl_infnan)
    __mathlib_dbl_infnan2                    0x0800adbb   Thumb Code    20  dunder.o(i.__mathlib_dbl_infnan2)
    __mathlib_dbl_invalid                    0x0800add1   Thumb Code    24  dunder.o(i.__mathlib_dbl_invalid)
    __mathlib_dbl_underflow                  0x0800adf1   Thumb Code    24  dunder.o(i.__mathlib_dbl_underflow)
    __mathlib_flt_divzero                    0x0800ae11   Thumb Code    14  funder.o(i.__mathlib_flt_divzero)
    __mathlib_flt_infnan                     0x0800ae25   Thumb Code     6  funder.o(i.__mathlib_flt_infnan)
    __mathlib_flt_invalid                    0x0800ae2d   Thumb Code    10  funder.o(i.__mathlib_flt_invalid)
    __scatterload_copy                       0x0800ae3d   Thumb Code    14  handlers.o(i.__scatterload_copy)
    __scatterload_null                       0x0800ae4b   Thumb Code     2  handlers.o(i.__scatterload_null)
    __scatterload_zeroinit                   0x0800ae4d   Thumb Code    14  handlers.o(i.__scatterload_zeroinit)
    __set_errno                              0x0800ae5d   Thumb Code     6  errno.o(i.__set_errno)
    atan                                     0x0800b725   Thumb Code    16  atan.o(i.atan)
    fabs                                     0x0800b735   Thumb Code    24  fabs.o(i.fabs)
    puts                                     0x0800b74d   Thumb Code    30  puts.o(i.puts)
    sqrt                                     0x0800b771   Thumb Code   110  sqrt.o(i.sqrt)
    __mathlib_zero                           0x0800b908   Data           8  qnan.o(.constdata)
    AHBPrescTable                            0x0800b950   Data          16  system_stm32f4xx.o(.rodata.AHBPrescTable)
    OLED_CF16x16                             0x0800b970   Data         245  oled_data.o(.rodata.OLED_CF16x16)
    OLED_F6x8                                0x0800ba65   Data         570  oled_data.o(.rodata.OLED_F6x8)
    OLED_F8x16                               0x0800bc9f   Data        1520  oled_data.o(.rodata.OLED_F8x16)
    hw                                       0x0800ceb6   Data          12  inv_mpu.o(.rodata.hw)
    reg                                      0x0800cec2   Data          27  inv_mpu.o(.rodata.reg)
    test                                     0x0800cf60   Data          40  inv_mpu.o(.rodata.test)
    Region$$Table$$Base                      0x0800cf88   Number         0  anon$$obj.o(Region$$Table)
    Region$$Table$$Limit                     0x0800cfa8   Number         0  anon$$obj.o(Region$$Table)
    __microlib_freelist                      0x20000004   Data           4  mvars.o(.data)
    __microlib_freelist_initialised          0x20000008   Data           4  mvars.o(.data)
    __stderr                                 0x2000000c   Data           4  stderr.o(.data)
    ADC_use                                  0x20000010   Data          20  lib.o(.data.ADC_use)
    BLE_use                                  0x20000024   Data          20  lib.o(.data.BLE_use)
    DAC_use                                  0x20000038   Data          20  lib.o(.data.DAC_use)
    Encoder_use                              0x2000004c   Data          20  lib.o(.data.Encoder_use)
    IN1                                      0x20000060   Data          20  main.o(.data.IN1)
    IN2                                      0x20000074   Data          20  main.o(.data.IN2)
    IN3                                      0x20000088   Data          20  main.o(.data.IN3)
    IN4                                      0x2000009c   Data          20  main.o(.data.IN4)
    PWM_use                                  0x200000b0   Data          20  lib.o(.data.PWM_use)
    SystemCoreClock                          0x200000c4   Data           4  system_stm32f4xx.o(.data.SystemCoreClock)
    angle_target                             0x200000c8   Data           4  main.o(.data.angle_target)
    ADC_data                                 0x20000108   Data           4  lib.o(.bss.ADC_data)
    ICAdder_lelf                             0x2000010c   Data           4  main.o(.bss.ICAdder_lelf)
    ICAdder_right                            0x20000110   Data           4  main.o(.bss.ICAdder_right)
    OCAdder_lelf                             0x20000114   Data           4  main.o(.bss.OCAdder_lelf)
    OCAdder_right                            0x20000118   Data           4  main.o(.bss.OCAdder_right)
    OLED_DisplayBuf                          0x2000011c   Data        1024  oled.o(.bss.OLED_DisplayBuf)
    RX_sign                                  0x2000051c   Data           2  usart.o(.bss.RX_sign)
    __cxa_new_handler                        0x20000520   Data           4  cxa_default_handlers.cpp.o(.bss.__cxa_new_handler)
    __stdout                                 0x20000524   Data          84  usart.o(.bss.__stdout)
    gx                                       0x20000590   Data           2  main.o(.bss.gx)
    gy                                       0x20000592   Data           2  main.o(.bss.gy)
    gz                                       0x20000594   Data           2  main.o(.bss.gz)
    left_speed                               0x20000596   Data           2  main.o(.bss.left_speed)
    pideAdder                                0x20000598   Data           4  main.o(.bss.pideAdder)
    pidsAdder                                0x2000059c   Data           4  main.o(.bss.pidsAdder)
    pitch                                    0x200005a0   Data           4  main.o(.bss.pitch)
    result                                   0x200005a4   Data           2  main.o(.bss.result)
    right_speed                              0x200005a6   Data           2  main.o(.bss.right_speed)
    roll                                     0x200005a8   Data           4  main.o(.bss.roll)
    yaw                                      0x200005ac   Data           4  main.o(.bss.yaw)
    __heap_base                              0x200005b0   Data           0  startup_stm32f40_41xxx.o(HEAP)
    __heap_limit                             0x200007b0   Data           0  startup_stm32f40_41xxx.o(HEAP)
    __initial_sp                             0x20000bb0   Data           0  startup_stm32f40_41xxx.o(STACK)



==============================================================================

Memory Map of the image

  Image Entry point : 0x08000791

  Load Region LR_1 (Base: 0x08000000, Size: 0x0000d0ac, Max: 0xffffffff, ABSOLUTE)

    Execution Region ER_RO (Exec base: 0x08000000, Load base: 0x08000000, Size: 0x0000cfa8, Max: 0xffffffff, ABSOLUTE)

    Exec Addr    Load Addr    Size         Type   Attr      Idx    E Section Name        Object

    0x08000000   0x08000000   0x00000188   Data   RO           51    RESET               startup_stm32f40_41xxx.o
    0x08000188   0x08000188   0x00000000   Code   RO          571  * .ARM.Collect$$$$00000000  mc_w.l(entry.o)
    0x08000188   0x08000188   0x00000004   Code   RO          948    .ARM.Collect$$$$00000001  mc_w.l(entry2.o)
    0x0800018c   0x0800018c   0x00000004   Code   RO          951    .ARM.Collect$$$$00000004  mc_w.l(entry5.o)
    0x08000190   0x08000190   0x00000000   Code   RO          953    .ARM.Collect$$$$00000008  mc_w.l(entry7b.o)
    0x08000190   0x08000190   0x00000000   Code   RO          955    .ARM.Collect$$$$0000000A  mc_w.l(entry8b.o)
    0x08000190   0x08000190   0x00000008   Code   RO          956    .ARM.Collect$$$$0000000B  mc_w.l(entry9a.o)
    0x08000198   0x08000198   0x00000000   Code   RO          958    .ARM.Collect$$$$0000000D  mc_w.l(entry10a.o)
    0x08000198   0x08000198   0x00000000   Code   RO          960    .ARM.Collect$$$$0000000F  mc_w.l(entry11a.o)
    0x08000198   0x08000198   0x00000004   Code   RO          949    .ARM.Collect$$$$00002712  mc_w.l(entry2.o)
    0x0800019c   0x0800019c   0x00000022   Code   RO            1    .text               stm32f4xx_it.o
    0x080001be   0x080001be   0x00000002   PAD
    0x080001c0   0x080001c0   0x00000182   Code   RO            8    .text               system_stm32f4xx.o
    0x08000342   0x08000342   0x00000002   PAD
    0x08000344   0x08000344   0x0000044a   Code   RO           18    .text               main.o
    0x0800078e   0x0800078e   0x00000002   PAD
    0x08000790   0x08000790   0x00000024   Code   RO           52  * .text               startup_stm32f40_41xxx.o
    0x080007b4   0x080007b4   0x000000c0   Code   RO           58    .text               misc.o
    0x08000874   0x08000874   0x00000390   Code   RO           66    .text               stm32f4xx_adc.o
    0x08000c04   0x08000c04   0x000001e4   Code   RO          122    .text               stm32f4xx_dac.o
    0x08000de8   0x08000de8   0x00000490   Code   RO          154    .text               stm32f4xx_dma.o
    0x08001278   0x08001278   0x00000160   Code   RO          195    .text               stm32f4xx_gpio.o
    0x080013d8   0x080013d8   0x00000564   Code   RO          261    .text               stm32f4xx_rcc.o
    0x0800193c   0x0800193c   0x00000b26   Code   RO          319    .text               stm32f4xx_tim.o
    0x08002462   0x08002462   0x00000002   PAD
    0x08002464   0x08002464   0x000003ca   Code   RO          328    .text               stm32f4xx_usart.o
    0x0800282e   0x0800282e   0x00000002   PAD
    0x08002830   0x08002830   0x00000130   Code   RO          344    .text               delay.o
    0x08002960   0x08002960   0x000001ac   Code   RO          362    .text               usart.o
    0x08002b0c   0x08002b0c   0x00000576   Code   RO          374    .text               lib.o
    0x08003082   0x08003082   0x00000006   PAD
    0x08003088   0x08003088   0x00002a06   Code   RO          402    .text               oled.o
    0x08005a8e   0x08005a8e   0x00000002   PAD
    0x08005a90   0x08005a90   0x00000388   Code   RO          432    .text               mpu6050.o
    0x08005e18   0x08005e18   0x000002a0   Code   RO          448    .text               myiic.o
    0x080060b8   0x080060b8   0x00002354   Code   RO          456    .text               inv_mpu.o
    0x0800840c   0x0800840c   0x00000bfc   Code   RO          473    .text               inv_mpu_dmp_motion_driver.o
    0x08009008   0x08009008   0x00000558   Code   RO          497    .text               test.o
    0x08009560   0x08009560   0x00000062   Code   RO          578    .text               mc_w.l(ldiv.o)
    0x080095c2   0x080095c2   0x00000024   Code   RO          582    .text               mc_w.l(memseta.o)
    0x080095e6   0x080095e6   0x0000001c   Code   RO          584    .text               mc_w.l(strcmp.o)
    0x08009602   0x08009602   0x0000001a   Code   RO          586    .text               mc_w.l(memcmp.o)
    0x0800961c   0x0800961c   0x0000014e   Code   RO          851    .text               mf_w.l(dadd.o)
    0x0800976a   0x0800976a   0x000000e4   Code   RO          853    .text               mf_w.l(dmul.o)
    0x0800984e   0x0800984e   0x000000de   Code   RO          855    .text               mf_w.l(ddiv.o)
    0x0800992c   0x0800992c   0x00000036   Code   RO          857    .text               mf_w.l(dcmple.o)
    0x08009962   0x08009962   0x00000036   Code   RO          859    .text               mf_w.l(dcmplt.o)
    0x08009998   0x08009998   0x00000036   Code   RO          861    .text               mf_w.l(dcmpgt.o)
    0x080099ce   0x080099ce   0x00000022   Code   RO          863    .text               mf_w.l(dflti.o)
    0x080099f0   0x080099f0   0x0000001a   Code   RO          865    .text               mf_w.l(dfltui.o)
    0x08009a0a   0x08009a0a   0x0000003e   Code   RO          867    .text               mf_w.l(dfixi.o)
    0x08009a48   0x08009a48   0x00000032   Code   RO          869    .text               mf_w.l(dfixui.o)
    0x08009a7a   0x08009a7a   0x00000026   Code   RO          871    .text               mf_w.l(f2d.o)
    0x08009aa0   0x08009aa0   0x00000038   Code   RO          873    .text               mf_w.l(d2f.o)
    0x08009ad8   0x08009ad8   0x0000002c   Code   RO          971    .text               mc_w.l(uidiv.o)
    0x08009b04   0x08009b04   0x00000062   Code   RO          973    .text               mc_w.l(uldiv.o)
    0x08009b66   0x08009b66   0x0000001e   Code   RO          975    .text               mc_w.l(llshl.o)
    0x08009b84   0x08009b84   0x00000020   Code   RO          977    .text               mc_w.l(llushr.o)
    0x08009ba4   0x08009ba4   0x00000024   Code   RO          979    .text               mc_w.l(llsshr.o)
    0x08009bc8   0x08009bc8   0x00000024   Code   RO         1009    .text               mc_w.l(memalign.o)
    0x08009bec   0x08009bec   0x00000000   Code   RO         1018    .text               mc_w.l(iusefp.o)
    0x08009bec   0x08009bec   0x0000006e   Code   RO         1019    .text               mf_w.l(fepilogue.o)
    0x08009c5a   0x08009c5a   0x000000ba   Code   RO         1021    .text               mf_w.l(depilogue.o)
    0x08009d14   0x08009d14   0x00000088   Code   RO         1025    .text               mf_w.l(drnd.o)
    0x08009d9c   0x08009d9c   0x00000030   Code   RO         1027    .text               mf_w.l(dfixul.o)
    0x08009dcc   0x08009dcc   0x00000030   Code   RO         1029    .text               mf_w.l(cdcmple.o)
    0x08009dfc   0x08009dfc   0x00000030   Code   RO         1031    .text               mf_w.l(cdrcmple.o)
    0x08009e2c   0x08009e2c   0x00000030   Code   RO         1052    .text               mc_w.l(init.o)
    0x08009e5c   0x08009e5c   0x000000a2   Code   RO         1056    .text               mf_w.l(dsqrt.o)
    0x08009efe   0x08009efe   0x00000002   PAD
    0x08009f00   0x08009f00   0x00000026   Code   RO          510    .text._ZL17operator_new_implj  libcpp_w.l(new.cpp.o)
    0x08009f26   0x08009f26   0x00000002   PAD
    0x08009f28   0x08009f28   0x0000004a   Code   RO          528    .text._ZL25operator_new_aligned_impljSt11align_val_t  libcpp_w.l(new.cpp.o)
    0x08009f72   0x08009f72   0x00000002   PAD
    0x08009f74   0x08009f74   0x000000f8   Code   RO          391    .text._ZN4GPIO6configEP12GPIO_TypeDefj16GPIOMode_TypeDef17GPIOOType_TypeDef17GPIOSpeed_TypeDef16GPIOPuPd_TypeDef  lib.o
    0x0800a06c   0x0800a06c   0x0000001e   Code   RO         1034    .text._ZNSt3__222__libcpp_verbose_abortEPKcz  libcpp_w.l(verbose_abort.cpp.o)
    0x0800a08a   0x0800a08a   0x0000000c   Code   RO          893    .text._ZSt15get_new_handlerv  libcppabi_w.l(cxa_handlers.cpp.o)
    0x0800a096   0x0800a096   0x00000002   PAD
    0x0800a098   0x0800a098   0x00000038   Code   RO          876    .text._ZSt17__throw_bad_allocv  libcpp_w.l(new_helpers.cpp.o)
    0x0800a0d0   0x0800a0d0   0x00000024   Code   RO          508    __lcxx_override     libcpp_w.l(new.cpp.o)
    0x0800a0f4   0x0800a0f4   0x00000020   Code   RO          823    i.__0printf         mc_w.l(printfa.o)
    0x0800a114   0x0800a114   0x00000018   Code   RO          826    i.__0vfprintf       mc_w.l(printfa.o)
    0x0800a12c   0x0800a12c   0x00000024   Code   RO          829    i.__0vsprintf       mc_w.l(printfa.o)
    0x0800a150   0x0800a150   0x00000030   Code   RO          923    i.__ARM_fpclassify  m_wm.l(fpclassify.o)
    0x0800a180   0x0800a180   0x000000a0   Code   RO          993    i.__aligned_malloc  mc_w.l(malloca.o)
    0x0800a220   0x0800a220   0x00000360   Code   RO          547    i.__hardfp_asin     m_wm.l(asin.o)
    0x0800a580   0x0800a580   0x000002d8   Code   RO          896    i.__hardfp_atan     m_wm.l(atan.o)
    0x0800a858   0x0800a858   0x00000200   Code   RO          554    i.__hardfp_atan2    m_wm.l(atan2.o)
    0x0800aa58   0x0800aa58   0x0000016c   Code   RO          560    i.__hardfp_logf     m_wm.l(logf.o)
    0x0800abc4   0x0800abc4   0x00000004   PAD
    0x0800abc8   0x0800abc8   0x000000e0   Code   RO          567    i.__hardfp_round    m_wm.l(round.o)
    0x0800aca8   0x0800aca8   0x000000f8   Code   RO          939    i.__kernel_poly     m_wm.l(poly.o)
    0x0800ada0   0x0800ada0   0x00000006   Code   RO          995    i.__malloc$memalign  mc_w.l(malloca.o)
    0x0800ada6   0x0800ada6   0x00000014   Code   RO          904    i.__mathlib_dbl_infnan  m_wm.l(dunder.o)
    0x0800adba   0x0800adba   0x00000014   Code   RO          905    i.__mathlib_dbl_infnan2  m_wm.l(dunder.o)
    0x0800adce   0x0800adce   0x00000002   PAD
    0x0800add0   0x0800add0   0x00000020   Code   RO          906    i.__mathlib_dbl_invalid  m_wm.l(dunder.o)
    0x0800adf0   0x0800adf0   0x00000020   Code   RO          909    i.__mathlib_dbl_underflow  m_wm.l(dunder.o)
    0x0800ae10   0x0800ae10   0x00000014   Code   RO          925    i.__mathlib_flt_divzero  m_wm.l(funder.o)
    0x0800ae24   0x0800ae24   0x00000006   Code   RO          926    i.__mathlib_flt_infnan  m_wm.l(funder.o)
    0x0800ae2a   0x0800ae2a   0x00000002   PAD
    0x0800ae2c   0x0800ae2c   0x00000010   Code   RO          928    i.__mathlib_flt_invalid  m_wm.l(funder.o)
    0x0800ae3c   0x0800ae3c   0x0000000e   Code   RO         1063    i.__scatterload_copy  mc_w.l(handlers.o)
    0x0800ae4a   0x0800ae4a   0x00000002   Code   RO         1064    i.__scatterload_null  mc_w.l(handlers.o)
    0x0800ae4c   0x0800ae4c   0x0000000e   Code   RO         1065    i.__scatterload_zeroinit  mc_w.l(handlers.o)
    0x0800ae5a   0x0800ae5a   0x00000002   PAD
    0x0800ae5c   0x0800ae5c   0x0000000c   Code   RO         1013    i.__set_errno       mc_w.l(errno.o)
    0x0800ae68   0x0800ae68   0x00000184   Code   RO          830    i._fp_digits        mc_w.l(printfa.o)
    0x0800afec   0x0800afec   0x000006dc   Code   RO          831    i._printf_core      mc_w.l(printfa.o)
    0x0800b6c8   0x0800b6c8   0x00000024   Code   RO          832    i._printf_post_padding  mc_w.l(printfa.o)
    0x0800b6ec   0x0800b6ec   0x0000002e   Code   RO          833    i._printf_pre_padding  mc_w.l(printfa.o)
    0x0800b71a   0x0800b71a   0x0000000a   Code   RO          835    i._sputc            mc_w.l(printfa.o)
    0x0800b724   0x0800b724   0x00000010   Code   RO          898    i.atan              m_wm.l(atan.o)
    0x0800b734   0x0800b734   0x00000018   Code   RO          919    i.fabs              m_wm.l(fabs.o)
    0x0800b74c   0x0800b74c   0x00000024   Code   RO          574    i.puts              mc_w.l(puts.o)
    0x0800b770   0x0800b770   0x0000006e   Code   RO          944    i.sqrt              m_wm.l(sqrt.o)
    0x0800b7de   0x0800b7de   0x00000002   PAD
    0x0800b7e0   0x0800b7e0   0x00000050   Data   RO          550    .constdata          m_wm.l(asin.o)
    0x0800b830   0x0800b830   0x00000040   Data   RO          563    .constdata          m_wm.l(logf.o)
    0x0800b870   0x0800b870   0x00000098   Data   RO          899    .constdata          m_wm.l(atan.o)
    0x0800b908   0x0800b908   0x00000008   Data   RO          941    .constdata          m_wm.l(qnan.o)
    0x0800b910   0x0800b910   0x00000003   Data   RO          477    .rodata..L__const.dmp_set_orientation.accel_axes  inv_mpu_dmp_motion_driver.o
    0x0800b913   0x0800b913   0x00000003   Data   RO          476    .rodata..L__const.dmp_set_orientation.gyro_axes  inv_mpu_dmp_motion_driver.o
    0x0800b916   0x0800b916   0x00000002   PAD
    0x0800b918   0x0800b918   0x0000002c   Data   RO          197    .rodata..Lswitch.table.GPIO_DeInit.1  stm32f4xx_gpio.o
    0x0800b944   0x0800b944   0x0000000c   Data   RO          465    .rodata..Lswitch.table.mpu_lp_motion_interrupt.5  inv_mpu.o
    0x0800b950   0x0800b950   0x00000010   Data   RO           11    .rodata.AHBPrescTable  system_stm32f4xx.o
    0x0800b960   0x0800b960   0x00000010   Data   RO          263    .rodata.APBAHBPrescTable  stm32f4xx_rcc.o
    0x0800b970   0x0800b970   0x000000f5   Data   RO          415    .rodata.OLED_CF16x16  oled_data.o
    0x0800ba65   0x0800ba65   0x0000023a   Data   RO          414    .rodata.OLED_F6x8   oled_data.o
    0x0800bc9f   0x0800bc9f   0x000005f0   Data   RO          413    .rodata.OLED_F8x16  oled_data.o
    0x0800c28f   0x0800c28f   0x00000001   PAD
    0x0800c290   0x0800c290   0x00000020   Data   RO          383    .rodata.cst32       lib.o
    0x0800c2b0   0x0800c2b0   0x00000010   Data   RO          464    .rodata.cst8        inv_mpu.o
    0x0800c2c0   0x0800c2c0   0x00000bf6   Data   RO          475    .rodata.dmp_memory  inv_mpu_dmp_motion_driver.o
    0x0800ceb6   0x0800ceb6   0x0000000c   Data   RO          459    .rodata.hw          inv_mpu.o
    0x0800cec2   0x0800cec2   0x0000001b   Data   RO          458    .rodata.reg         inv_mpu.o
    0x0800cedd   0x0800cedd   0x0000004c   Data   RO          463    .rodata.str1.1      inv_mpu.o
    0x0800cf29   0x0800cf29   0x00000037   Data   RO          499    .rodata.str1.1      test.o
    0x0800cf60   0x0800cf60   0x00000028   Data   RO          460    .rodata.test        inv_mpu.o
    0x0800cf88   0x0800cf88   0x00000020   Data   RO         1062    Region$$Table       anon$$obj.o


    Execution Region ER_RW (Exec base: 0x20000000, Load base: 0x0800cfa8, Size: 0x00000104, Max: 0xffffffff, ABSOLUTE)

    Exec Addr    Load Addr    Size         Type   Attr      Idx    E Section Name        Object

    0x20000000   0x0800cfa8   0x00000004   Data   RW         1014    .data               mc_w.l(errno.o)
    0x20000004   0x0800cfac   0x00000004   Data   RW         1054    .data               mc_w.l(mvars.o)
    0x20000008   0x0800cfb0   0x00000004   Data   RW         1055    .data               mc_w.l(mvars.o)
    0x2000000c   0x0800cfb4   0x00000004   Data   RW         1058    .data               mc_w.l(stderr.o)
    0x20000010   0x0800cfb8   0x00000014   Data   RW          376    .data.ADC_use       lib.o
    0x20000024   0x0800cfcc   0x00000014   Data   RW          380    .data.BLE_use       lib.o
    0x20000038   0x0800cfe0   0x00000014   Data   RW          377    .data.DAC_use       lib.o
    0x2000004c   0x0800cff4   0x00000014   Data   RW          381    .data.Encoder_use   lib.o
    0x20000060   0x0800d008   0x00000014   Data   RW           37    .data.IN1           main.o
    0x20000074   0x0800d01c   0x00000014   Data   RW           38    .data.IN2           main.o
    0x20000088   0x0800d030   0x00000014   Data   RW           39    .data.IN3           main.o
    0x2000009c   0x0800d044   0x00000014   Data   RW           40    .data.IN4           main.o
    0x200000b0   0x0800d058   0x00000014   Data   RW          378    .data.PWM_use       lib.o
    0x200000c4   0x0800d06c   0x00000004   Data   RW           10    .data.SystemCoreClock  system_stm32f4xx.o
    0x200000c8   0x0800d070   0x00000004   Data   RW           35    .data.angle_target  main.o
    0x200000cc   0x0800d074   0x00000009   Data   RW          462    .data.gyro_orientation  inv_mpu.o
    0x200000d5   0x0800d07d   0x00000003   PAD
    0x200000d8   0x0800d080   0x0000002c   Data   RW          461    .data.st            inv_mpu.o


    Execution Region ER_ZI (Exec base: 0x20000108, Load base: 0x0800d0ac, Size: 0x00000aa8, Max: 0xffffffff, ABSOLUTE)

    Exec Addr    Load Addr    Size         Type   Attr      Idx    E Section Name        Object

    0x20000108        -       0x00000004   Zero   RW          382    .bss.ADC_data       lib.o
    0x2000010c        -       0x00000004   Zero   RW           22    .bss.ICAdder_lelf   main.o
    0x20000110        -       0x00000004   Zero   RW           23    .bss.ICAdder_right  main.o
    0x20000114        -       0x00000004   Zero   RW           20    .bss.OCAdder_lelf   main.o
    0x20000118        -       0x00000004   Zero   RW           21    .bss.OCAdder_right  main.o
    0x2000011c        -       0x00000400   Zero   RW          404    .bss.OLED_DisplayBuf  oled.o
    0x2000051c        -       0x00000002   Zero   RW          365    .bss.RX_sign        usart.o
    0x2000051e   0x0800d0ac   0x00000002   PAD
    0x20000520        -       0x00000004   Zero   RW         1050    .bss.__cxa_new_handler  libcppabi_w.l(cxa_default_handlers.cpp.o)
    0x20000524        -       0x00000054   Zero   RW          366    .bss.__stdout       usart.o
    0x20000578        -       0x00000004   Zero   RW          480    .bss.dmp.0          inv_mpu_dmp_motion_driver.o
    0x2000057c        -       0x00000004   Zero   RW          481    .bss.dmp.1          inv_mpu_dmp_motion_driver.o
    0x20000580        -       0x00000002   Zero   RW          482    .bss.dmp.2          inv_mpu_dmp_motion_driver.o
    0x20000582   0x0800d0ac   0x00000002   PAD
    0x20000584        -       0x00000002   Zero   RW          483    .bss.dmp.3          inv_mpu_dmp_motion_driver.o
    0x20000586   0x0800d0ac   0x00000002   PAD
    0x20000588        -       0x00000002   Zero   RW          484    .bss.dmp.4          inv_mpu_dmp_motion_driver.o
    0x2000058a        -       0x00000001   Zero   RW          485    .bss.dmp.5          inv_mpu_dmp_motion_driver.o
    0x2000058b   0x0800d0ac   0x00000001   PAD
    0x2000058c        -       0x00000002   Zero   RW          347    .bss.fac_ms         delay.o
    0x2000058e        -       0x00000001   Zero   RW          346    .bss.fac_us         delay.o
    0x2000058f   0x0800d0ac   0x00000001   PAD
    0x20000590        -       0x00000002   Zero   RW           29    .bss.gx             main.o
    0x20000592        -       0x00000002   Zero   RW           30    .bss.gy             main.o
    0x20000594        -       0x00000002   Zero   RW           31    .bss.gz             main.o
    0x20000596        -       0x00000002   Zero   RW           32    .bss.left_speed     main.o
    0x20000598        -       0x00000004   Zero   RW           24    .bss.pideAdder      main.o
    0x2000059c        -       0x00000004   Zero   RW           25    .bss.pidsAdder      main.o
    0x200005a0        -       0x00000004   Zero   RW           26    .bss.pitch          main.o
    0x200005a4        -       0x00000002   Zero   RW           34    .bss.result         main.o
    0x200005a6        -       0x00000002   Zero   RW           33    .bss.right_speed    main.o
    0x200005a8        -       0x00000004   Zero   RW           27    .bss.roll           main.o
    0x200005ac        -       0x00000004   Zero   RW           28    .bss.yaw            main.o
    0x200005b0        -       0x00000200   Zero   RW           50    HEAP                startup_stm32f40_41xxx.o
    0x200007b0        -       0x00000400   Zero   RW           49    STACK               startup_stm32f40_41xxx.o


==============================================================================

Image component sizes


      Code (inc. data)   RO Data    RW Data    ZI Data      Debug   Object Name

       304          0          0          0          3       1940   delay.o
      9044        200        183         53          0      26709   inv_mpu.o
      3068         68       3068          0         15      10074   inv_mpu_dmp_motion_driver.o
      1646         44         32        100          4      25236   lib.o
      1098         40          0         84         48      22595   main.o
       192          0          0          0          0       3188   misc.o
       904         20          0          0          0       4418   mpu6050.o
       672          0          0          0          0       3161   myiic.o
     10758         64          0          0       1024      33515   oled.o
         0          0       2335          0          0        788   oled_data.o
        36          8        392          0       1536        868   startup_stm32f40_41xxx.o
       912          0          0          0          0       8738   stm32f4xx_adc.o
       484          0          0          0          0       4824   stm32f4xx_dac.o
      1168          0          0          0          0       5923   stm32f4xx_dma.o
       352          0         44          0          0       4268   stm32f4xx_gpio.o
        34          0          0          0          0        788   stm32f4xx_it.o
      1380          0         16          0          0      11671   stm32f4xx_rcc.o
      2854          0          0          0          0      23387   stm32f4xx_tim.o
       970          0          0          0          0       7658   stm32f4xx_usart.o
       386          0         16          4          0       3237   system_stm32f4xx.o
      1368         40         55          0          0      19615   test.o
       428         72          0          0         86       5877   usart.o

    ----------------------------------------------------------------------
     38076        556       6176        244       2724     228478   Object Totals
         0          0         32          0          0          0   (incl. Generated)
        18          0          3          3          8          0   (incl. Padding)

    ----------------------------------------------------------------------

      Code (inc. data)   RO Data    RW Data    ZI Data      Debug   Library Member Name

       148          0          0          0          0        412   new.cpp.o
        56         48          0          0          0         36   new_helpers.cpp.o
        30          0          0          0          0         40   verbose_abort.cpp.o
         0          0          0          0          4          0   cxa_default_handlers.cpp.o
        12          0          0          0          0        132   cxa_handlers.cpp.o
       864         94         80          0          0        280   asin.o
       744        106        152          0          0        352   atan.o
       512         64          0          0          0        208   atan2.o
       104         16          0          0          0        496   dunder.o
        24          0          0          0          0        124   fabs.o
        48          0          0          0          0        124   fpclassify.o
        42         12          0          0          0        348   funder.o
       364         44         64          0          0        140   logf.o
       248          0          0          0          0        152   poly.o
         0          0          8          0          0          0   qnan.o
       224         30          0          0          0        172   round.o
       110          0          0          0          0        148   sqrt.o
         0          0          0          0          0          0   entry.o
         0          0          0          0          0          0   entry10a.o
         0          0          0          0          0          0   entry11a.o
         8          4          0          0          0          0   entry2.o
         4          0          0          0          0          0   entry5.o
         0          0          0          0          0          0   entry7b.o
         0          0          0          0          0          0   entry8b.o
         8          4          0          0          0          0   entry9a.o
        12          6          0          4          0         68   errno.o
        30          0          0          0          0          0   handlers.o
        48         10          0          0          0         68   init.o
         0          0          0          0          0          0   iusefp.o
        98          0          0          0          0         84   ldiv.o
        30          0          0          0          0         68   llshl.o
        36          0          0          0          0         68   llsshr.o
        32          0          0          0          0         68   llushr.o
       166         18          0          0          0        156   malloca.o
        36          0          0          0          0         76   memalign.o
        26          0          0          0          0         80   memcmp.o
        36          0          0          0          0        108   memseta.o
         0          0          0          8          0          0   mvars.o
      2328        100          0          0          0        680   printfa.o
        36          6          0          0          0         80   puts.o
         0          0          0          4          0          0   stderr.o
        28          0          0          0          0         76   strcmp.o
        44          0          0          0          0         80   uidiv.o
        98          0          0          0          0         92   uldiv.o
        48          0          0          0          0         68   cdcmple.o
        48          0          0          0          0         68   cdrcmple.o
        56          0          0          0          0         88   d2f.o
       334          0          0          0          0        148   dadd.o
        54          0          0          0          0         80   dcmpgt.o
        54          0          0          0          0         80   dcmple.o
        54          0          0          0          0         80   dcmplt.o
       222          0          0          0          0        100   ddiv.o
       186          0          0          0          0        176   depilogue.o
        62          0          0          0          0         80   dfixi.o
        50          0          0          0          0         76   dfixui.o
        48          0          0          0          0         68   dfixul.o
        34          0          0          0          0         76   dflti.o
        26          0          0          0          0         76   dfltui.o
       228          0          0          0          0         96   dmul.o
       136          4          0          0          0         92   drnd.o
       162          0          0          0          0        100   dsqrt.o
        38          0          0          0          0         68   f2d.o
       110          0          0          0          0        168   fepilogue.o

    ----------------------------------------------------------------------
      8604        570        304         16          4       6804   Library Totals
        20          4          0          0          0          0   (incl. Padding)

    ----------------------------------------------------------------------

      Code (inc. data)   RO Data    RW Data    ZI Data      Debug   Library Name

       234         48          0          0          0        488   libcpp_w.l
        12          0          0          0          4        132   libcppabi_w.l
      3284        366        304          0          0       2544   m_wm.l
      3104        148          0         16          0       1852   mc_w.l
      1950          4          0          0          0       1788   mf_w.l

    ----------------------------------------------------------------------
      8604        570        304         16          4       6804   Library Totals

    ----------------------------------------------------------------------

==============================================================================


      Code (inc. data)   RO Data    RW Data    ZI Data      Debug   

     46680       1126       6480        260       2728     231398   Grand Totals
     46680       1126       6480        260       2728     231398   ELF Image Totals
     46680       1126       6480        260          0          0   ROM Totals

==============================================================================

    Total RO  Size (Code + RO Data)                53160 (  51.91kB)
    Total RW  Size (RW Data + ZI Data)              2988 (   2.92kB)
    Total ROM Size (Code + RO Data + RW Data)      53420 (  52.17kB)

==============================================================================

