Component: Arm Compiler for Embedded 6.19 Tool: armlink [5e73cb00]

==============================================================================

Section Cross References

    stm32f4xx_it.o(.ARM.exidx) refers to stm32f4xx_it.o(.text) for [Anonymous Symbol]
    system_stm32f4xx.o(.text) refers to system_stm32f4xx.o(.data.SystemCoreClock) for SystemCoreClock
    system_stm32f4xx.o(.text) refers to system_stm32f4xx.o(.rodata.AHBPrescTable) for AHBPrescTable
    system_stm32f4xx.o(.ARM.exidx) refers to system_stm32f4xx.o(.text) for [Anonymous Symbol]
    main.o(.text) refers to delay.o(.text) for delay_init
    main.o(.text) refers to usart.o(.text) for uart_init
    main.o(.text) refers to oled.o(.text) for OLED_Init
    main.o(.text) refers to inv_mpu.o(.text) for mpu_dmp_init
    main.o(.text) refers to stm32f4xx_rcc.o(.text) for RCC_AHB1PeriphClockCmd
    main.o(.text) refers to stm32f4xx_gpio.o(.text) for GPIO_StructInit
    main.o(.text) refers to lib.o(.text) for TIM_config(TIM_TypeDef*, unsigned short, unsigned int, FunctionalState, unsigned char)
    main.o(.text) refers to main.o(.bss.OCAdder_left) for OCAdder_left
    main.o(.text) refers to main.o(.bss.OCAdder_right) for OCAdder_right
    main.o(.text) refers to main.o(.bss.ICAdder_left) for ICAdder_left
    main.o(.text) refers to main.o(.bss.ICAdder_right) for ICAdder_right
    main.o(.text) refers to stm32f4xx_tim.o(.text) for TIM_Cmd
    main.o(.text) refers to main.o(.bss.pitch) for pitch
    main.o(.text) refers to main.o(.bss.roll) for roll
    main.o(.text) refers to main.o(.bss.yaw) for yaw
    main.o(.text) refers to main.o(.bss.left_speed) for left_speed
    main.o(.text) refers to main.o(.bss.right_speed) for right_speed
    main.o(.ARM.exidx) refers to main.o(.text) for [Anonymous Symbol]
    startup_stm32f40_41xxx.o(RESET) refers to startup_stm32f40_41xxx.o(STACK) for __initial_sp
    startup_stm32f40_41xxx.o(RESET) refers to startup_stm32f40_41xxx.o(.text) for Reset_Handler
    startup_stm32f40_41xxx.o(RESET) refers to stm32f4xx_it.o(.text) for NMI_Handler
    startup_stm32f40_41xxx.o(RESET) refers to main.o(.text) for TIM4_IRQHandler
    startup_stm32f40_41xxx.o(.text) refers to system_stm32f4xx.o(.text) for SystemInit
    startup_stm32f40_41xxx.o(.text) refers to entry.o(.ARM.Collect$$$$00000000) for __main
    misc.o(.ARM.exidx) refers to misc.o(.text) for [Anonymous Symbol]
    stm32f4xx_adc.o(.text) refers to stm32f4xx_rcc.o(.text) for RCC_APB2PeriphResetCmd
    stm32f4xx_adc.o(.ARM.exidx) refers to stm32f4xx_adc.o(.text) for [Anonymous Symbol]
    stm32f4xx_can.o(.text) refers to stm32f4xx_rcc.o(.text) for RCC_APB1PeriphResetCmd
    stm32f4xx_can.o(.ARM.exidx) refers to stm32f4xx_can.o(.text) for [Anonymous Symbol]
    stm32f4xx_crc.o(.ARM.exidx) refers to stm32f4xx_crc.o(.text) for [Anonymous Symbol]
    stm32f4xx_cryp.o(.text) refers to stm32f4xx_rcc.o(.text) for RCC_AHB2PeriphResetCmd
    stm32f4xx_cryp.o(.ARM.exidx) refers to stm32f4xx_cryp.o(.text) for [Anonymous Symbol]
    stm32f4xx_cryp_aes.o(.text) refers to stm32f4xx_cryp.o(.text) for CRYP_KeyStructInit
    stm32f4xx_cryp_aes.o(.text) refers to memseta.o(.text) for __aeabi_memclr
    stm32f4xx_cryp_aes.o(.text) refers to memcpya.o(.text) for __aeabi_memcpy
    stm32f4xx_cryp_aes.o(.ARM.exidx) refers to stm32f4xx_cryp_aes.o(.text) for [Anonymous Symbol]
    stm32f4xx_cryp_des.o(.text) refers to stm32f4xx_cryp.o(.text) for CRYP_KeyStructInit
    stm32f4xx_cryp_des.o(.ARM.exidx) refers to stm32f4xx_cryp_des.o(.text) for [Anonymous Symbol]
    stm32f4xx_cryp_tdes.o(.text) refers to stm32f4xx_cryp.o(.text) for CRYP_KeyStructInit
    stm32f4xx_cryp_tdes.o(.ARM.exidx) refers to stm32f4xx_cryp_tdes.o(.text) for [Anonymous Symbol]
    stm32f4xx_dac.o(.text) refers to stm32f4xx_rcc.o(.text) for RCC_APB1PeriphResetCmd
    stm32f4xx_dac.o(.ARM.exidx) refers to stm32f4xx_dac.o(.text) for [Anonymous Symbol]
    stm32f4xx_dbgmcu.o(.ARM.exidx) refers to stm32f4xx_dbgmcu.o(.text) for [Anonymous Symbol]
    stm32f4xx_dcmi.o(.ARM.exidx) refers to stm32f4xx_dcmi.o(.text) for [Anonymous Symbol]
    stm32f4xx_dma2d.o(.text) refers to stm32f4xx_rcc.o(.text) for RCC_AHB1PeriphResetCmd
    stm32f4xx_dma2d.o(.text) refers to memseta.o(.text) for __aeabi_memclr4
    stm32f4xx_dma2d.o(.ARM.exidx) refers to stm32f4xx_dma2d.o(.text) for [Anonymous Symbol]
    stm32f4xx_dma.o(.text) refers to memseta.o(.text) for __aeabi_memclr4
    stm32f4xx_dma.o(.ARM.exidx) refers to stm32f4xx_dma.o(.text) for [Anonymous Symbol]
    stm32f4xx_exti.o(.ARM.exidx) refers to stm32f4xx_exti.o(.text) for [Anonymous Symbol]
    stm32f4xx_flash.o(.ARM.exidx) refers to stm32f4xx_flash.o(.text) for [Anonymous Symbol]
    stm32f4xx_flash_ramfunc.o(.ARM.exidx.RamFunc) refers to stm32f4xx_flash_ramfunc.o(.RamFunc) for [Anonymous Symbol]
    stm32f4xx_fsmc.o(.text) refers to stm32f4xx_fsmc.o(.rodata.FSMC_DefaultTimingStruct) for FSMC_DefaultTimingStruct
[...]
    _printf_c                                0x00000000   Number         0  printfstubs.o ABSOLUTE
    _printf_charcount                        0x00000000   Number         0  printfstubs.o ABSOLUTE
    _printf_d                                0x00000000   Number         0  printfstubs.o ABSOLUTE
    _printf_e                                0x00000000   Number         0  printfstubs.o ABSOLUTE
    _printf_f                                0x00000000   Number         0  printfstubs.o ABSOLUTE
    _printf_flags                            0x00000000   Number         0  printfstubs.o ABSOLUTE
    _printf_fp_dec                           0x00000000   Number         0  printfstubs.o ABSOLUTE
    _printf_fp_hex                           0x00000000   Number         0  printfstubs.o ABSOLUTE
    _printf_g                                0x00000000   Number         0  printfstubs.o ABSOLUTE
    _printf_i                                0x00000000   Number         0  printfstubs.o ABSOLUTE
    _printf_int_dec                          0x00000000   Number         0  printfstubs.o ABSOLUTE
    _printf_l                                0x00000000   Number         0  printfstubs.o ABSOLUTE
    _printf_lc                               0x00000000   Number         0  printfstubs.o ABSOLUTE
    _printf_ll                               0x00000000   Number         0  printfstubs.o ABSOLUTE
    _printf_lld                              0x00000000   Number         0  printfstubs.o ABSOLUTE
    _printf_lli                              0x00000000   Number         0  printfstubs.o ABSOLUTE
    _printf_llo                              0x00000000   Number         0  printfstubs.o ABSOLUTE
    _printf_llu                              0x00000000   Number         0  printfstubs.o ABSOLUTE
    _printf_llx                              0x00000000   Number         0  printfstubs.o ABSOLUTE
    _printf_longlong_dec                     0x00000000   Number         0  printfstubs.o ABSOLUTE
    _printf_longlong_hex                     0x00000000   Number         0  printfstubs.o ABSOLUTE
    _printf_longlong_oct                     0x00000000   Number         0  printfstubs.o ABSOLUTE
    _printf_ls                               0x00000000   Number         0  printfstubs.o ABSOLUTE
    _printf_mbtowc                           0x00000000   Number         0  printfstubs.o ABSOLUTE
    _printf_n                                0x00000000   Number         0  printfstubs.o ABSOLUTE
    _printf_o                                0x00000000   Number         0  printfstubs.o ABSOLUTE
    _printf_p                                0x00000000   Number         0  printfstubs.o ABSOLUTE
    _printf_percent                          0x00000000   Number         0  printfstubs.o ABSOLUTE
    _printf_pre_padding                      0x00000000   Number         0  printfstubs.o ABSOLUTE
    _printf_return_value                     0x00000000   Number         0  printfstubs.o ABSOLUTE
    _printf_s                                0x00000000   Number         0  printfstubs.o ABSOLUTE
    _printf_sizespec                         0x00000000   Number         0  printfstubs.o ABSOLUTE
    _printf_str                              0x00000000   Number         0  printfstubs.o ABSOLUTE
    _printf_truncate_signed                  0x00000000   Number         0  printfstubs.o ABSOLUTE
    _printf_truncate_unsigned                0x00000000   Number         0  printfstubs.o ABSOLUTE
    _printf_u                                0x00000000   Number         0  printfstubs.o ABSOLUTE
    _printf_wc                               0x00000000   Number         0  printfstubs.o ABSOLUTE
    _printf_wctomb                           0x00000000   Number         0  printfstubs.o ABSOLUTE
    _printf_widthprec                        0x00000000   Number         0  printfstubs.o ABSOLUTE
    _printf_x                                0x00000000   Number         0  printfstubs.o ABSOLUTE
    __cpp_initialize__aeabi_                  - Undefined Weak Reference
    __cxa_finalize                            - Undefined Weak Reference
    __decompress                              - Undefined Weak Reference
    _clock_init                               - Undefined Weak Reference
    _microlib_exit                            - Undefined Weak Reference
    __Vectors_Size                           0x00000188   Number         0  startup_stm32f40_41xxx.o ABSOLUTE
    __Vectors                                0x08000000   Data           4  startup_stm32f40_41xxx.o(RESET)
    __Vectors_End                            0x08000188   Data           0  startup_stm32f40_41xxx.o(RESET)
    __main                                   0x08000189   Thumb Code     0  entry.o(.ARM.Collect$$$$00000000)
    _main_stk                                0x08000189   Thumb Code     0  entry2.o(.ARM.Collect$$$$00000001)
    _main_scatterload                        0x0800018d   Thumb Code     0  entry5.o(.ARM.Collect$$$$00000004)
    __main_after_scatterload                 0x08000191   Thumb Code     0  entry5.o(.ARM.Collect$$$$00000004)
    _main_clock                              0x08000191   Thumb Code     0  entry7b.o(.ARM.Collect$$$$00000008)
    _main_cpp_init                           0x08000191   Thumb Code     0  entry8b.o(.ARM.Collect$$$$0000000A)
    _main_init                               0x08000191   Thumb Code     0  entry9a.o(.ARM.Collect$$$$0000000B)
    __rt_final_cpp                           0x08000199   Thumb Code     0  entry10a.o(.ARM.Collect$$$$0000000D)
    __rt_final_exit                          0x08000199   Thumb Code     0  entry11a.o(.ARM.Collect$$$$0000000F)
    NMI_Handler                              0x0800019d   Thumb Code     2  stm32f4xx_it.o(.text)
    HardFault_Handler                        0x080001a1   Thumb Code     2  stm32f4xx_it.o(.text)
    MemManage_Handler                        0x080001a5   Thumb Code     2  stm32f4xx_it.o(.text)
    BusFault_Handler                         0x080001a9   Thumb Code     2  stm32f4xx_it.o(.text)
    UsageFault_Handler                       0x080001ad   Thumb Code     2  stm32f4xx_it.o(.text)
    SVC_Handler                              0x080001b1   Thumb Code     2  stm32f4xx_it.o(.text)
    DebugMon_Handler                         0x080001b5   Thumb Code     2  stm32f4xx_it.o(.text)
    PendSV_Handler                           0x080001b9   Thumb Code     2  stm32f4xx_it.o(.text)
    SysTick_Handler                          0x080001bd   Thumb Code     2  stm32f4xx_it.o(.text)
    SystemInit                               0x080001c1   Thumb Code   250  system_stm32f4xx.o(.text)
    SystemCoreClockUpdate                    0x080002bd   Thumb Code   134  system_stm32f4xx.o(.text)
    main                                     0x08000345   Thumb Code   664  main.o(.text)
    TIM4_IRQHandler                          0x080005ed   Thumb Code    72  main.o(.text)
    Reset_Handler                            0x08000635   Thumb Code     8  startup_stm32f40_41xxx.o(.text)
    ADC_IRQHandler                           0x0800064f   Thumb Code     0  startup_stm32f40_41xxx.o(.text)
    CAN1_RX0_IRQHandler                      0x0800064f   Thumb Code     0  startup_stm32f40_41xxx.o(.text)
    CAN1_RX1_IRQHandler                      0x0800064f   Thumb Code     0  startup_stm32f40_41xxx.o(.text)
    CAN1_SCE_IRQHandler                      0x0800064f   Thumb Code     0  startup_stm32f40_41xxx.o(.text)
    CAN1_TX_IRQHandler                       0x0800064f   Thumb Code     0  startup_stm32f40_41xxx.o(.text)
    CAN2_RX0_IRQHandler                      0x0800064f   Thumb Code     0  startup_stm32f40_41xxx.o(.text)
    CAN2_RX1_IRQHandler                      0x0800064f   Thumb Code     0  startup_stm32f40_41xxx.o(.text)
    CAN2_SCE_IRQHandler                      0x0800064f   Thumb Code     0  startup_stm32f40_41xxx.o(.text)
    CAN2_TX_IRQHandler                       0x0800064f   Thumb Code     0  startup_stm32f40_41xxx.o(.text)
    CRYP_IRQHandler                          0x0800064f   Thumb Code     0  startup_stm32f40_41xxx.o(.text)
    DCMI_IRQHandler                          0x0800064f   Thumb Code     0  startup_stm32f40_41xxx.o(.text)
    DMA1_Stream0_IRQHandler                  0x0800064f   Thumb Code     0  startup_stm32f40_41xxx.o(.text)
    DMA1_Stream1_IRQHandler                  0x0800064f   Thumb Code     0  startup_stm32f40_41xxx.o(.text)
    DMA1_Stream2_IRQHandler                  0x0800064f   Thumb Code     0  startup_stm32f40_41xxx.o(.text)
    DMA1_Stream3_IRQHandler                  0x0800064f   Thumb Code     0  startup_stm32f40_41xxx.o(.text)
    DMA1_Stream4_IRQHandler                  0x0800064f   Thumb Code     0  startup_stm32f40_41xxx.o(.text)
    DMA1_Stream5_IRQHandler                  0x0800064f   Thumb Code     0  startup_stm32f40_41xxx.o(.text)
    DMA1_Stream6_IRQHandler                  0x0800064f   Thumb Code     0  startup_stm32f40_41xxx.o(.text)
    DMA1_Stream7_IRQHandler                  0x0800064f   Thumb Code     0  startup_stm32f40_41xxx.o(.text)
    DMA2_Stream0_IRQHandler                  0x0800064f   Thumb Code     0  startup_stm32f40_41xxx.o(.text)
    DMA2_Stream1_IRQHandler                  0x0800064f   Thumb Code     0  startup_stm32f40_41xxx.o(.text)
    DMA2_Stream2_IRQHandler                  0x0800064f   Thumb Code     0  startup_stm32f40_41xxx.o(.text)
    DMA2_Stream3_IRQHandler                  0x0800064f   Thumb Code     0  startup_stm32f40_41xxx.o(.text)
    DMA2_Stream4_IRQHandler                  0x0800064f   Thumb Code     0  startup_stm32f40_41xxx.o(.text)
    DMA2_Stream5_IRQHandler                  0x0800064f   Thumb Code     0  startup_stm32f40_41xxx.o(.text)
    DMA2_Stream6_IRQHandler                  0x0800064f   Thumb Code     0  startup_stm32f40_41xxx.o(.text)
    DMA2_Stream7_IRQHandler                  0x0800064f   Thumb Code     0  startup_stm32f40_41xxx.o(.text)
    ETH_IRQHandler                           0x0800064f   Thumb Code     0  startup_stm32f40_41xxx.o(.text)
    ETH_WKUP_IRQHandler                      0x0800064f   Thumb Code     0  startup_stm32f40_41xxx.o(.text)
    EXTI0_IRQHandler                         0x0800064f   Thumb Code     0  startup_stm32f40_41xxx.o(.text)
    EXTI15_10_IRQHandler                     0x0800064f   Thumb Code     0  startup_stm32f40_41xxx.o(.text)
    EXTI1_IRQHandler                         0x0800064f   Thumb Code     0  startup_stm32f40_41xxx.o(.text)
    EXTI2_IRQHandler                         0x0800064f   Thumb Code     0  startup_stm32f40_41xxx.o(.text)
    EXTI3_IRQHandler                         0x0800064f   Thumb Code     0  startup_stm32f40_41xxx.o(.text)
    EXTI4_IRQHandler                         0x0800064f   Thumb Code     0  startup_stm32f40_41xxx.o(.text)
    EXTI9_5_IRQHandler                       0x0800064f   Thumb Code     0  startup_stm32f40_41xxx.o(.text)
    FLASH_IRQHandler                         0x0800064f   Thumb Code     0  startup_stm32f40_41xxx.o(.text)
    FPU_IRQHandler                           0x0800064f   Thumb Code     0  startup_stm32f40_41xxx.o(.text)
    FSMC_IRQHandler                          0x0800064f   Thumb Code     0  startup_stm32f40_41xxx.o(.text)
    HASH_RNG_IRQHandler                      0x0800064f   Thumb Code     0  startup_stm32f40_41xxx.o(.text)
    I2C1_ER_IRQHandler                       0x0800064f   Thumb Code     0  startup_stm32f40_41xxx.o(.text)
    I2C1_EV_IRQHandler                       0x0800064f   Thumb Code     0  startup_stm32f40_41xxx.o(.text)
    I2C2_ER_IRQHandler                       0x0800064f   Thumb Code     0  startup_stm32f40_41xxx.o(.text)
    I2C2_EV_IRQHandler                       0x0800064f   Thumb Code     0  startup_stm32f40_41xxx.o(.text)
    I2C3_ER_IRQHandler                       0x0800064f   Thumb Code     0  startup_stm32f40_41xxx.o(.text)
    I2C3_EV_IRQHandler                       0x0800064f   Thumb Code     0  startup_stm32f40_41xxx.o(.text)
    OTG_FS_IRQHandler                        0x0800064f   Thumb Code     0  startup_stm32f40_41xxx.o(.text)
    OTG_FS_WKUP_IRQHandler                   0x0800064f   Thumb Code     0  startup_stm32f40_41xxx.o(.text)
    OTG_HS_EP1_IN_IRQHandler                 0x0800064f   Thumb Code     0  startup_stm32f40_41xxx.o(.text)
    OTG_HS_EP1_OUT_IRQHandler                0x0800064f   Thumb Code     0  startup_stm32f40_41xxx.o(.text)
    OTG_HS_IRQHandler                        0x0800064f   Thumb Code     0  startup_stm32f40_41xxx.o(.text)
    OTG_HS_WKUP_IRQHandler                   0x0800064f   Thumb Code     0  startup_stm32f40_41xxx.o(.text)
    PVD_IRQHandler                           0x0800064f   Thumb Code     0  startup_stm32f40_41xxx.o(.text)
    RCC_IRQHandler                           0x0800064f   Thumb Code     0  startup_stm32f40_41xxx.o(.text)
    RTC_Alarm_IRQHandler                     0x0800064f   Thumb Code     0  startup_stm32f40_41xxx.o(.text)
    RTC_WKUP_IRQHandler                      0x0800064f   Thumb Code     0  startup_stm32f40_41xxx.o(.text)
    SDIO_IRQHandler                          0x0800064f   Thumb Code     0  startup_stm32f40_41xxx.o(.text)
    SPI1_IRQHandler                          0x0800064f   Thumb Code     0  startup_stm32f40_41xxx.o(.text)
    SPI2_IRQHandler                          0x0800064f   Thumb Code     0  startup_stm32f40_41xxx.o(.text)
    SPI3_IRQHandler                          0x0800064f   Thumb Code     0  startup_stm32f40_41xxx.o(.text)
    TAMP_STAMP_IRQHandler                    0x0800064f   Thumb Code     0  startup_stm32f40_41xxx.o(.text)
    TIM1_BRK_TIM9_IRQHandler                 0x0800064f   Thumb Code     0  startup_stm32f40_41xxx.o(.text)
    TIM1_CC_IRQHandler                       0x0800064f   Thumb Code     0  startup_stm32f40_41xxx.o(.text)
    TIM1_TRG_COM_TIM11_IRQHandler            0x0800064f   Thumb Code     0  startup_stm32f40_41xxx.o(.text)
    TIM1_UP_TIM10_IRQHandler                 0x0800064f   Thumb Code     0  startup_stm32f40_41xxx.o(.text)
    TIM2_IRQHandler                          0x0800064f   Thumb Code     0  startup_stm32f40_41xxx.o(.text)
    TIM3_IRQHandler                          0x0800064f   Thumb Code     0  startup_stm32f40_41xxx.o(.text)
    TIM5_IRQHandler                          0x0800064f   Thumb Code     0  startup_stm32f40_41xxx.o(.text)
    TIM6_DAC_IRQHandler                      0x0800064f   Thumb Code     0  startup_stm32f40_41xxx.o(.text)
    TIM7_IRQHandler                          0x0800064f   Thumb Code     0  startup_stm32f40_41xxx.o(.text)
    TIM8_BRK_TIM12_IRQHandler                0x0800064f   Thumb Code     0  startup_stm32f40_41xxx.o(.text)
    TIM8_CC_IRQHandler                       0x0800064f   Thumb Code     0  startup_stm32f40_41xxx.o(.text)
    TIM8_TRG_COM_TIM14_IRQHandler            0x0800064f   Thumb Code     0  startup_stm32f40_41xxx.o(.text)
    TIM8_UP_TIM13_IRQHandler                 0x0800064f   Thumb Code     0  startup_stm32f40_41xxx.o(.text)
    UART4_IRQHandler                         0x0800064f   Thumb Code     0  startup_stm32f40_41xxx.o(.text)
    UART5_IRQHandler                         0x0800064f   Thumb Code     0  startup_stm32f40_41xxx.o(.text)
    USART1_IRQHandler                        0x0800064f   Thumb Code     0  startup_stm32f40_41xxx.o(.text)
    USART2_IRQHandler                        0x0800064f   Thumb Code     0  startup_stm32f40_41xxx.o(.text)
    USART3_IRQHandler                        0x0800064f   Thumb Code     0  startup_stm32f40_41xxx.o(.text)
    USART6_IRQHandler                        0x0800064f   Thumb Code     0  startup_stm32f40_41xxx.o(.text)
    WWDG_IRQHandler                          0x0800064f   Thumb Code     0  startup_stm32f40_41xxx.o(.text)
    NVIC_PriorityGroupConfig                 0x08000659   Thumb Code    20  misc.o(.text)
    NVIC_Init                                0x0800066d   Thumb Code    98  misc.o(.text)
    NVIC_SetVectorTable                      0x080006d1   Thumb Code    24  misc.o(.text)
    NVIC_SystemLPConfig                      0x080006e9   Thumb Code    24  misc.o(.text)
    SysTick_CLKSourceConfig                  0x08000701   Thumb Code    24  misc.o(.text)
    ADC_DeInit                               0x08000719   Thumb Code    26  stm32f4xx_adc.o(.text)
    ADC_Init                                 0x08000735   Thumb Code    88  stm32f4xx_adc.o(.text)
    ADC_StructInit                           0x0800078d   Thumb Code    18  stm32f4xx_adc.o(.text)
    ADC_CommonInit                           0x080007a1   Thumb Code    50  stm32f4xx_adc.o(.text)
    ADC_CommonStructInit                     0x080007d5   Thumb Code    12  stm32f4xx_adc.o(.text)
    ADC_Cmd                                  0x080007e1   Thumb Code    16  stm32f4xx_adc.o(.text)
    ADC_AnalogWatchdogCmd                    0x080007f1   Thumb Code    18  stm32f4xx_adc.o(.text)
    ADC_AnalogWatchdogThresholdsConfig       0x08000805   Thumb Code     6  stm32f4xx_adc.o(.text)
    ADC_AnalogWatchdogSingleChannelConfig    0x0800080d   Thumb Code    12  stm32f4xx_adc.o(.text)
    ADC_TempSensorVrefintCmd                 0x08000819   Thumb Code    26  stm32f4xx_adc.o(.text)
    ADC_VBATCmd                              0x08000835   Thumb Code    26  stm32f4xx_adc.o(.text)
    ADC_RegularChannelConfig                 0x08000851   Thumb Code    96  stm32f4xx_adc.o(.text)
    ADC_SoftwareStartConv                    0x080008b1   Thumb Code    10  stm32f4xx_adc.o(.text)
    ADC_GetSoftwareStartConvStatus           0x080008bd   Thumb Code     8  stm32f4xx_adc.o(.text)
    ADC_EOCOnEachRegularChannelCmd           0x080008c5   Thumb Code    18  stm32f4xx_adc.o(.text)
    ADC_ContinuousModeCmd                    0x080008d9   Thumb Code    16  stm32f4xx_adc.o(.text)
    ADC_DiscModeChannelCountConfig           0x080008e9   Thumb Code    24  stm32f4xx_adc.o(.text)
    ADC_DiscModeCmd                          0x08000901   Thumb Code    18  stm32f4xx_adc.o(.text)
    ADC_GetConversionValue                   0x08000915   Thumb Code     6  stm32f4xx_adc.o(.text)
    ADC_GetMultiModeConversionValue          0x0800091d   Thumb Code    12  stm32f4xx_adc.o(.text)
    ADC_DMACmd                               0x08000929   Thumb Code    18  stm32f4xx_adc.o(.text)
    ADC_DMARequestAfterLastTransferCmd       0x0800093d   Thumb Code    18  stm32f4xx_adc.o(.text)
    ADC_MultiModeDMARequestAfterLastTransferCmd 0x08000951   Thumb Code    26  stm32f4xx_adc.o(.text)
    ADC_InjectedChannelConfig                0x0800096d   Thumb Code    80  stm32f4xx_adc.o(.text)
    ADC_InjectedSequencerLengthConfig        0x080009bd   Thumb Code    22  stm32f4xx_adc.o(.text)
    ADC_SetInjectedOffset                    0x080009d5   Thumb Code    22  stm32f4xx_adc.o(.text)
    ADC_ExternalTrigInjectedConvConfig       0x080009ed   Thumb Code    12  stm32f4xx_adc.o(.text)
    ADC_ExternalTrigInjectedConvEdgeConfig   0x080009f9   Thumb Code    12  stm32f4xx_adc.o(.text)
    ADC_SoftwareStartInjectedConv            0x08000a05   Thumb Code    10  stm32f4xx_adc.o(.text)
    ADC_GetSoftwareStartInjectedConvCmdStatus 0x08000a11   Thumb Code     8  stm32f4xx_adc.o(.text)
    ADC_AutoInjectedConvCmd                  0x08000a19   Thumb Code    18  stm32f4xx_adc.o(.text)
    ADC_InjectedDiscModeCmd                  0x08000a2d   Thumb Code    18  stm32f4xx_adc.o(.text)
    ADC_GetInjectedConversionValue           0x08000a41   Thumb Code    26  stm32f4xx_adc.o(.text)
    ADC_ITConfig                             0x08000a5d   Thumb Code    24  stm32f4xx_adc.o(.text)
    ADC_GetFlagStatus                        0x08000a75   Thumb Code    10  stm32f4xx_adc.o(.text)
    ADC_ClearFlag                            0x08000a81   Thumb Code     6  stm32f4xx_adc.o(.text)
    ADC_GetITStatus                          0x08000a89   Thumb Code    24  stm32f4xx_adc.o(.text)
    ADC_ClearITPendingBit                    0x08000aa1   Thumb Code     8  stm32f4xx_adc.o(.text)
    DAC_DeInit                               0x08000aa9   Thumb Code    26  stm32f4xx_dac.o(.text)
    DAC_Init                                 0x08000ac5   Thumb Code    52  stm32f4xx_dac.o(.text)
    DAC_StructInit                           0x08000af9   Thumb Code    12  stm32f4xx_dac.o(.text)
    DAC_Cmd                                  0x08000b05   Thumb Code    30  stm32f4xx_dac.o(.text)
    DAC_SoftwareTriggerCmd                   0x08000b25   Thumb Code    32  stm32f4xx_dac.o(.text)
    DAC_DualSoftwareTriggerCmd               0x08000b45   Thumb Code    24  stm32f4xx_dac.o(.text)
    DAC_WaveGenerationCmd                    0x08000b5d   Thumb Code    28  stm32f4xx_dac.o(.text)
    DAC_SetChannel1Data                      0x08000b79   Thumb Code    32  stm32f4xx_dac.o(.text)
    DAC_SetChannel2Data                      0x08000b99   Thumb Code    32  stm32f4xx_dac.o(.text)
    DAC_SetDualChannelData                   0x08000bb9   Thumb Code    24  stm32f4xx_dac.o(.text)
    DAC_GetDataOutputValue                   0x08000bd1   Thumb Code    36  stm32f4xx_dac.o(.text)
    DAC_DMACmd                               0x08000bf5   Thumb Code    32  stm32f4xx_dac.o(.text)
    DAC_ITConfig                             0x08000c15   Thumb Code    28  stm32f4xx_dac.o(.text)
    DAC_GetFlagStatus                        0x08000c31   Thumb Code    22  stm32f4xx_dac.o(.text)
    DAC_ClearFlag                            0x08000c49   Thumb Code    16  stm32f4xx_dac.o(.text)
    DAC_GetITStatus                          0x08000c59   Thumb Code    36  stm32f4xx_dac.o(.text)
    DAC_ClearITPendingBit                    0x08000c7d   Thumb Code    16  stm32f4xx_dac.o(.text)
    DMA_DeInit                               0x08000c8d   Thumb Code   600  stm32f4xx_dma.o(.text)
    DMA_Init                                 0x08000ee5   Thumb Code   102  stm32f4xx_dma.o(.text)
    DMA_StructInit                           0x08000f4d   Thumb Code    10  stm32f4xx_dma.o(.text)
    DMA_Cmd                                  0x08000f59   Thumb Code    16  stm32f4xx_dma.o(.text)
    DMA_PeriphIncOffsetSizeConfig            0x08000f69   Thumb Code    18  stm32f4xx_dma.o(.text)
    DMA_FlowControllerConfig                 0x08000f7d   Thumb Code    16  stm32f4xx_dma.o(.text)
    DMA_SetCurrDataCounter                   0x08000f8d   Thumb Code     4  stm32f4xx_dma.o(.text)
    DMA_GetCurrDataCounter                   0x08000f91   Thumb Code     6  stm32f4xx_dma.o(.text)
    DMA_DoubleBufferModeConfig               0x08000f99   Thumb Code    20  stm32f4xx_dma.o(.text)
    DMA_DoubleBufferModeCmd                  0x08000fad   Thumb Code    18  stm32f4xx_dma.o(.text)
    DMA_MemoryTargetConfig                   0x08000fc1   Thumb Code    12  stm32f4xx_dma.o(.text)
    DMA_GetCurrentMemoryTarget               0x08000fcd   Thumb Code     8  stm32f4xx_dma.o(.text)
    DMA_GetCmdStatus                         0x08000fd5   Thumb Code     8  stm32f4xx_dma.o(.text)
    DMA_GetFIFOStatus                        0x08000fdd   Thumb Code     8  stm32f4xx_dma.o(.text)
    DMA_GetFlagStatus                        0x08000fe5   Thumb Code    68  stm32f4xx_dma.o(.text)
    DMA_ClearFlag                            0x08001029   Thumb Code    60  stm32f4xx_dma.o(.text)
    DMA_ITConfig                             0x08001065   Thumb Code    44  stm32f4xx_dma.o(.text)
    DMA_GetITStatus                          0x08001091   Thumb Code   100  stm32f4xx_dma.o(.text)
    DMA_ClearITPendingBit                    0x080010f5   Thumb Code    60  stm32f4xx_dma.o(.text)
    GPIO_DeInit                              0x08001131   Thumb Code    52  stm32f4xx_gpio.o(.text)
    GPIO_Init                                0x08001165   Thumb Code   134  stm32f4xx_gpio.o(.text)
    GPIO_StructInit                          0x080011ed   Thumb Code    12  stm32f4xx_gpio.o(.text)
    GPIO_PinLockConfig                       0x080011f9   Thumb Code    36  stm32f4xx_gpio.o(.text)
    GPIO_ReadInputDataBit                    0x0800121d   Thumb Code    10  stm32f4xx_gpio.o(.text)
    GPIO_ReadInputData                       0x08001229   Thumb Code     6  stm32f4xx_gpio.o(.text)
    GPIO_ReadOutputDataBit                   0x08001231   Thumb Code    10  stm32f4xx_gpio.o(.text)
    GPIO_ReadOutputData                      0x0800123d   Thumb Code     6  stm32f4xx_gpio.o(.text)
    GPIO_SetBits                             0x08001245   Thumb Code     4  stm32f4xx_gpio.o(.text)
    GPIO_ResetBits                           0x08001249   Thumb Code     4  stm32f4xx_gpio.o(.text)
    GPIO_WriteBit                            0x0800124d   Thumb Code    10  stm32f4xx_gpio.o(.text)
    GPIO_Write                               0x08001259   Thumb Code     4  stm32f4xx_gpio.o(.text)
    GPIO_ToggleBits                          0x0800125d   Thumb Code     8  stm32f4xx_gpio.o(.text)
    GPIO_PinAFConfig                         0x08001265   Thumb Code    40  stm32f4xx_gpio.o(.text)
    RCC_DeInit                               0x0800128d   Thumb Code    80  stm32f4xx_rcc.o(.text)
    RCC_HSEConfig                            0x080012dd   Thumb Code    16  stm32f4xx_rcc.o(.text)
    RCC_WaitForHSEStartUp                    0x080012ed   Thumb Code    48  stm32f4xx_rcc.o(.text)
    RCC_GetFlagStatus                        0x0800131d   Thumb Code    38  stm32f4xx_rcc.o(.text)
    RCC_AdjustHSICalibrationValue            0x08001345   Thumb Code    22  stm32f4xx_rcc.o(.text)
    RCC_HSICmd                               0x0800135d   Thumb Code    10  stm32f4xx_rcc.o(.text)
    RCC_LSEConfig                            0x08001369   Thumb Code    30  stm32f4xx_rcc.o(.text)
    RCC_LSICmd                               0x08001389   Thumb Code    12  stm32f4xx_rcc.o(.text)
    RCC_PLLConfig                            0x08001395   Thumb Code    46  stm32f4xx_rcc.o(.text)
    RCC_PLLCmd                               0x080013c5   Thumb Code    10  stm32f4xx_rcc.o(.text)
    RCC_PLLI2SConfig                         0x080013d1   Thumb Code    18  stm32f4xx_rcc.o(.text)
    RCC_PLLI2SCmd                            0x080013e5   Thumb Code    10  stm32f4xx_rcc.o(.text)
    RCC_PLLSAIConfig                         0x080013f1   Thumb Code    22  stm32f4xx_rcc.o(.text)
    RCC_PLLSAICmd                            0x08001409   Thumb Code    10  stm32f4xx_rcc.o(.text)
    RCC_ClockSecuritySystemCmd               0x08001415   Thumb Code    10  stm32f4xx_rcc.o(.text)
    RCC_MCO1Config                           0x08001421   Thumb Code    22  stm32f4xx_rcc.o(.text)
    RCC_MCO2Config                           0x08001439   Thumb Code    22  stm32f4xx_rcc.o(.text)
    RCC_SYSCLKConfig                         0x08001451   Thumb Code    20  stm32f4xx_rcc.o(.text)
    RCC_GetSYSCLKSource                      0x08001465   Thumb Code    16  stm32f4xx_rcc.o(.text)
    RCC_HCLKConfig                           0x08001475   Thumb Code    20  stm32f4xx_rcc.o(.text)
    RCC_PCLK1Config                          0x08001489   Thumb Code    20  stm32f4xx_rcc.o(.text)
    RCC_PCLK2Config                          0x0800149d   Thumb Code    22  stm32f4xx_rcc.o(.text)
    RCC_GetClocksFreq                        0x080014b5   Thumb Code   154  stm32f4xx_rcc.o(.text)
    RCC_RTCCLKConfig                         0x08001551   Thumb Code    50  stm32f4xx_rcc.o(.text)
    RCC_RTCCLKCmd                            0x08001585   Thumb Code    12  stm32f4xx_rcc.o(.text)
    RCC_BackupResetCmd                       0x08001591   Thumb Code    12  stm32f4xx_rcc.o(.text)
    RCC_I2SCLKConfig                         0x0800159d   Thumb Code    12  stm32f4xx_rcc.o(.text)
    RCC_SAIPLLI2SClkDivConfig                0x080015a9   Thumb Code    22  stm32f4xx_rcc.o(.text)
    RCC_SAIPLLSAIClkDivConfig                0x080015c1   Thumb Code    28  stm32f4xx_rcc.o(.text)
    RCC_SAIBlockACLKConfig                   0x080015dd   Thumb Code    20  stm32f4xx_rcc.o(.text)
    RCC_SAIBlockBCLKConfig                   0x080015f1   Thumb Code    20  stm32f4xx_rcc.o(.text)
    RCC_LTDCCLKDivConfig                     0x08001605   Thumb Code    20  stm32f4xx_rcc.o(.text)
    RCC_TIMCLKPresConfig                     0x08001619   Thumb Code    12  stm32f4xx_rcc.o(.text)
    RCC_AHB1PeriphClockCmd                   0x08001625   Thumb Code    24  stm32f4xx_rcc.o(.text)
    RCC_AHB2PeriphClockCmd                   0x0800163d   Thumb Code    24  stm32f4xx_rcc.o(.text)
    RCC_AHB3PeriphClockCmd                   0x08001655   Thumb Code    24  stm32f4xx_rcc.o(.text)
    RCC_APB1PeriphClockCmd                   0x0800166d   Thumb Code    24  stm32f4xx_rcc.o(.text)
    RCC_APB2PeriphClockCmd                   0x08001685   Thumb Code    24  stm32f4xx_rcc.o(.text)
    RCC_AHB1PeriphResetCmd                   0x0800169d   Thumb Code    24  stm32f4xx_rcc.o(.text)
    RCC_AHB2PeriphResetCmd                   0x080016b5   Thumb Code    24  stm32f4xx_rcc.o(.text)
    RCC_AHB3PeriphResetCmd                   0x080016cd   Thumb Code    24  stm32f4xx_rcc.o(.text)
    RCC_APB1PeriphResetCmd                   0x080016e5   Thumb Code    24  stm32f4xx_rcc.o(.text)
    RCC_APB2PeriphResetCmd                   0x080016fd   Thumb Code    24  stm32f4xx_rcc.o(.text)
    RCC_AHB1PeriphClockLPModeCmd             0x08001715   Thumb Code    24  stm32f4xx_rcc.o(.text)
    RCC_AHB2PeriphClockLPModeCmd             0x0800172d   Thumb Code    24  stm32f4xx_rcc.o(.text)
    RCC_AHB3PeriphClockLPModeCmd             0x08001745   Thumb Code    24  stm32f4xx_rcc.o(.text)
    RCC_APB1PeriphClockLPModeCmd             0x0800175d   Thumb Code    24  stm32f4xx_rcc.o(.text)
    RCC_APB2PeriphClockLPModeCmd             0x08001775   Thumb Code    24  stm32f4xx_rcc.o(.text)
    RCC_LSEModeConfig                        0x0800178d   Thumb Code    24  stm32f4xx_rcc.o(.text)
    RCC_ITConfig                             0x080017a5   Thumb Code    24  stm32f4xx_rcc.o(.text)
    RCC_ClearFlag                            0x080017bd   Thumb Code    18  stm32f4xx_rcc.o(.text)
    RCC_GetITStatus                          0x080017d1   Thumb Code    18  stm32f4xx_rcc.o(.text)
    RCC_ClearITPendingBit                    0x080017e5   Thumb Code    12  stm32f4xx_rcc.o(.text)
    TIM_DeInit                               0x080017f1   Thumb Code   434  stm32f4xx_tim.o(.text)
    TIM_TimeBaseInit                         0x080019a5   Thumb Code   146  stm32f4xx_tim.o(.text)
    TIM_TimeBaseStructInit                   0x08001a39   Thumb Code    16  stm32f4xx_tim.o(.text)
    TIM_PrescalerConfig                      0x08001a49   Thumb Code     6  stm32f4xx_tim.o(.text)
    TIM_CounterModeConfig                    0x08001a51   Thumb Code    12  stm32f4xx_tim.o(.text)
    TIM_SetCounter                           0x08001a5d   Thumb Code     4  stm32f4xx_tim.o(.text)
    TIM_SetAutoreload                        0x08001a61   Thumb Code     4  stm32f4xx_tim.o(.text)
    TIM_GetCounter                           0x08001a65   Thumb Code     4  stm32f4xx_tim.o(.text)
    TIM_GetPrescaler                         0x08001a69   Thumb Code     4  stm32f4xx_tim.o(.text)
    TIM_UpdateDisableConfig                  0x08001a6d   Thumb Code    20  stm32f4xx_tim.o(.text)
    TIM_UpdateRequestConfig                  0x08001a81   Thumb Code    20  stm32f4xx_tim.o(.text)
    TIM_ARRPreloadConfig                     0x08001a95   Thumb Code    20  stm32f4xx_tim.o(.text)
    TIM_SelectOnePulseMode                   0x08001aa9   Thumb Code    16  stm32f4xx_tim.o(.text)
    TIM_SetClockDivision                     0x08001ab9   Thumb Code    16  stm32f4xx_tim.o(.text)
    TIM_Cmd                                  0x08001ac9   Thumb Code    18  stm32f4xx_tim.o(.text)
    TIM_OC1Init                              0x08001add   Thumb Code   102  stm32f4xx_tim.o(.text)
    TIM_OC2Init                              0x08001b45   Thumb Code   110  stm32f4xx_tim.o(.text)
    TIM_OC3Init                              0x08001bb5   Thumb Code   110  stm32f4xx_tim.o(.text)
    TIM_OC4Init                              0x08001c25   Thumb Code    82  stm32f4xx_tim.o(.text)
    TIM_OCStructInit                         0x08001c79   Thumb Code    14  stm32f4xx_tim.o(.text)
    TIM_SelectOCxM                           0x08001c89   Thumb Code    88  stm32f4xx_tim.o(.text)
    TIM_SetCompare1                          0x08001ce1   Thumb Code     4  stm32f4xx_tim.o(.text)
    TIM_SetCompare2                          0x08001ce5   Thumb Code     4  stm32f4xx_tim.o(.text)
    TIM_SetCompare3                          0x08001ce9   Thumb Code     4  stm32f4xx_tim.o(.text)
    TIM_SetCompare4                          0x08001ced   Thumb Code     4  stm32f4xx_tim.o(.text)
    TIM_ForcedOC1Config                      0x08001cf1   Thumb Code    12  stm32f4xx_tim.o(.text)
    TIM_ForcedOC2Config                      0x08001cfd   Thumb Code    14  stm32f4xx_tim.o(.text)
    TIM_ForcedOC3Config                      0x08001d0d   Thumb Code    12  stm32f4xx_tim.o(.text)
    TIM_ForcedOC4Config                      0x08001d19   Thumb Code    14  stm32f4xx_tim.o(.text)
    TIM_OC1PreloadConfig                     0x08001d29   Thumb Code    12  stm32f4xx_tim.o(.text)
    TIM_OC2PreloadConfig                     0x08001d35   Thumb Code    14  stm32f4xx_tim.o(.text)
    TIM_OC3PreloadConfig                     0x08001d45   Thumb Code    12  stm32f4xx_tim.o(.text)
    TIM_OC4PreloadConfig                     0x08001d51   Thumb Code    14  stm32f4xx_tim.o(.text)
    TIM_OC1FastConfig                        0x08001d61   Thumb Code    12  stm32f4xx_tim.o(.text)
    TIM_OC2FastConfig                        0x08001d6d   Thumb Code    14  stm32f4xx_tim.o(.text)
    TIM_OC3FastConfig                        0x08001d7d   Thumb Code    12  stm32f4xx_tim.o(.text)
    TIM_OC4FastConfig                        0x08001d89   Thumb Code    14  stm32f4xx_tim.o(.text)
    TIM_ClearOC1Ref                          0x08001d99   Thumb Code    12  stm32f4xx_tim.o(.text)
    TIM_ClearOC2Ref                          0x08001da5   Thumb Code    14  stm32f4xx_tim.o(.text)
    TIM_ClearOC3Ref                          0x08001db5   Thumb Code    12  stm32f4xx_tim.o(.text)
    TIM_ClearOC4Ref                          0x08001dc1   Thumb Code    14  stm32f4xx_tim.o(.text)
    TIM_OC1PolarityConfig                    0x08001dd1   Thumb Code    12  stm32f4xx_tim.o(.text)
    TIM_OC1NPolarityConfig                   0x08001ddd   Thumb Code    12  stm32f4xx_tim.o(.text)
    TIM_OC2PolarityConfig                    0x08001de9   Thumb Code    14  stm32f4xx_tim.o(.text)
    TIM_OC2NPolarityConfig                   0x08001df9   Thumb Code    14  stm32f4xx_tim.o(.text)
    TIM_OC3PolarityConfig                    0x08001e09   Thumb Code    14  stm32f4xx_tim.o(.text)
    TIM_OC3NPolarityConfig                   0x08001e19   Thumb Code    14  stm32f4xx_tim.o(.text)
    TIM_OC4PolarityConfig                    0x08001e29   Thumb Code    14  stm32f4xx_tim.o(.text)
    TIM_CCxCmd                               0x08001e39   Thumb Code    32  stm32f4xx_tim.o(.text)
    TIM_CCxNCmd                              0x08001e59   Thumb Code    32  stm32f4xx_tim.o(.text)
    TIM_ICInit                               0x08001e79   Thumb Code   290  stm32f4xx_tim.o(.text)
    TIM_SetIC1Prescaler                      0x08001f9d   Thumb Code    16  stm32f4xx_tim.o(.text)
    TIM_SetIC2Prescaler                      0x08001fad   Thumb Code    18  stm32f4xx_tim.o(.text)
    TIM_SetIC3Prescaler                      0x08001fc1   Thumb Code    16  stm32f4xx_tim.o(.text)
    TIM_SetIC4Prescaler                      0x08001fd1   Thumb Code    18  stm32f4xx_tim.o(.text)
    TIM_ICStructInit                         0x08001fe5   Thumb Code    12  stm32f4xx_tim.o(.text)
    TIM_PWMIConfig                           0x08001ff1   Thumb Code   250  stm32f4xx_tim.o(.text)
    TIM_GetCapture1                          0x080020ed   Thumb Code     4  stm32f4xx_tim.o(.text)
    TIM_GetCapture2                          0x080020f1   Thumb Code     4  stm32f4xx_tim.o(.text)
    TIM_GetCapture3                          0x080020f5   Thumb Code     4  stm32f4xx_tim.o(.text)
    TIM_GetCapture4                          0x080020f9   Thumb Code     4  stm32f4xx_tim.o(.text)
    TIM_BDTRConfig                           0x080020fd   Thumb Code    40  stm32f4xx_tim.o(.text)
    TIM_BDTRStructInit                       0x08002125   Thumb Code    12  stm32f4xx_tim.o(.text)
    TIM_CtrlPWMOutputs                       0x08002131   Thumb Code    24  stm32f4xx_tim.o(.text)
    TIM_SelectCOM                            0x08002149   Thumb Code    20  stm32f4xx_tim.o(.text)
    TIM_CCPreloadControl                     0x0800215d   Thumb Code    18  stm32f4xx_tim.o(.text)
    TIM_ITConfig                             0x08002171   Thumb Code    16  stm32f4xx_tim.o(.text)
    TIM_GenerateEvent                        0x08002181   Thumb Code     4  stm32f4xx_tim.o(.text)
    TIM_GetFlagStatus                        0x08002185   Thumb Code    10  stm32f4xx_tim.o(.text)
    TIM_ClearFlag                            0x08002191   Thumb Code     6  stm32f4xx_tim.o(.text)
    TIM_GetITStatus                          0x08002199   Thumb Code    24  stm32f4xx_tim.o(.text)
    TIM_ClearITPendingBit                    0x080021b1   Thumb Code     6  stm32f4xx_tim.o(.text)
    TIM_DMAConfig                            0x080021b9   Thumb Code     8  stm32f4xx_tim.o(.text)
    TIM_DMACmd                               0x080021c1   Thumb Code    16  stm32f4xx_tim.o(.text)
    TIM_SelectCCDMA                          0x080021d1   Thumb Code    20  stm32f4xx_tim.o(.text)
    TIM_InternalClockConfig                  0x080021e5   Thumb Code    10  stm32f4xx_tim.o(.text)
    TIM_ITRxExternalClockConfig              0x080021f1   Thumb Code    20  stm32f4xx_tim.o(.text)
    TIM_SelectInputTrigger                   0x08002205   Thumb Code    12  stm32f4xx_tim.o(.text)
    TIM_TIxExternalClockConfig               0x08002211   Thumb Code   114  stm32f4xx_tim.o(.text)
    TIM_ETRClockMode1Config                  0x08002285   Thumb Code    30  stm32f4xx_tim.o(.text)
    TIM_ETRConfig                            0x080022a5   Thumb Code    22  stm32f4xx_tim.o(.text)
    TIM_ETRClockMode2Config                  0x080022bd   Thumb Code    30  stm32f4xx_tim.o(.text)
    TIM_SelectOutputTrigger                  0x080022dd   Thumb Code    16  stm32f4xx_tim.o(.text)
    TIM_SelectSlaveMode                      0x080022ed   Thumb Code    16  stm32f4xx_tim.o(.text)
    TIM_SelectMasterSlaveMode                0x080022fd   Thumb Code    16  stm32f4xx_tim.o(.text)
    TIM_EncoderInterfaceConfig               0x0800230d   Thumb Code    48  stm32f4xx_tim.o(.text)
    TIM_SelectHallSensor                     0x0800233d   Thumb Code    20  stm32f4xx_tim.o(.text)
    TIM_RemapConfig                          0x08002351   Thumb Code     6  stm32f4xx_tim.o(.text)
    USART_DeInit                             0x08002359   Thumb Code   274  stm32f4xx_usart.o(.text)
    USART_Init                               0x0800246d   Thumb Code   186  stm32f4xx_usart.o(.text)
    USART_StructInit                         0x08002529   Thumb Code    18  stm32f4xx_usart.o(.text)
    USART_ClockInit                          0x0800253d   Thumb Code    34  stm32f4xx_usart.o(.text)
    USART_ClockStructInit                    0x08002561   Thumb Code     8  stm32f4xx_usart.o(.text)
    USART_Cmd                                0x08002569   Thumb Code    20  stm32f4xx_usart.o(.text)
    USART_SetPrescaler                       0x0800257d   Thumb Code    16  stm32f4xx_usart.o(.text)
    USART_OverSampling8Cmd                   0x0800258d   Thumb Code    20  stm32f4xx_usart.o(.text)
    USART_OneBitMethodCmd                    0x080025a1   Thumb Code    20  stm32f4xx_usart.o(.text)
    USART_SendData                           0x080025b5   Thumb Code     8  stm32f4xx_usart.o(.text)
    USART_ReceiveData                        0x080025bd   Thumb Code     8  stm32f4xx_usart.o(.text)
    USART_SetAddress                         0x080025c5   Thumb Code    16  stm32f4xx_usart.o(.text)
    USART_ReceiverWakeUpCmd                  0x080025d5   Thumb Code    20  stm32f4xx_usart.o(.text)
    USART_WakeUpConfig                       0x080025e9   Thumb Code    16  stm32f4xx_usart.o(.text)
    USART_LINBreakDetectLengthConfig         0x080025f9   Thumb Code    16  stm32f4xx_usart.o(.text)
    USART_LINCmd                             0x08002609   Thumb Code    20  stm32f4xx_usart.o(.text)
    USART_SendBreak                          0x0800261d   Thumb Code    10  stm32f4xx_usart.o(.text)
    USART_HalfDuplexCmd                      0x08002629   Thumb Code    20  stm32f4xx_usart.o(.text)
    USART_SetGuardTime                       0x0800263d   Thumb Code    16  stm32f4xx_usart.o(.text)
    USART_SmartCardCmd                       0x0800264d   Thumb Code    20  stm32f4xx_usart.o(.text)
    USART_SmartCardNACKCmd                   0x08002661   Thumb Code    20  stm32f4xx_usart.o(.text)
    USART_IrDAConfig                         0x08002675   Thumb Code    16  stm32f4xx_usart.o(.text)
    USART_IrDACmd                            0x08002685   Thumb Code    20  stm32f4xx_usart.o(.text)
    USART_DMACmd                             0x08002699   Thumb Code    16  stm32f4xx_usart.o(.text)
    USART_ITConfig                           0x080026a9   Thumb Code    46  stm32f4xx_usart.o(.text)
    USART_GetFlagStatus                      0x080026d9   Thumb Code    10  stm32f4xx_usart.o(.text)
    USART_ClearFlag                          0x080026e5   Thumb Code     6  stm32f4xx_usart.o(.text)
    USART_GetITStatus                        0x080026ed   Thumb Code    48  stm32f4xx_usart.o(.text)
    USART_ClearITPendingBit                  0x0800271d   Thumb Code    14  stm32f4xx_usart.o(.text)
    delay_init                               0x0800272d   Thumb Code    42  delay.o(.text)
    delay_us                                 0x08002759   Thumb Code    60  delay.o(.text)
    delay_xms                                0x08002795   Thumb Code    60  delay.o(.text)
    delay_ms                                 0x080027d1   Thumb Code   140  delay.o(.text)
    _sys_exit                                0x0800285d   Thumb Code     2  usart.o(.text)
    fputc                                    0x08002861   Thumb Code    20  usart.o(.text)
    uart_init                                0x08002875   Thumb Code   142  usart.o(.text)
    USART1_SEND_DATA_U8                      0x08002905   Thumb Code    34  usart.o(.text)
    USART1_SEND_BUF_U8                       0x08002929   Thumb Code    52  usart.o(.text)
    APB1Periph_map(TIM_TypeDef*)             0x0800295d   Thumb Code    32  lib.o(.text)
    APB2Periph_map(ADC_TypeDef*)             0x0800297d   Thumb Code    24  lib.o(.text)
    IT_config(TIM_TypeDef*, FunctionalState) 0x08002995   Thumb Code     2  lib.o(.text)
    TIM_config(TIM_TypeDef*, unsigned short, unsigned int, FunctionalState, unsigned char) 0x08002999   Thumb Code   126  lib.o(.text)
    ADC_config(GPIO_TypeDef*, unsigned int, ADC_TypeDef*, unsigned char) 0x08002a19   Thumb Code   146  lib.o(.text)
    DAC_config(unsigned int, unsigned int)   0x08002aad   Thumb Code   196  lib.o(.text)
    DMA_config(DMA_Stream_TypeDef*, unsigned int) 0x08002b71   Thumb Code   110  lib.o(.text)
    PWM_config(TIM_TypeDef*, unsigned char, unsigned int, GPIO_TypeDef*, unsigned int, unsigned char) 0x08002be1   Thumb Code   180  lib.o(.text)
    EncoderTIM_config(TIM_TypeDef*, unsigned char, GPIO_TypeDef*, unsigned int, unsigned char, unsigned char, unsigned short, unsigned short) 0x08002c95   Thumb Code   172  lib.o(.text)
    PID_config(PID*)                         0x08002d41   Thumb Code   216  lib.o(.text)
    BLE_config(FunctionalState)              0x08002e19   Thumb Code   182  lib.o(.text)
    OLED_W_D0                                0x08002ed1   Thumb Code    18  oled.o(.text)
    OLED_W_D1                                0x08002ee5   Thumb Code    18  oled.o(.text)
    OLED_W_RES                               0x08002ef9   Thumb Code    18  oled.o(.text)
    OLED_W_DC                                0x08002f0d   Thumb Code    18  oled.o(.text)
    OLED_W_CS                                0x08002f21   Thumb Code    16  oled.o(.text)
    OLED_GPIO_Init                           0x08002f31   Thumb Code   178  oled.o(.text)
    OLED_SPI_SendByte                        0x08002fe5   Thumb Code    66  oled.o(.text)
    OLED_WriteCommand                        0x08003029   Thumb Code   110  oled.o(.text)
    OLED_WriteData                           0x08003099   Thumb Code   130  oled.o(.text)
    OLED_Init                                0x0800311d   Thumb Code   206  oled.o(.text)
    OLED_Clear                               0x080031ed   Thumb Code    20  oled.o(.text)
    OLED_Update                              0x08003201   Thumb Code    54  oled.o(.text)
    OLED_SetCursor                           0x08003239   Thumb Code    32  oled.o(.text)
    OLED_Pow                                 0x08003259   Thumb Code    22  oled.o(.text)
    OLED_pnpoly                              0x08003271   Thumb Code   128  oled.o(.text)
    OLED_IsInAngle                           0x080032f1   Thumb Code   144  oled.o(.text)
    OLED_UpdateArea                          0x08003381   Thumb Code   138  oled.o(.text)
    OLED_ClearArea                           0x0800340d   Thumb Code   116  oled.o(.text)
    OLED_Reverse                             0x08003481   Thumb Code    48  oled.o(.text)
    OLED_ReverseArea                         0x080034b1   Thumb Code   114  oled.o(.text)
    OLED_ShowChar                            0x08003525   Thumb Code    70  oled.o(.text)
    OLED_ShowImage                           0x0800356d   Thumb Code   322  oled.o(.text)
    OLED_ShowString                          0x080036b1   Thumb Code   112  oled.o(.text)
    OLED_ShowNum                             0x08003721   Thumb Code   186  oled.o(.text)
    OLED_ShowSignedNum                       0x080037dd   Thumb Code   316  oled.o(.text)
    OLED_ShowHexNum                          0x08003919   Thumb Code   214  oled.o(.text)
    OLED_ShowBinNum                          0x080039f1   Thumb Code   158  oled.o(.text)
    OLED_ShowFloatNum                        0x08003a91   Thumb Code   736  oled.o(.text)
    OLED_ShowChinese                         0x08003d71   Thumb Code   174  oled.o(.text)
    OLED_Printf                              0x08003e21   Thumb Code   128  oled.o(.text)
    OLED_DrawPoint                           0x08003ea1   Thumb Code    56  oled.o(.text)
    OLED_GetPoint                            0x08003ed9   Thumb Code    50  oled.o(.text)
    OLED_DrawLine                            0x08003f0d   Thumb Code   820  oled.o(.text)
    OLED_DrawRectangle                       0x08004241   Thumb Code   366  oled.o(.text)
    OLED_DrawTriangle                        0x080043b1   Thumb Code   380  oled.o(.text)
    OLED_DrawCircle                          0x0800452d   Thumb Code  1274  oled.o(.text)
    OLED_DrawEllipse                         0x08004a29   Thumb Code  1776  oled.o(.text)
    OLED_DrawArc                             0x08005119   Thumb Code  2576  oled.o(.text)
    MPU_Init                                 0x08005b29   Thumb Code   188  mpu6050.o(.text)
    MPU_Write_Byte                           0x08005be5   Thumb Code    66  mpu6050.o(.text)
    MPU_Set_Gyro_Fsr                         0x08005c29   Thumb Code    10  mpu6050.o(.text)
    MPU_Set_Accel_Fsr                        0x08005c35   Thumb Code    10  mpu6050.o(.text)
    MPU_Set_Rate                             0x08005c41   Thumb Code    88  mpu6050.o(.text)
    MPU_Read_Byte                            0x08005c99   Thumb Code    58  mpu6050.o(.text)
    MPU_Set_LPF                              0x08005cd5   Thumb Code    64  mpu6050.o(.text)
    MPU_Get_Temperature                      0x08005d19   Thumb Code   100  mpu6050.o(.text)
    MPU_Read_Len                             0x08005d7d   Thumb Code    98  mpu6050.o(.text)
    MPU_Get_Gyroscope                        0x08005de1   Thumb Code    64  mpu6050.o(.text)
    MPU_Get_Accelerometer                    0x08005e21   Thumb Code    64  mpu6050.o(.text)
    MPU_Write_Len                            0x08005e61   Thumb Code    88  mpu6050.o(.text)
    IIC_Init                                 0x08005eb9   Thumb Code    60  myiic.o(.text)
    IIC_Start                                0x08005ef5   Thumb Code    60  myiic.o(.text)
    IIC_Stop                                 0x08005f31   Thumb Code    62  myiic.o(.text)
    IIC_Wait_Ack                             0x08005f71   Thumb Code   118  myiic.o(.text)
    IIC_Ack                                  0x08005fe9   Thumb Code    60  myiic.o(.text)
    IIC_NAck                                 0x08006025   Thumb Code    60  myiic.o(.text)
    IIC_Send_Byte                            0x08006061   Thumb Code    96  myiic.o(.text)
    IIC_Read_Byte                            0x080060c1   Thumb Code   152  myiic.o(.text)
    mpu_reg_dump                             0x08006159   Thumb Code    96  inv_mpu.o(.text)
    mpu_read_reg                             0x080061c9   Thumb Code    60  inv_mpu.o(.text)
    mpu_init                                 0x08006205   Thumb Code   400  inv_mpu.o(.text)
    mpu_set_gyro_fsr                         0x080063dd   Thumb Code   128  inv_mpu.o(.text)
    mpu_set_accel_fsr                        0x0800645d   Thumb Code   120  inv_mpu.o(.text)
    mpu_set_lpf                              0x080064d5   Thumb Code   110  inv_mpu.o(.text)
    mpu_set_sample_rate                      0x08006545   Thumb Code   220  inv_mpu.o(.text)
    mpu_configure_fifo                       0x08006621   Thumb Code   152  inv_mpu.o(.text)
    mpu_set_bypass                           0x080066b9   Thumb Code   234  inv_mpu.o(.text)
    mpu_set_sensors                          0x080067a5   Thumb Code   246  inv_mpu.o(.text)
    mpu_lp_accel_mode                        0x0800689d   Thumb Code   480  inv_mpu.o(.text)
    mpu_set_int_latched                      0x08006a7d   Thumb Code   102  inv_mpu.o(.text)
    mpu_get_gyro_reg                         0x08006ae5   Thumb Code    86  inv_mpu.o(.text)
    mget_ms                                  0x08006b3d   Thumb Code     2  inv_mpu.o(.text)
    mpu_get_accel_reg                        0x08006b41   Thumb Code    84  inv_mpu.o(.text)
    mpu_get_temperature                      0x08006b95   Thumb Code   132  inv_mpu.o(.text)
    mpu_set_accel_bias                       0x08006c19   Thumb Code   242  inv_mpu.o(.text)
    mpu_reset_fifo                           0x08006d0d   Thumb Code   384  inv_mpu.o(.text)
    mpu_get_gyro_fsr                         0x08006e8d   Thumb Code    40  inv_mpu.o(.text)
    mpu_get_accel_fsr                        0x08006eb5   Thumb Code    56  inv_mpu.o(.text)
    mpu_get_lpf                              0x08006eed   Thumb Code    44  inv_mpu.o(.text)
    mpu_get_sample_rate                      0x08006f19   Thumb Code    30  inv_mpu.o(.text)
    mpu_get_compass_sample_rate              0x08006f39   Thumb Code    12  inv_mpu.o(.text)
    mpu_set_compass_sample_rate              0x08006f45   Thumb Code     6  inv_mpu.o(.text)
    mpu_get_gyro_sens                        0x08006f4d   Thumb Code    52  inv_mpu.o(.text)
    mpu_get_accel_sens                       0x08006f81   Thumb Code    56  inv_mpu.o(.text)
    mpu_get_fifo_config                      0x08006fb9   Thumb Code    18  inv_mpu.o(.text)
    mpu_get_power_state                      0x08006fcd   Thumb Code    24  inv_mpu.o(.text)
    mpu_get_int_status                       0x08006fe5   Thumb Code    62  inv_mpu.o(.text)
    mpu_read_fifo                            0x08007025   Thumb Code   374  inv_mpu.o(.text)
    mpu_read_fifo_stream                     0x0800719d   Thumb Code   170  inv_mpu.o(.text)
    mpu_set_int_level                        0x08007249   Thumb Code    18  inv_mpu.o(.text)
    mpu_run_self_test                        0x0800725d   Thumb Code  1204  inv_mpu.o(.text)
    mpu_set_dmp_state                        0x08007711   Thumb Code   222  inv_mpu.o(.text)
    mpu_write_mem                            0x08007b49   Thumb Code   100  inv_mpu.o(.text)
    mpu_read_mem                             0x08007bad   Thumb Code   100  inv_mpu.o(.text)
    mpu_load_firmware                        0x08007c11   Thumb Code   366  inv_mpu.o(.text)
    mpu_get_dmp_state                        0x08007d81   Thumb Code    20  inv_mpu.o(.text)
    setup_compass                            0x08007d95   Thumb Code     6  inv_mpu.o(.text)
    mpu_get_compass_reg                      0x08007d9d   Thumb Code     6  inv_mpu.o(.text)
    mpu_get_compass_fsr                      0x08007da5   Thumb Code     6  inv_mpu.o(.text)
    mpu_lp_motion_interrupt                  0x08007dad   Thumb Code   850  inv_mpu.o(.text)
    run_self_test                            0x08008101   Thumb Code   204  inv_mpu.o(.text)
    inv_orientation_matrix_to_scalar         0x080081cd   Thumb Code   180  inv_mpu.o(.text)
    inv_row_2_scale                          0x08008281   Thumb Code    58  inv_mpu.o(.text)
    mpu_dmp_init                             0x080082bd   Thumb Code   242  inv_mpu.o(.text)
    mpu_dmp_get_data                         0x080083b1   Thumb Code   396  inv_mpu.o(.text)
    dmp_load_motion_driver_firmware          0x0800853d   Thumb Code    22  inv_mpu_dmp_motion_driver.o(.text)
    dmp_set_orientation                      0x08008555   Thumb Code   272  inv_mpu_dmp_motion_driver.o(.text)
    dmp_set_gyro_bias                        0x08008665   Thumb Code   222  inv_mpu_dmp_motion_driver.o(.text)
    dmp_set_accel_bias                       0x08008745   Thumb Code   192  inv_mpu_dmp_motion_driver.o(.text)
    dmp_set_fifo_rate                        0x08008805   Thumb Code   110  inv_mpu_dmp_motion_driver.o(.text)
    dmp_get_fifo_rate                        0x08008875   Thumb Code    18  inv_mpu_dmp_motion_driver.o(.text)
    dmp_set_tap_thresh                       0x08008889   Thumb Code   328  inv_mpu_dmp_motion_driver.o(.text)
    dmp_set_tap_axes                         0x080089d1   Thumb Code    62  inv_mpu_dmp_motion_driver.o(.text)
    dmp_set_tap_count                        0x08008a11   Thumb Code    40  inv_mpu_dmp_motion_driver.o(.text)
    dmp_set_tap_time                         0x08008a39   Thumb Code    36  inv_mpu_dmp_motion_driver.o(.text)
    dmp_set_tap_time_multi                   0x08008a5d   Thumb Code    36  inv_mpu_dmp_motion_driver.o(.text)
    dmp_set_shake_reject_thresh              0x08008a81   Thumb Code    44  inv_mpu_dmp_motion_driver.o(.text)
    dmp_set_shake_reject_time                0x08008aad   Thumb Code    36  inv_mpu_dmp_motion_driver.o(.text)
    dmp_set_shake_reject_timeout             0x08008ad1   Thumb Code    36  inv_mpu_dmp_motion_driver.o(.text)
    dmp_get_pedometer_step_count             0x08008af5   Thumb Code    42  inv_mpu_dmp_motion_driver.o(.text)
    dmp_set_pedometer_step_count             0x08008b21   Thumb Code    24  inv_mpu_dmp_motion_driver.o(.text)
    dmp_get_pedometer_walk_time              0x08008b39   Thumb Code    48  inv_mpu_dmp_motion_driver.o(.text)
    dmp_set_pedometer_walk_time              0x08008b69   Thumb Code    38  inv_mpu_dmp_motion_driver.o(.text)
    dmp_enable_feature                       0x08008b91   Thumb Code   688  inv_mpu_dmp_motion_driver.o(.text)
    dmp_enable_gyro_cal                      0x08008e41   Thumb Code    74  inv_mpu_dmp_motion_driver.o(.text)
    dmp_enable_lp_quat                       0x08008e8d   Thumb Code    42  inv_mpu_dmp_motion_driver.o(.text)
    dmp_enable_6x_lp_quat                    0x08008eb9   Thumb Code    42  inv_mpu_dmp_motion_driver.o(.text)
    dmp_get_enabled_features                 0x08008ee5   Thumb Code    18  inv_mpu_dmp_motion_driver.o(.text)
    dmp_set_interrupt_mode                   0x08008ef9   Thumb Code    96  inv_mpu_dmp_motion_driver.o(.text)
    dmp_read_fifo                            0x08008f59   Thumb Code   476  inv_mpu_dmp_motion_driver.o(.text)
    dmp_register_tap_cb                      0x08009135   Thumb Code    16  inv_mpu_dmp_motion_driver.o(.text)
    dmp_register_android_orient_cb           0x08009145   Thumb Code    16  inv_mpu_dmp_motion_driver.o(.text)
    __aeabi_ldivmod                          0x08009155   Thumb Code    98  ldiv.o(.text)
    __aeabi_memset                           0x080091b7   Thumb Code    14  memseta.o(.text)
    __aeabi_memset4                          0x080091b7   Thumb Code     0  memseta.o(.text)
    __aeabi_memset8                          0x080091b7   Thumb Code     0  memseta.o(.text)
    __aeabi_memclr                           0x080091c5   Thumb Code     4  memseta.o(.text)
    __aeabi_memclr4                          0x080091c5   Thumb Code     0  memseta.o(.text)
    __aeabi_memclr8                          0x080091c5   Thumb Code     0  memseta.o(.text)
    _memset$wrapper                          0x080091c9   Thumb Code    18  memseta.o(.text)
    strcmp                                   0x080091db   Thumb Code    28  strcmp.o(.text)
    memcmp                                   0x080091f7   Thumb Code    26  memcmp.o(.text)
    __aeabi_dadd                             0x08009211   Thumb Code   322  dadd.o(.text)
    __aeabi_dsub                             0x08009353   Thumb Code     6  dadd.o(.text)
    __aeabi_drsub                            0x08009359   Thumb Code     6  dadd.o(.text)
    __aeabi_dmul                             0x0800935f   Thumb Code   228  dmul.o(.text)
    __aeabi_ddiv                             0x08009443   Thumb Code   222  ddiv.o(.text)
    __aeabi_dcmple                           0x08009521   Thumb Code    54  dcmple.o(.text)
    __aeabi_dcmplt                           0x08009557   Thumb Code    54  dcmplt.o(.text)
    __aeabi_dcmpgt                           0x0800958d   Thumb Code    54  dcmpgt.o(.text)
    __aeabi_i2d                              0x080095c3   Thumb Code    34  dflti.o(.text)
    __aeabi_ui2d                             0x080095e5   Thumb Code    26  dfltui.o(.text)
    __aeabi_d2iz                             0x080095ff   Thumb Code    62  dfixi.o(.text)
    __aeabi_d2uiz                            0x0800963d   Thumb Code    50  dfixui.o(.text)
    __aeabi_f2d                              0x0800966f   Thumb Code    38  f2d.o(.text)
    __aeabi_d2f                              0x08009695   Thumb Code    56  d2f.o(.text)
    __aeabi_uidiv                            0x080096cd   Thumb Code     0  uidiv.o(.text)
    __aeabi_uidivmod                         0x080096cd   Thumb Code    44  uidiv.o(.text)
    __aeabi_uldivmod                         0x080096f9   Thumb Code    98  uldiv.o(.text)
    __aeabi_llsl                             0x0800975b   Thumb Code    30  llshl.o(.text)
    _ll_shift_l                              0x0800975b   Thumb Code     0  llshl.o(.text)
    __aeabi_llsr                             0x08009779   Thumb Code    32  llushr.o(.text)
    _ll_ushift_r                             0x08009779   Thumb Code     0  llushr.o(.text)
    __aeabi_lasr                             0x08009799   Thumb Code    36  llsshr.o(.text)
    _ll_sshift_r                             0x08009799   Thumb Code     0  llsshr.o(.text)
    __I$use$fp                               0x080097bd   Thumb Code     0  iusefp.o(.text)
    _float_round                             0x080097bd   Thumb Code    18  fepilogue.o(.text)
    _float_epilogue                          0x080097cf   Thumb Code    92  fepilogue.o(.text)
    _double_round                            0x0800982b   Thumb Code    30  depilogue.o(.text)
    _double_epilogue                         0x08009849   Thumb Code   156  depilogue.o(.text)
    _drnd                                    0x080098e5   Thumb Code   132  drnd.o(.text)
    __aeabi_d2ulz                            0x0800996d   Thumb Code    48  dfixul.o(.text)
    __aeabi_cdcmpeq                          0x0800999d   Thumb Code     0  cdcmple.o(.text)
    __aeabi_cdcmple                          0x0800999d   Thumb Code    48  cdcmple.o(.text)
    __aeabi_cdrcmple                         0x080099cd   Thumb Code    48  cdrcmple.o(.text)
    __scatterload                            0x080099fd   Thumb Code    28  init.o(.text)
    __scatterload_rt2                        0x080099fd   Thumb Code     0  init.o(.text)
    _dsqrt                                   0x08009a21   Thumb Code   162  dsqrt.o(.text)
    GPIO::config(GPIO_TypeDef*, unsigned int, GPIOMode_TypeDef, GPIOOType_TypeDef, GPIOSpeed_TypeDef, GPIOPuPd_TypeDef) 0x08009ac5   Thumb Code   220  lib.o(.text._ZN4GPIO6configEP12GPIO_TypeDefj16GPIOMode_TypeDef17GPIOOType_TypeDef17GPIOSpeed_TypeDef16GPIOPuPd_TypeDef)
    std::get_new_handler()                   0x08009bbd   Thumb Code    12  cxa_handlers.cpp.o(.text._ZSt15get_new_handlerv)
    operator new(unsigned int)               0x08009bc9   Thumb Code    38  new.cpp.o(.text._Znwj)
    __0printf                                0x08009bf1   Thumb Code    22  printfa.o(i.__0printf)
    __1printf                                0x08009bf1   Thumb Code     0  printfa.o(i.__0printf)
    __2printf                                0x08009bf1   Thumb Code     0  printfa.o(i.__0printf)
    __c89printf                              0x08009bf1   Thumb Code     0  printfa.o(i.__0printf)
    printf                                   0x08009bf1   Thumb Code     0  printfa.o(i.__0printf)
    __0vsprintf                              0x08009c11   Thumb Code    30  printfa.o(i.__0vsprintf)
    __1vsprintf                              0x08009c11   Thumb Code     0  printfa.o(i.__0vsprintf)
    __2vsprintf                              0x08009c11   Thumb Code     0  printfa.o(i.__0vsprintf)
    __c89vsprintf                            0x08009c11   Thumb Code     0  printfa.o(i.__0vsprintf)
    vsprintf                                 0x08009c11   Thumb Code     0  printfa.o(i.__0vsprintf)
    __ARM_fpclassify                         0x08009c35   Thumb Code    48  fpclassify.o(i.__ARM_fpclassify)
    __aligned_malloc                         0x08009c65   Thumb Code   142  malloca.o(i.__aligned_malloc)
    __hardfp_asin                            0x08009d09   Thumb Code   770  asin.o(i.__hardfp_asin)
    __hardfp_atan                            0x0800a069   Thumb Code   622  atan.o(i.__hardfp_atan)
    __hardfp_atan2                           0x0800a341   Thumb Code   448  atan2.o(i.__hardfp_atan2)
    __hardfp_logf                            0x0800a541   Thumb Code   320  logf.o(i.__hardfp_logf)
    __mathlib_logf                           0x0800a541   Thumb Code     0  logf.o(i.__hardfp_logf)
    __hardfp_round                           0x0800a6b1   Thumb Code   194  round.o(i.__hardfp_round)
    __kernel_poly                            0x0800a791   Thumb Code   248  poly.o(i.__kernel_poly)
    malloc                                   0x0800a889   Thumb Code     6  malloca.o(i.__malloc$memalign)
    __mathlib_dbl_infnan                     0x0800a88f   Thumb Code    20  dunder.o(i.__mathlib_dbl_infnan)
    __mathlib_dbl_infnan2                    0x0800a8a3   Thumb Code    20  dunder.o(i.__mathlib_dbl_infnan2)
    __mathlib_dbl_invalid                    0x0800a8b9   Thumb Code    24  dunder.o(i.__mathlib_dbl_invalid)
    __mathlib_dbl_underflow                  0x0800a8d9   Thumb Code    24  dunder.o(i.__mathlib_dbl_underflow)
    __mathlib_flt_divzero                    0x0800a8f9   Thumb Code    14  funder.o(i.__mathlib_flt_divzero)
    __mathlib_flt_infnan                     0x0800a90d   Thumb Code     6  funder.o(i.__mathlib_flt_infnan)
    __mathlib_flt_invalid                    0x0800a915   Thumb Code    10  funder.o(i.__mathlib_flt_invalid)
    __scatterload_copy                       0x0800a925   Thumb Code    14  handlers.o(i.__scatterload_copy)
    __scatterload_null                       0x0800a933   Thumb Code     2  handlers.o(i.__scatterload_null)
    __scatterload_zeroinit                   0x0800a935   Thumb Code    14  handlers.o(i.__scatterload_zeroinit)
    __set_errno                              0x0800a945   Thumb Code     6  errno.o(i.__set_errno)
    atan                                     0x0800b20d   Thumb Code    16  atan.o(i.atan)
    fabs                                     0x0800b21d   Thumb Code    24  fabs.o(i.fabs)
    puts                                     0x0800b235   Thumb Code    30  puts.o(i.puts)
    sqrt                                     0x0800b259   Thumb Code   110  sqrt.o(i.sqrt)
    __mathlib_zero                           0x0800b3f0   Data           8  qnan.o(.constdata)
    AHBPrescTable                            0x0800b438   Data          16  system_stm32f4xx.o(.rodata.AHBPrescTable)
    OLED_CF16x16                             0x0800b458   Data         385  oled_data.o(.rodata.OLED_CF16x16)
    OLED_F6x8                                0x0800b5d9   Data         570  oled_data.o(.rodata.OLED_F6x8)
    OLED_F8x16                               0x0800b813   Data        1520  oled_data.o(.rodata.OLED_F8x16)
    hw                                       0x0800ca2a   Data          12  inv_mpu.o(.rodata.hw)
    reg                                      0x0800ca36   Data          27  inv_mpu.o(.rodata.reg)
    test                                     0x0800caa0   Data          40  inv_mpu.o(.rodata.test)
    Region$$Table$$Base                      0x0800cac8   Number         0  anon$$obj.o(Region$$Table)
    Region$$Table$$Limit                     0x0800cae8   Number         0  anon$$obj.o(Region$$Table)
    __microlib_freelist                      0x20000004   Data           4  mvars.o(.data)
    __microlib_freelist_initialised          0x20000008   Data           4  mvars.o(.data)
    ADC_use                                  0x2000000c   Data          20  lib.o(.data.ADC_use)
    BLE_use                                  0x20000020   Data          20  lib.o(.data.BLE_use)
    DAC_use                                  0x20000034   Data          20  lib.o(.data.DAC_use)
    Encoder_use                              0x20000048   Data          20  lib.o(.data.Encoder_use)
    PWM_use                                  0x2000005c   Data          20  lib.o(.data.PWM_use)
    SystemCoreClock                          0x20000070   Data           4  system_stm32f4xx.o(.data.SystemCoreClock)
    ADC_data                                 0x200000b0   Data           4  lib.o(.bss.ADC_data)
    ICAdder_left                             0x200000b4   Data           4  main.o(.bss.ICAdder_left)
    ICAdder_right                            0x200000b8   Data           4  main.o(.bss.ICAdder_right)
    OCAdder_left                             0x200000bc   Data           4  main.o(.bss.OCAdder_left)
    OCAdder_right                            0x200000c0   Data           4  main.o(.bss.OCAdder_right)
    OLED_DisplayBuf                          0x200000c4   Data        1024  oled.o(.bss.OLED_DisplayBuf)
    __cxa_new_handler                        0x200004c4   Data           4  cxa_default_handlers.cpp.o(.bss.__cxa_new_handler)
    __stdout                                 0x200004c8   Data          84  usart.o(.bss.__stdout)
    left_speed                               0x20000534   Data           2  main.o(.bss.left_speed)
    pitch                                    0x20000538   Data           4  main.o(.bss.pitch)
    right_speed                              0x2000053c   Data           2  main.o(.bss.right_speed)
    roll                                     0x20000540   Data           4  main.o(.bss.roll)
    yaw                                      0x20000544   Data           4  main.o(.bss.yaw)
    __heap_base                              0x20000548   Data           0  startup_stm32f40_41xxx.o(HEAP)
    __heap_limit                             0x20000748   Data           0  startup_stm32f40_41xxx.o(HEAP)
    __initial_sp                             0x20000b48   Data           0  startup_stm32f40_41xxx.o(STACK)



==============================================================================

Memory Map of the image

  Image Entry point : 0x08000635

  Load Region LR_1 (Base: 0x08000000, Size: 0x0000cb94, Max: 0xffffffff, ABSOLUTE)

    Execution Region ER_RO (Exec base: 0x08000000, Load base: 0x08000000, Size: 0x0000cae8, Max: 0xffffffff, ABSOLUTE)

    Exec Addr    Load Addr    Size         Type   Attr      Idx    E Section Name        Object

    0x08000000   0x08000000   0x00000188   Data   RO           46    RESET               startup_stm32f40_41xxx.o
    0x08000188   0x08000188   0x00000000   Code   RO          560  * .ARM.Collect$$$$00000000  mc_w.l(entry.o)
    0x08000188   0x08000188   0x00000004   Code   RO          932    .ARM.Collect$$$$00000001  mc_w.l(entry2.o)
    0x0800018c   0x0800018c   0x00000004   Code   RO          935    .ARM.Collect$$$$00000004  mc_w.l(entry5.o)
    0x08000190   0x08000190   0x00000000   Code   RO          937    .ARM.Collect$$$$00000008  mc_w.l(entry7b.o)
    0x08000190   0x08000190   0x00000000   Code   RO          939    .ARM.Collect$$$$0000000A  mc_w.l(entry8b.o)
    0x08000190   0x08000190   0x00000008   Code   RO          940    .ARM.Collect$$$$0000000B  mc_w.l(entry9a.o)
    0x08000198   0x08000198   0x00000000   Code   RO          942    .ARM.Collect$$$$0000000D  mc_w.l(entry10a.o)
    0x08000198   0x08000198   0x00000000   Code   RO          944    .ARM.Collect$$$$0000000F  mc_w.l(entry11a.o)
    0x08000198   0x08000198   0x00000004   Code   RO          933    .ARM.Collect$$$$00002712  mc_w.l(entry2.o)
    0x0800019c   0x0800019c   0x00000022   Code   RO            1    .text               stm32f4xx_it.o
    0x080001be   0x080001be   0x00000002   PAD
    0x080001c0   0x080001c0   0x00000182   Code   RO            8    .text               system_stm32f4xx.o
    0x08000342   0x08000342   0x00000002   PAD
    0x08000344   0x08000344   0x000002f0   Code   RO           18    .text               main.o
    0x08000634   0x08000634   0x00000024   Code   RO           47  * .text               startup_stm32f40_41xxx.o
    0x08000658   0x08000658   0x000000c0   Code   RO           53    .text               misc.o
    0x08000718   0x08000718   0x00000390   Code   RO           61    .text               stm32f4xx_adc.o
    0x08000aa8   0x08000aa8   0x000001e4   Code   RO          117    .text               stm32f4xx_dac.o
    0x08000c8c   0x08000c8c   0x000004a4   Code   RO          149    .text               stm32f4xx_dma.o
    0x08001130   0x08001130   0x0000015c   Code   RO          190    .text               stm32f4xx_gpio.o
    0x0800128c   0x0800128c   0x00000564   Code   RO          256    .text               stm32f4xx_rcc.o
    0x080017f0   0x080017f0   0x00000b66   Code   RO          314    .text               stm32f4xx_tim.o
    0x08002356   0x08002356   0x00000002   PAD
    0x08002358   0x08002358   0x000003d2   Code   RO          323    .text               stm32f4xx_usart.o
    0x0800272a   0x0800272a   0x00000002   PAD
    0x0800272c   0x0800272c   0x00000130   Code   RO          339    .text               delay.o
    0x0800285c   0x0800285c   0x00000100   Code   RO          357    .text               usart.o
    0x0800295c   0x0800295c   0x00000572   Code   RO          368    .text               lib.o
    0x08002ece   0x08002ece   0x00000002   PAD
    0x08002ed0   0x08002ed0   0x00002c58   Code   RO          396    .text               oled.o
    0x08005b28   0x08005b28   0x00000390   Code   RO          426    .text               mpu6050.o
    0x08005eb8   0x08005eb8   0x000002a0   Code   RO          442    .text               myiic.o
    0x08006158   0x08006158   0x000023e4   Code   RO          450    .text               inv_mpu.o
    0x0800853c   0x0800853c   0x00000c18   Code   RO          467    .text               inv_mpu_dmp_motion_driver.o
    0x08009154   0x08009154   0x00000062   Code   RO          567    .text               mc_w.l(ldiv.o)
    0x080091b6   0x080091b6   0x00000024   Code   RO          571    .text               mc_w.l(memseta.o)
    0x080091da   0x080091da   0x0000001c   Code   RO          573    .text               mc_w.l(strcmp.o)
    0x080091f6   0x080091f6   0x0000001a   Code   RO          575    .text               mc_w.l(memcmp.o)
    0x08009210   0x08009210   0x0000014e   Code   RO          840    .text               mf_w.l(dadd.o)
    0x0800935e   0x0800935e   0x000000e4   Code   RO          842    .text               mf_w.l(dmul.o)
    0x08009442   0x08009442   0x000000de   Code   RO          844    .text               mf_w.l(ddiv.o)
    0x08009520   0x08009520   0x00000036   Code   RO          846    .text               mf_w.l(dcmple.o)
    0x08009556   0x08009556   0x00000036   Code   RO          848    .text               mf_w.l(dcmplt.o)
    0x0800958c   0x0800958c   0x00000036   Code   RO          850    .text               mf_w.l(dcmpgt.o)
    0x080095c2   0x080095c2   0x00000022   Code   RO          852    .text               mf_w.l(dflti.o)
    0x080095e4   0x080095e4   0x0000001a   Code   RO          854    .text               mf_w.l(dfltui.o)
    0x080095fe   0x080095fe   0x0000003e   Code   RO          856    .text               mf_w.l(dfixi.o)
    0x0800963c   0x0800963c   0x00000032   Code   RO          858    .text               mf_w.l(dfixui.o)
    0x0800966e   0x0800966e   0x00000026   Code   RO          860    .text               mf_w.l(f2d.o)
    0x08009694   0x08009694   0x00000038   Code   RO          862    .text               mf_w.l(d2f.o)
    0x080096cc   0x080096cc   0x0000002c   Code   RO          955    .text               mc_w.l(uidiv.o)
    0x080096f8   0x080096f8   0x00000062   Code   RO          957    .text               mc_w.l(uldiv.o)
    0x0800975a   0x0800975a   0x0000001e   Code   RO          959    .text               mc_w.l(llshl.o)
    0x08009778   0x08009778   0x00000020   Code   RO          961    .text               mc_w.l(llushr.o)
    0x08009798   0x08009798   0x00000024   Code   RO          963    .text               mc_w.l(llsshr.o)
    0x080097bc   0x080097bc   0x00000000   Code   RO         1004    .text               mc_w.l(iusefp.o)
    0x080097bc   0x080097bc   0x0000006e   Code   RO         1005    .text               mf_w.l(fepilogue.o)
    0x0800982a   0x0800982a   0x000000ba   Code   RO         1007    .text               mf_w.l(depilogue.o)
    0x080098e4   0x080098e4   0x00000088   Code   RO         1011    .text               mf_w.l(drnd.o)
    0x0800996c   0x0800996c   0x00000030   Code   RO         1013    .text               mf_w.l(dfixul.o)
    0x0800999c   0x0800999c   0x00000030   Code   RO         1015    .text               mf_w.l(cdcmple.o)
    0x080099cc   0x080099cc   0x00000030   Code   RO         1017    .text               mf_w.l(cdrcmple.o)
    0x080099fc   0x080099fc   0x00000024   Code   RO         1034    .text               mc_w.l(init.o)
    0x08009a20   0x08009a20   0x000000a2   Code   RO         1038    .text               mf_w.l(dsqrt.o)
    0x08009ac2   0x08009ac2   0x00000002   PAD
    0x08009ac4   0x08009ac4   0x000000f8   Code   RO          385    .text._ZN4GPIO6configEP12GPIO_TypeDefj16GPIOMode_TypeDef17GPIOOType_TypeDef17GPIOSpeed_TypeDef16GPIOPuPd_TypeDef  lib.o
    0x08009bbc   0x08009bbc   0x0000000c   Code   RO          877    .text._ZSt15get_new_handlerv  libcppabi_w.l(cxa_handlers.cpp.o)
    0x08009bc8   0x08009bc8   0x00000026   Code   RO          494    .text._Znwj         libcpp_w.l(new.cpp.o)
    0x08009bee   0x08009bee   0x00000002   PAD
    0x08009bf0   0x08009bf0   0x00000020   Code   RO          812    i.__0printf         mc_w.l(printfa.o)
    0x08009c10   0x08009c10   0x00000024   Code   RO          818    i.__0vsprintf       mc_w.l(printfa.o)
    0x08009c34   0x08009c34   0x00000030   Code   RO          907    i.__ARM_fpclassify  m_wm.l(fpclassify.o)
    0x08009c64   0x08009c64   0x000000a0   Code   RO          979    i.__aligned_malloc  mc_w.l(malloca.o)
    0x08009d04   0x08009d04   0x00000004   PAD
    0x08009d08   0x08009d08   0x00000360   Code   RO          536    i.__hardfp_asin     m_wm.l(asin.o)
    0x0800a068   0x0800a068   0x000002d8   Code   RO          880    i.__hardfp_atan     m_wm.l(atan.o)
    0x0800a340   0x0800a340   0x00000200   Code   RO          543    i.__hardfp_atan2    m_wm.l(atan2.o)
    0x0800a540   0x0800a540   0x0000016c   Code   RO          549    i.__hardfp_logf     m_wm.l(logf.o)
    0x0800a6ac   0x0800a6ac   0x00000004   PAD
    0x0800a6b0   0x0800a6b0   0x000000e0   Code   RO          556    i.__hardfp_round    m_wm.l(round.o)
    0x0800a790   0x0800a790   0x000000f8   Code   RO          923    i.__kernel_poly     m_wm.l(poly.o)
    0x0800a888   0x0800a888   0x00000006   Code   RO          981    i.__malloc$memalign  mc_w.l(malloca.o)
    0x0800a88e   0x0800a88e   0x00000014   Code   RO          888    i.__mathlib_dbl_infnan  m_wm.l(dunder.o)
    0x0800a8a2   0x0800a8a2   0x00000014   Code   RO          889    i.__mathlib_dbl_infnan2  m_wm.l(dunder.o)
    0x0800a8b6   0x0800a8b6   0x00000002   PAD
    0x0800a8b8   0x0800a8b8   0x00000020   Code   RO          890    i.__mathlib_dbl_invalid  m_wm.l(dunder.o)
    0x0800a8d8   0x0800a8d8   0x00000020   Code   RO          893    i.__mathlib_dbl_underflow  m_wm.l(dunder.o)
    0x0800a8f8   0x0800a8f8   0x00000014   Code   RO          909    i.__mathlib_flt_divzero  m_wm.l(funder.o)
    0x0800a90c   0x0800a90c   0x00000006   Code   RO          910    i.__mathlib_flt_infnan  m_wm.l(funder.o)
    0x0800a912   0x0800a912   0x00000002   PAD
    0x0800a914   0x0800a914   0x00000010   Code   RO          912    i.__mathlib_flt_invalid  m_wm.l(funder.o)
    0x0800a924   0x0800a924   0x0000000e   Code   RO         1042    i.__scatterload_copy  mc_w.l(handlers.o)
    0x0800a932   0x0800a932   0x00000002   Code   RO         1043    i.__scatterload_null  mc_w.l(handlers.o)
    0x0800a934   0x0800a934   0x0000000e   Code   RO         1044    i.__scatterload_zeroinit  mc_w.l(handlers.o)
    0x0800a942   0x0800a942   0x00000002   PAD
    0x0800a944   0x0800a944   0x0000000c   Code   RO          999    i.__set_errno       mc_w.l(errno.o)
    0x0800a950   0x0800a950   0x00000184   Code   RO          819    i._fp_digits        mc_w.l(printfa.o)
    0x0800aad4   0x0800aad4   0x000006dc   Code   RO          820    i._printf_core      mc_w.l(printfa.o)
    0x0800b1b0   0x0800b1b0   0x00000024   Code   RO          821    i._printf_post_padding  mc_w.l(printfa.o)
    0x0800b1d4   0x0800b1d4   0x0000002e   Code   RO          822    i._printf_pre_padding  mc_w.l(printfa.o)
    0x0800b202   0x0800b202   0x0000000a   Code   RO          824    i._sputc            mc_w.l(printfa.o)
    0x0800b20c   0x0800b20c   0x00000010   Code   RO          882    i.atan              m_wm.l(atan.o)
    0x0800b21c   0x0800b21c   0x00000018   Code   RO          903    i.fabs              m_wm.l(fabs.o)
    0x0800b234   0x0800b234   0x00000024   Code   RO          563    i.puts              mc_w.l(puts.o)
    0x0800b258   0x0800b258   0x0000006e   Code   RO          928    i.sqrt              m_wm.l(sqrt.o)
    0x0800b2c6   0x0800b2c6   0x00000002   PAD
    0x0800b2c8   0x0800b2c8   0x00000050   Data   RO          539    .constdata          m_wm.l(asin.o)
    0x0800b318   0x0800b318   0x00000040   Data   RO          552    .constdata          m_wm.l(logf.o)
    0x0800b358   0x0800b358   0x00000098   Data   RO          883    .constdata          m_wm.l(atan.o)
    0x0800b3f0   0x0800b3f0   0x00000008   Data   RO          925    .constdata          m_wm.l(qnan.o)
    0x0800b3f8   0x0800b3f8   0x00000003   Data   RO          471    .rodata..L__const.dmp_set_orientation.accel_axes  inv_mpu_dmp_motion_driver.o
    0x0800b3fb   0x0800b3fb   0x00000003   Data   RO          470    .rodata..L__const.dmp_set_orientation.gyro_axes  inv_mpu_dmp_motion_driver.o
    0x0800b3fe   0x0800b3fe   0x00000002   PAD
    0x0800b400   0x0800b400   0x0000002c   Data   RO          192    .rodata..Lswitch.table.GPIO_DeInit.1  stm32f4xx_gpio.o
    0x0800b42c   0x0800b42c   0x0000000c   Data   RO          459    .rodata..Lswitch.table.mpu_lp_motion_interrupt.5  inv_mpu.o
    0x0800b438   0x0800b438   0x00000010   Data   RO           11    .rodata.AHBPrescTable  system_stm32f4xx.o
    0x0800b448   0x0800b448   0x00000010   Data   RO          258    .rodata.APBAHBPrescTable  stm32f4xx_rcc.o
    0x0800b458   0x0800b458   0x00000181   Data   RO          409    .rodata.OLED_CF16x16  oled_data.o
    0x0800b5d9   0x0800b5d9   0x0000023a   Data   RO          408    .rodata.OLED_F6x8   oled_data.o
    0x0800b813   0x0800b813   0x000005f0   Data   RO          407    .rodata.OLED_F8x16  oled_data.o
    0x0800be03   0x0800be03   0x00000001   PAD
    0x0800be04   0x0800be04   0x00000020   Data   RO          377    .rodata.cst32       lib.o
    0x0800be24   0x0800be24   0x00000010   Data   RO          458    .rodata.cst8        inv_mpu.o
    0x0800be34   0x0800be34   0x00000bf6   Data   RO          469    .rodata.dmp_memory  inv_mpu_dmp_motion_driver.o
    0x0800ca2a   0x0800ca2a   0x0000000c   Data   RO          453    .rodata.hw          inv_mpu.o
    0x0800ca36   0x0800ca36   0x0000001b   Data   RO          452    .rodata.reg         inv_mpu.o
    0x0800ca51   0x0800ca51   0x0000004c   Data   RO          457    .rodata.str1.1      inv_mpu.o
    0x0800ca9d   0x0800ca9d   0x00000003   PAD
    0x0800caa0   0x0800caa0   0x00000028   Data   RO          454    .rodata.test        inv_mpu.o
    0x0800cac8   0x0800cac8   0x00000020   Data   RO         1041    Region$$Table       anon$$obj.o


    Execution Region ER_RW (Exec base: 0x20000000, Load base: 0x0800cae8, Size: 0x000000ac, Max: 0xffffffff, ABSOLUTE)

    Exec Addr    Load Addr    Size         Type   Attr      Idx    E Section Name        Object

    0x20000000   0x0800cae8   0x00000004   Data   RW         1000    .data               mc_w.l(errno.o)
    0x20000004   0x0800caec   0x00000004   Data   RW         1036    .data               mc_w.l(mvars.o)
    0x20000008   0x0800caf0   0x00000004   Data   RW         1037    .data               mc_w.l(mvars.o)
    0x2000000c   0x0800caf4   0x00000014   Data   RW          370    .data.ADC_use       lib.o
    0x20000020   0x0800cb08   0x00000014   Data   RW          374    .data.BLE_use       lib.o
    0x20000034   0x0800cb1c   0x00000014   Data   RW          371    .data.DAC_use       lib.o
    0x20000048   0x0800cb30   0x00000014   Data   RW          375    .data.Encoder_use   lib.o
    0x2000005c   0x0800cb44   0x00000014   Data   RW          372    .data.PWM_use       lib.o
    0x20000070   0x0800cb58   0x00000004   Data   RW           10    .data.SystemCoreClock  system_stm32f4xx.o
    0x20000074   0x0800cb5c   0x00000009   Data   RW          456    .data.gyro_orientation  inv_mpu.o
    0x2000007d   0x0800cb65   0x00000003   PAD
    0x20000080   0x0800cb68   0x0000002c   Data   RW          455    .data.st            inv_mpu.o


    Execution Region ER_ZI (Exec base: 0x200000b0, Load base: 0x0800cb94, Size: 0x00000a98, Max: 0xffffffff, ABSOLUTE)

    Exec Addr    Load Addr    Size         Type   Attr      Idx    E Section Name        Object

    0x200000b0        -       0x00000004   Zero   RW          376    .bss.ADC_data       lib.o
    0x200000b4        -       0x00000004   Zero   RW           22    .bss.ICAdder_left   main.o
    0x200000b8        -       0x00000004   Zero   RW           23    .bss.ICAdder_right  main.o
    0x200000bc        -       0x00000004   Zero   RW           20    .bss.OCAdder_left   main.o
    0x200000c0        -       0x00000004   Zero   RW           21    .bss.OCAdder_right  main.o
    0x200000c4        -       0x00000400   Zero   RW          398    .bss.OLED_DisplayBuf  oled.o
    0x200004c4        -       0x00000004   Zero   RW         1032    .bss.__cxa_new_handler  libcppabi_w.l(cxa_default_handlers.cpp.o)
    0x200004c8        -       0x00000054   Zero   RW          360    .bss.__stdout       usart.o
    0x2000051c        -       0x00000004   Zero   RW          474    .bss.dmp.0          inv_mpu_dmp_motion_driver.o
    0x20000520        -       0x00000004   Zero   RW          475    .bss.dmp.1          inv_mpu_dmp_motion_driver.o
    0x20000524        -       0x00000002   Zero   RW          476    .bss.dmp.2          inv_mpu_dmp_motion_driver.o
    0x20000526   0x0800cb94   0x00000002   PAD
    0x20000528        -       0x00000002   Zero   RW          477    .bss.dmp.3          inv_mpu_dmp_motion_driver.o
    0x2000052a   0x0800cb94   0x00000002   PAD
    0x2000052c        -       0x00000002   Zero   RW          478    .bss.dmp.4          inv_mpu_dmp_motion_driver.o
    0x2000052e        -       0x00000001   Zero   RW          479    .bss.dmp.5          inv_mpu_dmp_motion_driver.o
    0x2000052f   0x0800cb94   0x00000001   PAD
    0x20000530        -       0x00000002   Zero   RW          342    .bss.fac_ms         delay.o
    0x20000532        -       0x00000001   Zero   RW          341    .bss.fac_us         delay.o
    0x20000533   0x0800cb94   0x00000001   PAD
    0x20000534        -       0x00000002   Zero   RW           27    .bss.left_speed     main.o
    0x20000536   0x0800cb94   0x00000002   PAD
    0x20000538        -       0x00000004   Zero   RW           24    .bss.pitch          main.o
    0x2000053c        -       0x00000002   Zero   RW           28    .bss.right_speed    main.o
    0x2000053e   0x0800cb94   0x00000002   PAD
    0x20000540        -       0x00000004   Zero   RW           25    .bss.roll           main.o
    0x20000544        -       0x00000004   Zero   RW           26    .bss.yaw            main.o
    0x20000548        -       0x00000200   Zero   RW           45    HEAP                startup_stm32f40_41xxx.o
    0x20000748        -       0x00000400   Zero   RW           44    STACK               startup_stm32f40_41xxx.o


==============================================================================

Image component sizes


      Code (inc. data)   RO Data    RW Data    ZI Data      Debug   Object Name

       304          0          0          0          3       1984   delay.o
      9188        204        183         53          0      28126   inv_mpu.o
      3096         68       3068          0         15       9863   inv_mpu_dmp_motion_driver.o
      1642         44         32        100          4      24928   lib.o
       752         16          0          0         32      20227   main.o
       192          0          0          0          0       3137   misc.o
       912         20          0          0          0       4489   mpu6050.o
       672          0          0          0          0       3147   myiic.o
     11352         64          0          0       1024      34004   oled.o
         0          0       2475          0          0        788   oled_data.o
        36          8        392          0       1536        868   startup_stm32f40_41xxx.o
       912          0          0          0          0       8971   stm32f4xx_adc.o
       484          0          0          0          0       4821   stm32f4xx_dac.o
      1188          0          0          0          0       6053   stm32f4xx_dma.o
       348          0         44          0          0       4278   stm32f4xx_gpio.o
        34          0          0          0          0        817   stm32f4xx_it.o
      1380          0         16          0          0      11742   stm32f4xx_rcc.o
      2918          0          0          0          0      23811   stm32f4xx_tim.o
       978          0          0          0          0       7688   stm32f4xx_usart.o
       386          0         16          4          0       3157   system_stm32f4xx.o
       256          0          0          0         84       5662   usart.o

    ----------------------------------------------------------------------
     37040        424       6264        160       2708     208561   Object Totals
         0          0         32          0          0          0   (incl. Generated)
        10          0          6          3         10          0   (incl. Padding)

    ----------------------------------------------------------------------

      Code (inc. data)   RO Data    RW Data    ZI Data      Debug   Library Member Name

        38          0          0          0          0        380   new.cpp.o
         0          0          0          0          4          0   cxa_default_handlers.cpp.o
        12          0          0          0          0        132   cxa_handlers.cpp.o
       864         94         80          0          0        280   asin.o
       744        106        152          0          0        352   atan.o
       512         64          0          0          0        208   atan2.o
       104         16          0          0          0        496   dunder.o
        24          0          0          0          0        124   fabs.o
        48          0          0          0          0        124   fpclassify.o
        42         12          0          0          0        348   funder.o
       364         44         64          0          0        140   logf.o
       248          0          0          0          0        152   poly.o
         0          0          8          0          0          0   qnan.o
       224         30          0          0          0        172   round.o
       110          0          0          0          0        148   sqrt.o
         0          0          0          0          0          0   entry.o
         0          0          0          0          0          0   entry10a.o
         0          0          0          0          0          0   entry11a.o
         8          4          0          0          0          0   entry2.o
         4          0          0          0          0          0   entry5.o
         0          0          0          0          0          0   entry7b.o
         0          0          0          0          0          0   entry8b.o
         8          4          0          0          0          0   entry9a.o
        12          6          0          4          0         68   errno.o
        30          0          0          0          0          0   handlers.o
        36          8          0          0          0         68   init.o
         0          0          0          0          0          0   iusefp.o
        98          0          0          0          0         84   ldiv.o
        30          0          0          0          0         68   llshl.o
        36          0          0          0          0         68   llsshr.o
        32          0          0          0          0         68   llushr.o
       166         18          0          0          0        156   malloca.o
        26          0          0          0          0         80   memcmp.o
        36          0          0          0          0        108   memseta.o
         0          0          0          8          0          0   mvars.o
      2304         96          0          0          0        600   printfa.o
        36          6          0          0          0         80   puts.o
        28          0          0          0          0         76   strcmp.o
        44          0          0          0          0         80   uidiv.o
        98          0          0          0          0         92   uldiv.o
        48          0          0          0          0         68   cdcmple.o
        48          0          0          0          0         68   cdrcmple.o
        56          0          0          0          0         88   d2f.o
       334          0          0          0          0        148   dadd.o
        54          0          0          0          0         80   dcmpgt.o
        54          0          0          0          0         80   dcmple.o
        54          0          0          0          0         80   dcmplt.o
       222          0          0          0          0        100   ddiv.o
       186          0          0          0          0        176   depilogue.o
        62          0          0          0          0         80   dfixi.o
        50          0          0          0          0         76   dfixui.o
        48          0          0          0          0         68   dfixul.o
        34          0          0          0          0         76   dflti.o
        26          0          0          0          0         76   dfltui.o
       228          0          0          0          0         96   dmul.o
       136          4          0          0          0         92   drnd.o
       162          0          0          0          0        100   dsqrt.o
        38          0          0          0          0         68   f2d.o
       110          0          0          0          0        168   fepilogue.o

    ----------------------------------------------------------------------
      8336        520        304         12          4       6540   Library Totals
        20          8          0          0          0          0   (incl. Padding)

    ----------------------------------------------------------------------

      Code (inc. data)   RO Data    RW Data    ZI Data      Debug   Library Name

        38          0          0          0          0        380   libcpp_w.l
        12          0          0          0          4        132   libcppabi_w.l
      3284        366        304          0          0       2544   m_wm.l
      3032        142          0         12          0       1696   mc_w.l
      1950          4          0          0          0       1788   mf_w.l

    ----------------------------------------------------------------------
      8336        520        304         12          4       6540   Library Totals

    ----------------------------------------------------------------------

==============================================================================


      Code (inc. data)   RO Data    RW Data    ZI Data      Debug   

     45376        944       6568        172       2712     211381   Grand Totals
     45376        944       6568        172       2712     211381   ELF Image Totals
     45376        944       6568        172          0          0   ROM Totals

==============================================================================

    Total RO  Size (Code + RO Data)                51944 (  50.73kB)
    Total RW  Size (RW Data + ZI Data)              2884 (   2.82kB)
    Total ROM Size (Code + RO Data + RW Data)      52116 (  50.89kB)

==============================================================================

